187.126.148.1 - - [25/Mar/2013:00:43:03 +0000] "GET /images/lookbook/thumbs/04-006.jpg HTTP/1.1" 200 87398 "http://www.madamems.com.br/lookbook-2013.htm" "Mozilla/5.0 (Windows NT 6.1) AppleWebKit/537.22 (KHTML, like Gecko) Chrome/25.0.1364.172 Safari/537.22"
187.126.148.1 - - [25/Mar/2013:00:43:04 +0000] "GET /images/lookbook/thumbs/05-001.jpg HTTP/1.1" 200 92435 "http://www.madamems.com.br/lookbook-2013.htm" "Mozilla/5.0 (Windows NT 6.1) AppleWebKit/537.22 (KHTML, like Gecko) Chrome/25.0.1364.172 Safari/537.22"
187.126.148.1 - - [25/Mar/2013:00:43:06 +0000] "GET /images/lookbook/thumbs/06-012.jpg HTTP/1.1" 200 94485 "http://www.madamems.com.br/lookbook-2013.htm" "Mozilla/5.0 (Windows NT 6.1) AppleWebKit/537.22 (KHTML, like Gecko) Chrome/25.0.1364.172 Safari/537.22"
187.126.148.1 - - [25/Mar/2013:00:43:07 +0000] "GET /images/lookbook/thumbs/35-011.jpg HTTP/1.1" 200 80008 "http://www.madamems.com.br/lookbook-2013.htm" "Mozilla/5.0 (Windows NT 6.1) AppleWebKit/537.22 (KHTML, like Gecko) Chrome/25.0.1364.172 Safari/537.22"
187.126.148.1 - - [25/Mar/2013:00:43:07 +0000] "GET /images/lookbook/thumbs/36-017.jpg HTTP/1.1" 200 81834 "http://www.madamems.com.br/lookbook-2013.htm" "Mozilla/5.0 (Windows NT 6.1) AppleWebKit/537.22 (KHTML, like Gecko) Chrome/25.0.1364.172 Safari/537.22"
187.126.148.1 - - [25/Mar/2013:00:43:07 +0000] "GET /images/lookbook/thumbs/31-003.jpg HTTP/1.1" 200 87231 "http://www.madamems.com.br/lookbook-2013.htm" "Mozilla/5.0 (Windows NT 6.1) AppleWebKit/537.22 (KHTML, like Gecko) Chrome/25.0.1364.172 Safari/537.22"
187.126.148.1 - - [25/Mar/2013:00:43:09 +0000] "GET /images/lookbook/thumbs/33-002.jpg HTTP/1.1" 200 98084 "http://www.madamems.com.br/lookbook-2013.htm" "Mozilla/5.0 (Windows NT 6.1) AppleWebKit/537.22 (KHTML, like Gecko) Chrome/25.0.1364.172 Safari/537.22"
187.126.148.1 - - [25/Mar/2013:00:43:09 +0000] "GET /images/lookbook/thumbs/19-011.jpg HTTP/1.1" 200 81753 "http://www.madamems.com.br/lookbook-2013.htm" "Mozilla/5.0 (Windows NT 6.1) AppleWebKit/537.22 (KHTML, like Gecko) Chrome/25.0.1364.172 Safari/537.22"
187.126.148.1 - - [25/Mar/2013:00:43:10 +0000] "GET /images/lookbook/thumbs/37-004.jpg HTTP/1.1" 200 91112 "http://www.madamems.com.br/lookbook-2013.htm" "Mozilla/5.0 (Windows NT 6.1) AppleWebKit/537.22 (KHTML, like Gecko) Chrome/25.0.1364.172 Safari/537.22"
187.126.148.1 - - [25/Mar/2013:00:43:10 +0000] "GET /images/lookbook/thumbs/20-021.jpg HTTP/1.1" 200 102439 "http://www.madamems.com.br/lookbook-2013.htm" "Mozilla/5.0 (Windows NT 6.1) AppleWebKit/537.22 (KHTML, like Gecko) Chrome/25.0.1364.172 Safari/537.22"
187.126.148.1 - - [25/Mar/2013:00:43:12 +0000] "GET /images/lookbook/thumbs/11-018.jpg HTTP/1.1" 200 81991 "http://www.madamems.com.br/lookbook-2013.htm" "Mozilla/5.0 (Windows NT 6.1) AppleWebKit/537.22 (KHTML, like Gecko) Chrome/25.0.1364.172 Safari/537.22"
187.126.148.1 - - [25/Mar/2013:00:43:12 +0000] "GET /images/lookbook/thumbs/21-001.jpg HTTP/1.1" 200 89086 "http://www.madamems.com.br/lookbook-2013.htm" "Mozilla/5.0 (Windows NT 6.1) AppleWebKit/537.22 (KHTML, like Gecko) Chrome/25.0.1364.172 Safari/537.22"
187.126.148.1 - - [25/Mar/2013:00:43:13 +0000] "GET /images/lookbook/thumbs/18-002.jpg HTTP/1.1" 200 89781 "http://www.madamems.com.br/lookbook-2013.htm" "Mozilla/5.0 (Windows NT 6.1) AppleWebKit/537.22 (KHTML, like Gecko) Chrome/25.0.1364.172 Safari/537.22"
189.104.223.98 - - [25/Mar/2013:00:43:13 +0000] "GET /blog/wp-content/themes/blogms/style.css HTTP/1.1" 200 3192 "http://madamems.com.br/blog/index.php/10-dicas-de-celebridades-sobre-o-universo-feminino/?ajaxpipe=1&ajaxpipe_token=AXjgmBIsl840nRrQ&quickling[version]=764699%3B0%3B0%3B0&__user=100002608300116&__a=1&__dyn=798aD5z5CF-&__req=jsonp_3&__adt=3" "Mozilla/5.0 (Windows NT 5.1) AppleWebKit/537.22 (KHTML, like Gecko) Chrome/25.0.1364.172 Safari/537.22"
69.171.224.113 - - [25/Mar/2013:00:43:13 +0000] "GET /blog/index.php/10-dicas-de-celebridades-sobre-o-universo-feminino/?ajaxpipe=1&ajaxpipe_token=AXjgmBIsl840nRrQ&quickling%5Bversion%5D=764699%3B0%3B0%3B0&__user=100002608300116&__a=1&__dyn=798aD5z5CF-&__req=jsonp_3&__adt=3 HTTP/1.1" 200 17192 "-" "facebookexternalhit/1.1 ( http://www.facebook.com/externalhit_uatext.php)"
189.104.223.98 - - [25/Mar/2013:00:43:13 +0000] "GET /blog/wp-content/themes/madamems/style.css HTTP/1.1" 200 4048 "http://madamems.com.br/blog/index.php/10-dicas-de-celebridades-sobre-o-universo-feminino/?ajaxpipe=1&ajaxpipe_token=AXjgmBIsl840nRrQ&quickling[version]=764699%3B0%3B0%3B0&__user=100002608300116&__a=1&__dyn=798aD5z5CF-&__req=jsonp_3&__adt=3" "Mozilla/5.0 (Windows NT 5.1) AppleWebKit/537.22 (KHTML, like Gecko) Chrome/25.0.1364.172 Safari/537.22"
69.171.224.113 - - [25/Mar/2013:00:43:13 +0000] "GET /blog/wp-content/themes/madamems/images/facebook-share-button.jpg HTTP/1.1" 206 3167 "-" "facebookexternalhit/1.1 ( http://www.facebook.com/externalhit_uatext.php)"
69.171.224.118 - - [25/Mar/2013:00:43:13 +0000] "GET /blog/wp-content/themes/madamems/images/facebook-logo.jpg HTTP/1.1" 206 1178 "-" "facebookexternalhit/1.1 ( http://www.facebook.com/externalhit_uatext.php)"
69.171.224.118 - - [25/Mar/2013:00:43:13 +0000] "GET /blog/wp-content/uploads/LY_Madame_08_03_Blog_01.jpg HTTP/1.1" 206 7603 "-" "facebookexternalhit/1.1 ( http://www.facebook.com/externalhit_uatext.php)"
69.171.224.118 - - [25/Mar/2013:00:43:14 +0000] "GET /blog/wp-content/uploads/LY_Madame_Promo_15_03_BLog_01-150x150.jpg HTTP/1.1" 206 7617 "-" "facebookexternalhit/1.1 ( http://www.facebook.com/externalhit_uatext.php)"
189.104.223.98 - - [25/Mar/2013:00:43:14 +0000] "GET /blog/index.php/10-dicas-de-celebridades-sobre-o-universo-feminino/?ajaxpipe=1&ajaxpipe_token=AXjgmBIsl840nRrQ&quickling[version]=764699%3B0%3B0%3B0&__user=100002608300116&__a=1&__dyn=798aD5z5CF-&__req=jsonp_3&__adt=3 HTTP/1.1" 200 17639 "http://www.facebook.com/l/0AQEoFsoq/madamems.com.br/blog/index.php/10-dicas-de-celebridades-sobre-o-universo-feminino/?ajaxpipe=1&ajaxpipe_token=AXjgmBIsl840nRrQ&quickling[version]=764699%3B0%3B0%3B0&__user=100002608300116&__a=1&__dyn=798aD5z5CF-&__req=jsonp_3&__adt=3" "Mozilla/5.0 (Windows NT 5.1) AppleWebKit/537.22 (KHTML, like Gecko) Chrome/25.0.1364.172 Safari/537.22"
69.171.224.115 - - [25/Mar/2013:00:43:14 +0000] "GET /blog/wp-content/themes/blogms/images/top-img.jpg HTTP/1.1" 206 7601 "-" "facebookexternalhit/1.1 ( http://www.facebook.com/externalhit_uatext.php)"
69.171.224.119 - - [25/Mar/2013:00:43:14 +0000] "GET /blog/wp-content/uploads/LY_Madame_08_03_Blog_04-2.jpg HTTP/1.1" 206 7606 "-" "facebookexternalhit/1.1 ( http://www.facebook.com/externalhit_uatext.php)"
69.171.224.114 - - [25/Mar/2013:00:43:14 +0000] "GET /blog/wp-content/uploads/LY_Madame_08_03_Blog_03.jpg HTTP/1.1" 206 7604 "-" "facebookexternalhit/1.1 ( http://www.facebook.com/externalhit_uatext.php)"
69.171.224.115 - - [25/Mar/2013:00:43:14 +0000] "GET /images/lookbook/thumbs/10.jpg HTTP/1.1" 206 7582 "-" "facebookexternalhit/1.1 ( http://www.facebook.com/externalhit_uatext.php)"
69.171.224.114 - - [25/Mar/2013:00:43:14 +0000] "GET /blog/wp-content/uploads/ly_madame_19_03_blog01-150x150.jpg HTTP/1.1" 206 7611 "-" "facebookexternalhit/1.1 ( http://www.facebook.com/externalhit_uatext.php)"
69.171.224.114 - - [25/Mar/2013:00:43:14 +0000] "GET /blog/wp-content/uploads/ly_madame_20_03_blog01-150x150.jpg HTTP/1.1" 206 7611 "-" "facebookexternalhit/1.1 ( http://www.facebook.com/externalhit_uatext.php)"
189.104.223.98 - - [25/Mar/2013:00:43:14 +0000] "GET /blog/wp-content/themes/madamems/images/facebook-logo.jpg HTTP/1.1" 200 1497 "http://madamems.com.br/blog/index.php/10-dicas-de-celebridades-sobre-o-universo-feminino/?ajaxpipe=1&ajaxpipe_token=AXjgmBIsl840nRrQ&quickling[version]=764699%3B0%3B0%3B0&__user=100002608300116&__a=1&__dyn=798aD5z5CF-&__req=jsonp_3&__adt=3" "Mozilla/5.0 (Windows NT 5.1) AppleWebKit/537.22 (KHTML, like Gecko) Chrome/25.0.1364.172 Safari/537.22"
189.104.223.98 - - [25/Mar/2013:00:43:14 +0000] "GET /blog/wp-content/themes/blogms/images/tarja.png HTTP/1.1" 200 1286 "http://madamems.com.br/blog/index.php/10-dicas-de-celebridades-sobre-o-universo-feminino/?ajaxpipe=1&ajaxpipe_token=AXjgmBIsl840nRrQ&quickling[version]=764699%3B0%3B0%3B0&__user=100002608300116&__a=1&__dyn=798aD5z5CF-&__req=jsonp_3&__adt=3" "Mozilla/5.0 (Windows NT 5.1) AppleWebKit/537.22 (KHTML, like Gecko) Chrome/25.0.1364.172 Safari/537.22"
187.126.148.1 - - [25/Mar/2013:00:43:14 +0000] "GET /images/lookbook/thumbs/39-013.jpg HTTP/1.1" 200 91141 "http://www.madamems.com.br/lookbook-2013.htm" "Mozilla/5.0 (Windows NT 6.1) AppleWebKit/537.22 (KHTML, like Gecko) Chrome/25.0.1364.172 Safari/537.22"
69.171.224.112 - - [25/Mar/2013:00:43:14 +0000] "GET /blog/wp-content/uploads/LY_Madame_08_03_Blog_02-2.jpg HTTP/1.1" 206 7606 "-" "facebookexternalhit/1.1 ( http://www.facebook.com/externalhit_uatext.php)"
187.126.148.1 - - [25/Mar/2013:00:43:14 +0000] "GET /images/lookbook/thumbs/38-006.jpg HTTP/1.1" 200 85543 "http://www.madamems.com.br/lookbook-2013.htm" "Mozilla/5.0 (Windows NT 6.1) AppleWebKit/537.22 (KHTML, like Gecko) Chrome/25.0.1364.172 Safari/537.22"
189.104.223.98 - - [25/Mar/2013:00:43:14 +0000] "GET /blog/wp-content/themes/blogms/images/top-img.jpg HTTP/1.1" 200 39544 "http://madamems.com.br/blog/index.php/10-dicas-de-celebridades-sobre-o-universo-feminino/?ajaxpipe=1&ajaxpipe_token=AXjgmBIsl840nRrQ&quickling[version]=764699%3B0%3B0%3B0&__user=100002608300116&__a=1&__dyn=798aD5z5CF-&__req=jsonp_3&__adt=3" "Mozilla/5.0 (Windows NT 5.1) AppleWebKit/537.22 (KHTML, like Gecko) Chrome/25.0.1364.172 Safari/537.22"
187.126.148.1 - - [25/Mar/2013:00:43:14 +0000] "GET /images/lookbook/thumbs/17-023.jpg HTTP/1.1" 200 72634 "http://www.madamems.com.br/lookbook-2013.htm" "Mozilla/5.0 (Windows NT 6.1) AppleWebKit/537.22 (KHTML, like Gecko) Chrome/25.0.1364.172 Safari/537.22"
189.104.223.98 - - [25/Mar/2013:00:43:15 +0000] "GET /blog/wp-content/themes/madamems/images/facebook-share-button.jpg HTTP/1.1" 200 3484 "http://madamems.com.br/blog/index.php/10-dicas-de-celebridades-sobre-o-universo-feminino/?ajaxpipe=1&ajaxpipe_token=AXjgmBIsl840nRrQ&quickling[version]=764699%3B0%3B0%3B0&__user=100002608300116&__a=1&__dyn=798aD5z5CF-&__req=jsonp_3&__adt=3" "Mozilla/5.0 (Windows NT 5.1) AppleWebKit/537.22 (KHTML, like Gecko) Chrome/25.0.1364.172 Safari/537.22"
189.104.223.98 - - [25/Mar/2013:00:43:15 +0000] "GET /blog/wp-content/themes/blogms/font/champagne__limousines_bold-webfont.woff HTTP/1.1" 200 22330 "http://madamems.com.br/blog/index.php/10-dicas-de-celebridades-sobre-o-universo-feminino/?ajaxpipe=1&ajaxpipe_token=AXjgmBIsl840nRrQ&quickling[version]=764699%3B0%3B0%3B0&__user=100002608300116&__a=1&__dyn=798aD5z5CF-&__req=jsonp_3&__adt=3" "Mozilla/5.0 (Windows NT 5.1) AppleWebKit/537.22 (KHTML, like Gecko) Chrome/25.0.1364.172 Safari/537.22"
69.171.230.244 - - [25/Mar/2013:00:43:15 +0000] "GET /blog/wp-content/uploads/LY_Madame_Promo_15_03_BLog_01-150x150.jpg HTTP/1.1" 206 8740 "-" "facebookexternalhit/1.1 ( http://www.facebook.com/externalhit_uatext.php)"
69.171.230.247 - - [25/Mar/2013:00:43:15 +0000] "GET /blog/wp-content/uploads/ly_madame_20_03_blog01-150x150.jpg HTTP/1.1" 206 12274 "-" "facebookexternalhit/1.1 ( http://www.facebook.com/externalhit_uatext.php)"
69.171.230.249 - - [25/Mar/2013:00:43:15 +0000] "GET /blog/wp-content/uploads/ly_madame_19_03_blog01-150x150.jpg HTTP/1.1" 206 11148 "-" "facebookexternalhit/1.1 ( http://www.facebook.com/externalhit_uatext.php)"
69.171.230.248 - - [25/Mar/2013:00:43:15 +0000] "GET /blog/wp-content/themes/blogms/images/top-img.jpg HTTP/1.1" 206 39232 "-" "facebookexternalhit/1.1 ( http://www.facebook.com/externalhit_uatext.php)"
69.171.230.249 - - [25/Mar/2013:00:43:15 +0000] "GET /blog/wp-content/uploads/LY_Madame_08_03_Blog_04-2.jpg HTTP/1.1" 206 58324 "-" "facebookexternalhit/1.1 ( http://www.facebook.com/externalhit_uatext.php)"
69.171.224.116 - - [25/Mar/2013:00:43:15 +0000] "GET /blog/wp-content/uploads/LY_Madame_Promo_15_03_BLog_01-150x150.jpg HTTP/1.1" 206 8740 "-" "facebookexternalhit/1.1 ( http://www.facebook.com/externalhit_uatext.php)"
69.171.230.250 - - [25/Mar/2013:00:43:15 +0000] "GET /images/lookbook/thumbs/10.jpg HTTP/1.1" 206 97574 "-" "facebookexternalhit/1.1 ( http://www.facebook.com/externalhit_uatext.php)"
69.171.230.246 - - [25/Mar/2013:00:43:15 +0000] "GET /blog/wp-content/uploads/LY_Madame_08_03_Blog_02-2.jpg HTTP/1.1" 206 80403 "-" "facebookexternalhit/1.1 ( http://www.facebook.com/externalhit_uatext.php)"
69.171.230.248 - - [25/Mar/2013:00:43:15 +0000] "GET /blog/wp-content/uploads/LY_Madame_08_03_Blog_03.jpg HTTP/1.1" 206 126061 "-" "facebookexternalhit/1.1 ( http://www.facebook.com/externalhit_uatext.php)"
69.171.230.248 - - [25/Mar/2013:00:43:15 +0000] "GET /blog/wp-content/uploads/LY_Madame_08_03_Blog_01.jpg HTTP/1.1" 206 75035 "-" "facebookexternalhit/1.1 ( http://www.facebook.com/externalhit_uatext.php)"
187.126.148.1 - - [25/Mar/2013:00:43:16 +0000] "GET /images/lookbook/thumbs/32-001.jpg HTTP/1.1" 200 82330 "http://www.madamems.com.br/lookbook-2013.htm" "Mozilla/5.0 (Windows NT 6.1) AppleWebKit/537.22 (KHTML, like Gecko) Chrome/25.0.1364.172 Safari/537.22"
187.126.148.1 - - [25/Mar/2013:00:43:16 +0000] "GET /images/lookbook/thumbs/23-025.jpg HTTP/1.1" 200 107341 "http://www.madamems.com.br/lookbook-2013.htm" "Mozilla/5.0 (Windows NT 6.1) AppleWebKit/537.22 (KHTML, like Gecko) Chrome/25.0.1364.172 Safari/537.22"
189.104.223.98 - - [25/Mar/2013:00:43:16 +0000] "GET /blog/wp-content/uploads/ly_madame_20_03_blog01-150x150.jpg HTTP/1.1" 200 12895 "http://madamems.com.br/blog/index.php/10-dicas-de-celebridades-sobre-o-universo-feminino/?ajaxpipe=1&ajaxpipe_token=AXjgmBIsl840nRrQ&quickling[version]=764699%3B0%3B0%3B0&__user=100002608300116&__a=1&__dyn=798aD5z5CF-&__req=jsonp_3&__adt=3" "Mozilla/5.0 (Windows NT 5.1) AppleWebKit/537.22 (KHTML, like Gecko) Chrome/25.0.1364.172 Safari/537.22"
187.126.148.1 - - [25/Mar/2013:00:43:18 +0000] "GET /images/lookbook/thumbs/08-007.jpg HTTP/1.1" 200 82978 "http://www.madamems.com.br/lookbook-2013.htm" "Mozilla/5.0 (Windows NT 6.1) AppleWebKit/537.22 (KHTML, like Gecko) Chrome/25.0.1364.172 Safari/537.22"
187.126.148.1 - - [25/Mar/2013:00:43:18 +0000] "GET /images/lookbook/thumbs/15-006.jpg HTTP/1.1" 200 95498 "http://www.madamems.com.br/lookbook-2013.htm" "Mozilla/5.0 (Windows NT 6.1) AppleWebKit/537.22 (KHTML, like Gecko) Chrome/25.0.1364.172 Safari/537.22"
189.104.223.98 - - [25/Mar/2013:00:43:18 +0000] "GET /blog/wp-content/uploads/LY_Madame_08_03_Blog_02-2.jpg HTTP/1.1" 200 80715 "http://madamems.com.br/blog/index.php/10-dicas-de-celebridades-sobre-o-universo-feminino/?ajaxpipe=1&ajaxpipe_token=AXjgmBIsl840nRrQ&quickling[version]=764699%3B0%3B0%3B0&__user=100002608300116&__a=1&__dyn=798aD5z5CF-&__req=jsonp_3&__adt=3" "Mozilla/5.0 (Windows NT 5.1) AppleWebKit/537.22 (KHTML, like Gecko) Chrome/25.0.1364.172 Safari/537.22"
187.126.148.1 - - [25/Mar/2013:00:43:18 +0000] "GET /images/lookbook/thumbs/34-001.jpg HTTP/1.1" 200 86362 "http://www.madamems.com.br/lookbook-2013.htm" "Mozilla/5.0 (Windows NT 6.1) AppleWebKit/537.22 (KHTML, like Gecko) Chrome/25.0.1364.172 Safari/537.22"
189.104.223.98 - - [25/Mar/2013:00:43:18 +0000] "GET /blog/wp-content/uploads/ly_madame_19_03_blog01-150x150.jpg HTTP/1.1" 200 11769 "http://madamems.com.br/blog/index.php/10-dicas-de-celebridades-sobre-o-universo-feminino/?ajaxpipe=1&ajaxpipe_token=AXjgmBIsl840nRrQ&quickling[version]=764699%3B0%3B0%3B0&__user=100002608300116&__a=1&__dyn=798aD5z5CF-&__req=jsonp_3&__adt=3" "Mozilla/5.0 (Windows NT 5.1) AppleWebKit/537.22 (KHTML, like Gecko) Chrome/25.0.1364.172 Safari/537.22"
189.104.223.98 - - [25/Mar/2013:00:43:18 +0000] "GET /blog/wp-content/uploads/LY_Madame_Promo_15_03_BLog_01-150x150.jpg HTTP/1.1" 200 9363 "http://madamems.com.br/blog/index.php/10-dicas-de-celebridades-sobre-o-universo-feminino/?ajaxpipe=1&ajaxpipe_token=AXjgmBIsl840nRrQ&quickling[version]=764699%3B0%3B0%3B0&__user=100002608300116&__a=1&__dyn=798aD5z5CF-&__req=jsonp_3&__adt=3" "Mozilla/5.0 (Windows NT 5.1) AppleWebKit/537.22 (KHTML, like Gecko) Chrome/25.0.1364.172 Safari/537.22"
187.126.148.1 - - [25/Mar/2013:00:43:19 +0000] "GET /images/lookbook/thumbs/40-038.jpg HTTP/1.1" 200 103916 "http://www.madamems.com.br/lookbook-2013.htm" "Mozilla/5.0 (Windows NT 6.1) AppleWebKit/537.22 (KHTML, like Gecko) Chrome/25.0.1364.172 Safari/537.22"
189.104.223.98 - - [25/Mar/2013:00:43:19 +0000] "GET /blog/wp-content/uploads/LY_Madame_08_03_Blog_03.jpg HTTP/1.1" 200 126371 "http://madamems.com.br/blog/index.php/10-dicas-de-celebridades-sobre-o-universo-feminino/?ajaxpipe=1&ajaxpipe_token=AXjgmBIsl840nRrQ&quickling[version]=764699%3B0%3B0%3B0&__user=100002608300116&__a=1&__dyn=798aD5z5CF-&__req=jsonp_3&__adt=3" "Mozilla/5.0 (Windows NT 5.1) AppleWebKit/537.22 (KHTML, like Gecko) Chrome/25.0.1364.172 Safari/537.22"
189.104.223.98 - - [25/Mar/2013:00:43:19 +0000] "GET /blog/wp-content/uploads/LY_Madame_08_03_Blog_04-2.jpg HTTP/1.1" 200 58636 "http://madamems.com.br/blog/index.php/10-dicas-de-celebridades-sobre-o-universo-feminino/?ajaxpipe=1&ajaxpipe_token=AXjgmBIsl840nRrQ&quickling[version]=764699%3B0%3B0%3B0&__user=100002608300116&__a=1&__dyn=798aD5z5CF-&__req=jsonp_3&__adt=3" "Mozilla/5.0 (Windows NT 5.1) AppleWebKit/537.22 (KHTML, like Gecko) Chrome/25.0.1364.172 Safari/537.22"
187.126.148.1 - - [25/Mar/2013:00:43:19 +0000] "GET /images/lookbook/thumbs/03-008.jpg HTTP/1.1" 200 72055 "http://www.madamems.com.br/lookbook-2013.htm" "Mozilla/5.0 (Windows NT 6.1) AppleWebKit/537.22 (KHTML, like Gecko) Chrome/25.0.1364.172 Safari/537.22"
69.171.224.116 - - [25/Mar/2013:00:43:21 +0000] "GET /blog/index.php/10-dicas-de-celebridades-sobre-o-universo-feminino HTTP/1.1" 200 17037 "-" "facebookexternalhit/1.1 ( http://www.facebook.com/externalhit_uatext.php)"
189.104.223.98 - - [25/Mar/2013:00:43:21 +0000] "GET /images/lookbook/thumbs/21.jpg HTTP/1.1" 200 100785 "http://madamems.com.br/blog/index.php/10-dicas-de-celebridades-sobre-o-universo-feminino/?ajaxpipe=1&ajaxpipe_token=AXjgmBIsl840nRrQ&quickling[version]=764699%3B0%3B0%3B0&__user=100002608300116&__a=1&__dyn=798aD5z5CF-&__req=jsonp_3&__adt=3" "Mozilla/5.0 (Windows NT 5.1) AppleWebKit/537.22 (KHTML, like Gecko) Chrome/25.0.1364.172 Safari/537.22"
187.126.148.1 - - [25/Mar/2013:00:43:21 +0000] "GET /images/lookbook/thumbs/01-003.jpg HTTP/1.1" 200 74243 "http://www.madamems.com.br/lookbook-2013.htm" "Mozilla/5.0 (Windows NT 6.1) AppleWebKit/537.22 (KHTML, like Gecko) Chrome/25.0.1364.172 Safari/537.22"
69.171.224.115 - - [25/Mar/2013:00:43:21 +0000] "GET /blog/wp-content/uploads/ly_madame_19_03_blog01-150x150.jpg HTTP/1.1" 206 7611 "-" "facebookexternalhit/1.1 ( http://www.facebook.com/externalhit_uatext.php)"
69.171.224.113 - - [25/Mar/2013:00:43:21 +0000] "GET /blog/wp-content/themes/madamems/images/facebook-logo.jpg HTTP/1.1" 206 1178 "-" "facebookexternalhit/1.1 ( http://www.facebook.com/externalhit_uatext.php)"
69.171.224.119 - - [25/Mar/2013:00:43:21 +0000] "GET /blog/wp-content/themes/blogms/images/top-img.jpg HTTP/1.1" 206 7601 "-" "facebookexternalhit/1.1 ( http://www.facebook.com/externalhit_uatext.php)"
69.171.224.115 - - [25/Mar/2013:00:43:21 +0000] "GET /blog/wp-content/uploads/LY_Madame_08_03_Blog_02-2.jpg HTTP/1.1" 206 7606 "-" "facebookexternalhit/1.1 ( http://www.facebook.com/externalhit_uatext.php)"
69.171.224.114 - - [25/Mar/2013:00:43:21 +0000] "GET /blog/wp-content/uploads/LY_Madame_Promo_15_03_BLog_01-150x150.jpg HTTP/1.1" 206 7617 "-" "facebookexternalhit/1.1 ( http://www.facebook.com/externalhit_uatext.php)"
69.171.224.112 - - [25/Mar/2013:00:43:21 +0000] "GET /blog/wp-content/uploads/ly_madame_20_03_blog01-150x150.jpg HTTP/1.1" 206 7611 "-" "facebookexternalhit/1.1 ( http://www.facebook.com/externalhit_uatext.php)"
69.171.224.115 - - [25/Mar/2013:00:43:21 +0000] "GET /blog/wp-content/themes/madamems/images/facebook-share-button.jpg HTTP/1.1" 206 3167 "-" "facebookexternalhit/1.1 ( http://www.facebook.com/externalhit_uatext.php)"
69.171.224.115 - - [25/Mar/2013:00:43:21 +0000] "GET /blog/wp-content/uploads/LY_Madame_08_03_Blog_04-2.jpg HTTP/1.1" 206 7606 "-" "facebookexternalhit/1.1 ( http://www.facebook.com/externalhit_uatext.php)"
69.171.224.113 - - [25/Mar/2013:00:43:21 +0000] "GET /images/lookbook/thumbs/19.jpg HTTP/1.1" 206 7582 "-" "facebookexternalhit/1.1 ( http://www.facebook.com/externalhit_uatext.php)"
187.126.148.1 - - [25/Mar/2013:00:43:21 +0000] "GET /images/lookbook/thumbs/02-008.jpg HTTP/1.1" 200 73822 "http://www.madamems.com.br/lookbook-2013.htm" "Mozilla/5.0 (Windows NT 6.1) AppleWebKit/537.22 (KHTML, like Gecko) Chrome/25.0.1364.172 Safari/537.22"
69.171.224.117 - - [25/Mar/2013:00:43:22 +0000] "GET /blog/wp-content/uploads/LY_Madame_08_03_Blog_01.jpg HTTP/1.1" 206 7603 "-" "facebookexternalhit/1.1 ( http://www.facebook.com/externalhit_uatext.php)"
69.171.224.117 - - [25/Mar/2013:00:43:22 +0000] "GET /blog/wp-content/uploads/LY_Madame_08_03_Blog_03.jpg HTTP/1.1" 206 7604 "-" "facebookexternalhit/1.1 ( http://www.facebook.com/externalhit_uatext.php)"
187.126.148.1 - - [25/Mar/2013:00:43:22 +0000] "GET /images/lookbook/thumbs/26-003.jpg HTTP/1.1" 200 100984 "http://www.madamems.com.br/lookbook-2013.htm" "Mozilla/5.0 (Windows NT 6.1) AppleWebKit/537.22 (KHTML, like Gecko) Chrome/25.0.1364.172 Safari/537.22"
189.104.223.98 - - [25/Mar/2013:00:43:22 +0000] "GET /blog/wp-content/uploads/LY_Madame_08_03_Blog_01.jpg HTTP/1.1" 200 75347 "http://madamems.com.br/blog/index.php/10-dicas-de-celebridades-sobre-o-universo-feminino/?ajaxpipe=1&ajaxpipe_token=AXjgmBIsl840nRrQ&quickling[version]=764699%3B0%3B0%3B0&__user=100002608300116&__a=1&__dyn=798aD5z5CF-&__req=jsonp_3&__adt=3" "Mozilla/5.0 (Windows NT 5.1) AppleWebKit/537.22 (KHTML, like Gecko) Chrome/25.0.1364.172 Safari/537.22"
187.126.148.1 - - [25/Mar/2013:00:43:22 +0000] "GET /images/lookbook/thumbs/07-001.jpg HTTP/1.1" 200 87206 "http://www.madamems.com.br/lookbook-2013.htm" "Mozilla/5.0 (Windows NT 6.1) AppleWebKit/537.22 (KHTML, like Gecko) Chrome/25.0.1364.172 Safari/537.22"
187.126.148.1 - - [25/Mar/2013:00:43:23 +0000] "GET /favicon.ico HTTP/1.1" 404 2177 "-" "Mozilla/5.0 (Windows NT 6.1) AppleWebKit/537.22 (KHTML, like Gecko) Chrome/25.0.1364.172 Safari/537.22"
69.171.224.116 - - [25/Mar/2013:00:43:23 +0000] "GET /blog/index.php/10-dicas-de-celebridades-sobre-o-universo-feminino/?ajaxpipe=1&ajaxpipe_token=AXjgmBIsl840nRrQ&quickling%5Bversion%5D=764699%3B0%3B0%3B0&__user=100002608300116&__a=1&__dyn=798aD5z5CF-&__req=jsonp_4&__adt=4 HTTP/1.1" 200 17192 "-" "facebookexternalhit/1.1 ( http://www.facebook.com/externalhit_uatext.php)"
69.171.225.249 - - [25/Mar/2013:00:43:23 +0000] "GET /blog/wp-content/uploads/LY_Madame_Promo_15_03_BLog_01-150x150.jpg HTTP/1.1" 206 8740 "-" "facebookexternalhit/1.1 ( http://www.facebook.com/externalhit_uatext.php)"
69.171.225.247 - - [25/Mar/2013:00:43:23 +0000] "GET /blog/wp-content/uploads/ly_madame_20_03_blog01-150x150.jpg HTTP/1.1" 206 12274 "-" "facebookexternalhit/1.1 ( http://www.facebook.com/externalhit_uatext.php)"
69.171.225.244 - - [25/Mar/2013:00:43:23 +0000] "GET /blog/wp-content/uploads/ly_madame_19_03_blog01-150x150.jpg HTTP/1.1" 206 11148 "-" "facebookexternalhit/1.1 ( http://www.facebook.com/externalhit_uatext.php)"
69.171.225.250 - - [25/Mar/2013:00:43:23 +0000] "GET /blog/wp-content/uploads/LY_Madame_08_03_Blog_01.jpg HTTP/1.1" 206 75035 "-" "facebookexternalhit/1.1 ( http://www.facebook.com/externalhit_uatext.php)"
69.171.225.246 - - [25/Mar/2013:00:43:23 +0000] "GET /blog/wp-content/uploads/LY_Madame_08_03_Blog_04-2.jpg HTTP/1.1" 206 58324 "-" "facebookexternalhit/1.1 ( http://www.facebook.com/externalhit_uatext.php)"
69.171.225.248 - - [25/Mar/2013:00:43:23 +0000] "GET /blog/wp-content/themes/blogms/images/top-img.jpg HTTP/1.1" 206 39232 "-" "facebookexternalhit/1.1 ( http://www.facebook.com/externalhit_uatext.php)"
189.104.223.98 - - [25/Mar/2013:00:43:23 +0000] "GET /blog/index.php/10-dicas-de-celebridades-sobre-o-universo-feminino/?ajaxpipe=1&ajaxpipe_token=AXjgmBIsl840nRrQ&quickling[version]=764699%3B0%3B0%3B0&__user=100002608300116&__a=1&__dyn=798aD5z5CF-&__req=jsonp_4&__adt=4 HTTP/1.1" 200 17946 "http://www.facebook.com/l/0AQEoFsoq/madamems.com.br/blog/index.php/10-dicas-de-celebridades-sobre-o-universo-feminino/?ajaxpipe=1&ajaxpipe_token=AXjgmBIsl840nRrQ&quickling[version]=764699%3B0%3B0%3B0&__user=100002608300116&__a=1&__dyn=798aD5z5CF-&__req=jsonp_4&__adt=4" "Mozilla/5.0 (Windows NT 5.1) AppleWebKit/537.22 (KHTML, like Gecko) Chrome/25.0.1364.172 Safari/537.22"
69.171.225.244 - - [25/Mar/2013:00:43:23 +0000] "GET /blog/wp-content/uploads/LY_Madame_08_03_Blog_02-2.jpg HTTP/1.1" 206 80403 "-" "facebookexternalhit/1.1 ( http://www.facebook.com/externalhit_uatext.php)"
69.171.225.251 - - [25/Mar/2013:00:43:23 +0000] "GET /images/lookbook/thumbs/19.jpg HTTP/1.1" 206 89949 "-" "facebookexternalhit/1.1 ( http://www.facebook.com/externalhit_uatext.php)"
69.171.225.245 - - [25/Mar/2013:00:43:23 +0000] "GET /blog/wp-content/uploads/LY_Madame_08_03_Blog_03.jpg HTTP/1.1" 206 126061 "-" "facebookexternalhit/1.1 ( http://www.facebook.com/externalhit_uatext.php)"
69.171.224.113 - - [25/Mar/2013:00:43:23 +0000] "GET /blog/wp-content/themes/madamems/images/facebook-share-button.jpg HTTP/1.1" 206 3167 "-" "facebookexternalhit/1.1 ( http://www.facebook.com/externalhit_uatext.php)"
69.171.224.118 - - [25/Mar/2013:00:43:23 +0000] "GET /blog/wp-content/themes/blogms/images/top-img.jpg HTTP/1.1" 206 7601 "-" "facebookexternalhit/1.1 ( http://www.facebook.com/externalhit_uatext.php)"
69.171.224.115 - - [25/Mar/2013:00:43:23 +0000] "GET /blog/wp-content/uploads/ly_madame_19_03_blog01-150x150.jpg HTTP/1.1" 206 7611 "-" "facebookexternalhit/1.1 ( http://www.facebook.com/externalhit_uatext.php)"
69.171.224.117 - - [25/Mar/2013:00:43:23 +0000] "GET /blog/wp-content/uploads/LY_Madame_08_03_Blog_03.jpg HTTP/1.1" 206 7604 "-" "facebookexternalhit/1.1 ( http://www.facebook.com/externalhit_uatext.php)"
69.171.224.113 - - [25/Mar/2013:00:43:23 +0000] "GET /images/lookbook/thumbs/29.jpg HTTP/1.1" 206 7581 "-" "facebookexternalhit/1.1 ( http://www.facebook.com/externalhit_uatext.php)"
69.171.224.114 - - [25/Mar/2013:00:43:23 +0000] "GET /blog/wp-content/uploads/LY_Madame_08_03_Blog_04-2.jpg HTTP/1.1" 206 7606 "-" "facebookexternalhit/1.1 ( http://www.facebook.com/externalhit_uatext.php)"
69.171.224.118 - - [25/Mar/2013:00:43:23 +0000] "GET /blog/wp-content/uploads/LY_Madame_Promo_15_03_BLog_01-150x150.jpg HTTP/1.1" 206 7617 "-" "facebookexternalhit/1.1 ( http://www.facebook.com/externalhit_uatext.php)"
69.171.224.112 - - [25/Mar/2013:00:43:23 +0000] "GET /blog/wp-content/uploads/LY_Madame_08_03_Blog_01.jpg HTTP/1.1" 206 7603 "-" "facebookexternalhit/1.1 ( http://www.facebook.com/externalhit_uatext.php)"
69.171.224.112 - - [25/Mar/2013:00:43:23 +0000] "GET /blog/wp-content/themes/madamems/images/facebook-logo.jpg HTTP/1.1" 206 1178 "-" "facebookexternalhit/1.1 ( http://www.facebook.com/externalhit_uatext.php)"
69.171.224.116 - - [25/Mar/2013:00:43:23 +0000] "GET /blog/wp-content/uploads/ly_madame_20_03_blog01-150x150.jpg HTTP/1.1" 206 7611 "-" "facebookexternalhit/1.1 ( http://www.facebook.com/externalhit_uatext.php)"
69.171.224.116 - - [25/Mar/2013:00:43:23 +0000] "GET /blog/wp-content/uploads/LY_Madame_08_03_Blog_02-2.jpg HTTP/1.1" 206 7606 "-" "facebookexternalhit/1.1 ( http://www.facebook.com/externalhit_uatext.php)"
187.65.171.177 - - [25/Mar/2013:00:43:24 +0000] "GET /images/lookbook/thumbs/13.jpg HTTP/1.1" 200 86339 "http://madamems.com.br/blog/index.php/page/5/" "Mozilla/5.0 (Linux; Android 4.1.2; GT-I9300 Build/JZO54K) AppleWebKit/535.19 (KHTML, like Gecko) Chrome/18.0.1025.166 Mobile Safari/535.19"
69.171.224.115 - - [25/Mar/2013:00:43:24 +0000] "GET /blog/wp-content/uploads/LY_Madame_Promo_15_03_BLog_01-150x150.jpg HTTP/1.1" 206 8740 "-" "facebookexternalhit/1.1 ( http://www.facebook.com/externalhit_uatext.php)"
69.171.230.247 - - [25/Mar/2013:00:43:24 +0000] "GET /blog/wp-content/uploads/ly_madame_19_03_blog01-150x150.jpg HTTP/1.1" 206 11148 "-" "facebookexternalhit/1.1 ( http://www.facebook.com/externalhit_uatext.php)"
69.171.230.250 - - [25/Mar/2013:00:43:24 +0000] "GET /blog/wp-content/uploads/LY_Madame_Promo_15_03_BLog_01-150x150.jpg HTTP/1.1" 206 8740 "-" "facebookexternalhit/1.1 ( http://www.facebook.com/externalhit_uatext.php)"
69.171.230.248 - - [25/Mar/2013:00:43:24 +0000] "GET /blog/wp-content/uploads/LY_Madame_08_03_Blog_03.jpg HTTP/1.1" 206 126061 "-" "facebookexternalhit/1.1 ( http://www.facebook.com/externalhit_uatext.php)"
69.171.230.248 - - [25/Mar/2013:00:43:24 +0000] "GET /blog/wp-content/uploads/LY_Madame_08_03_Blog_02-2.jpg HTTP/1.1" 206 80403 "-" "facebookexternalhit/1.1 ( http://www.facebook.com/externalhit_uatext.php)"
69.171.230.244 - - [25/Mar/2013:00:43:24 +0000] "GET /blog/wp-content/themes/blogms/images/top-img.jpg HTTP/1.1" 206 39232 "-" "facebookexternalhit/1.1 ( http://www.facebook.com/externalhit_uatext.php)"
69.171.230.251 - - [25/Mar/2013:00:43:24 +0000] "GET /blog/wp-content/uploads/ly_madame_20_03_blog01-150x150.jpg HTTP/1.1" 206 12274 "-" "facebookexternalhit/1.1 ( http://www.facebook.com/externalhit_uatext.php)"
69.171.230.249 - - [25/Mar/2013:00:43:25 +0000] "GET /blog/wp-content/uploads/LY_Madame_08_03_Blog_04-2.jpg HTTP/1.1" 206 58324 "-" "facebookexternalhit/1.1 ( http://www.facebook.com/externalhit_uatext.php)"
69.171.230.244 - - [25/Mar/2013:00:43:25 +0000] "GET /blog/wp-content/uploads/LY_Madame_08_03_Blog_01.jpg HTTP/1.1" 206 75035 "-" "facebookexternalhit/1.1 ( http://www.facebook.com/externalhit_uatext.php)"
69.171.230.245 - - [25/Mar/2013:00:43:25 +0000] "GET /images/lookbook/thumbs/29.jpg HTTP/1.1" 206 67240 "-" "facebookexternalhit/1.1 ( http://www.facebook.com/externalhit_uatext.php)"
189.104.223.98 - - [25/Mar/2013:00:43:27 +0000] "GET /images/lookbook/thumbs/4.jpg HTTP/1.1" 200 80776 "http://madamems.com.br/blog/index.php/10-dicas-de-celebridades-sobre-o-universo-feminino/?ajaxpipe=1&ajaxpipe_token=AXjgmBIsl840nRrQ&quickling[version]=764699%3B0%3B0%3B0&__user=100002608300116&__a=1&__dyn=798aD5z5CF-&__req=jsonp_4&__adt=4" "Mozilla/5.0 (Windows NT 5.1) AppleWebKit/537.22 (KHTML, like Gecko) Chrome/25.0.1364.172 Safari/537.22"
187.126.148.1 - - [25/Mar/2013:00:43:29 +0000] "GET /index.htm HTTP/1.1" 404 2675 "http://www.madamems.com.br/lookbook-2013.htm" "Mozilla/5.0 (Windows NT 6.1) AppleWebKit/537.22 (KHTML, like Gecko) Chrome/25.0.1364.172 Safari/537.22"
187.126.148.1 - - [25/Mar/2013:00:43:29 +0000] "GET /favicon.ico HTTP/1.1" 404 2177 "-" "Mozilla/5.0 (Windows NT 6.1) AppleWebKit/537.22 (KHTML, like Gecko) Chrome/25.0.1364.172 Safari/537.22"
69.171.224.114 - - [25/Mar/2013:00:43:34 +0000] "GET /blog/index.php/10-dicas-de-celebridades-sobre-o-universo-feminino/?ajaxpipe=1&ajaxpipe_token=AXjgmBIsl840nRrQ&quickling%5Bversion%5D=764699%3B0%3B0%3B0&__user=100002608300116&__a=1&__dyn=798aD5z5CF-&__req=jsonp_5&__adt=5 HTTP/1.1" 200 17192 "-" "facebookexternalhit/1.1 ( http://www.facebook.com/externalhit_uatext.php)"
69.171.224.114 - - [25/Mar/2013:00:43:34 +0000] "GET /blog/index.php/10-dicas-de-celebridades-sobre-o-universo-feminino/?ajaxpipe=1&ajaxpipe_token=AXjgmBIsl840nRrQ&quickling%5Bversion%5D=764699%3B0%3B0%3B0&__user=100002608300116&__a=1&__dyn=798aD5z5CF-&__req=jsonp_6&__adt=6 HTTP/1.1" 200 17192 "-" "facebookexternalhit/1.1 ( http://www.facebook.com/externalhit_uatext.php)"
69.171.224.118 - - [25/Mar/2013:00:43:34 +0000] "GET /blog/wp-content/themes/madamems/images/facebook-share-button.jpg HTTP/1.1" 206 3167 "-" "facebookexternalhit/1.1 ( http://www.facebook.com/externalhit_uatext.php)"
69.171.224.117 - - [25/Mar/2013:00:43:34 +0000] "GET /blog/wp-content/themes/madamems/images/facebook-logo.jpg HTTP/1.1" 206 1178 "-" "facebookexternalhit/1.1 ( http://www.facebook.com/externalhit_uatext.php)"
69.171.224.119 - - [25/Mar/2013:00:43:34 +0000] "GET /blog/wp-content/themes/blogms/images/top-img.jpg HTTP/1.1" 206 7601 "-" "facebookexternalhit/1.1 ( http://www.facebook.com/externalhit_uatext.php)"
69.171.224.117 - - [25/Mar/2013:00:43:34 +0000] "GET /blog/wp-content/uploads/LY_Madame_08_03_Blog_03.jpg HTTP/1.1" 206 7604 "-" "facebookexternalhit/1.1 ( http://www.facebook.com/externalhit_uatext.php)"
69.171.224.114 - - [25/Mar/2013:00:43:34 +0000] "GET /blog/wp-content/uploads/ly_madame_19_03_blog01-150x150.jpg HTTP/1.1" 206 7611 "-" "facebookexternalhit/1.1 ( http://www.facebook.com/externalhit_uatext.php)"
69.171.224.112 - - [25/Mar/2013:00:43:34 +0000] "GET /images/lookbook/thumbs/25.jpg HTTP/1.1" 206 7581 "-" "facebookexternalhit/1.1 ( http://www.facebook.com/externalhit_uatext.php)"
69.171.224.113 - - [25/Mar/2013:00:43:34 +0000] "GET /blog/wp-content/uploads/LY_Madame_Promo_15_03_BLog_01-150x150.jpg HTTP/1.1" 206 7617 "-" "facebookexternalhit/1.1 ( http://www.facebook.com/externalhit_uatext.php)"
69.171.224.113 - - [25/Mar/2013:00:43:34 +0000] "GET /blog/wp-content/uploads/LY_Madame_08_03_Blog_01.jpg HTTP/1.1" 206 7603 "-" "facebookexternalhit/1.1 ( http://www.facebook.com/externalhit_uatext.php)"
69.171.224.112 - - [25/Mar/2013:00:43:34 +0000] "GET /blog/wp-content/uploads/LY_Madame_08_03_Blog_02-2.jpg HTTP/1.1" 206 7606 "-" "facebookexternalhit/1.1 ( http://www.facebook.com/externalhit_uatext.php)"
69.171.224.115 - - [25/Mar/2013:00:43:34 +0000] "GET /blog/wp-content/uploads/LY_Madame_08_03_Blog_04-2.jpg HTTP/1.1" 206 7606 "-" "facebookexternalhit/1.1 ( http://www.facebook.com/externalhit_uatext.php)"
69.171.224.119 - - [25/Mar/2013:00:43:34 +0000] "GET /blog/wp-content/uploads/ly_madame_20_03_blog01-150x150.jpg HTTP/1.1" 206 7611 "-" "facebookexternalhit/1.1 ( http://www.facebook.com/externalhit_uatext.php)"
69.171.224.117 - - [25/Mar/2013:00:43:35 +0000] "GET /blog/wp-content/themes/madamems/images/facebook-share-button.jpg HTTP/1.1" 206 3167 "-" "facebookexternalhit/1.1 ( http://www.facebook.com/externalhit_uatext.php)"
69.171.224.114 - - [25/Mar/2013:00:43:35 +0000] "GET /blog/wp-content/uploads/ly_madame_20_03_blog01-150x150.jpg HTTP/1.1" 206 7611 "-" "facebookexternalhit/1.1 ( http://www.facebook.com/externalhit_uatext.php)"
69.171.224.119 - - [25/Mar/2013:00:43:35 +0000] "GET /blog/wp-content/themes/blogms/images/top-img.jpg HTTP/1.1" 206 7601 "-" "facebookexternalhit/1.1 ( http://www.facebook.com/externalhit_uatext.php)"
69.171.224.112 - - [25/Mar/2013:00:43:35 +0000] "GET /images/lookbook/thumbs/14.jpg HTTP/1.1" 206 7581 "-" "facebookexternalhit/1.1 ( http://www.facebook.com/externalhit_uatext.php)"
69.171.224.113 - - [25/Mar/2013:00:43:35 +0000] "GET /blog/wp-content/uploads/LY_Madame_08_03_Blog_01.jpg HTTP/1.1" 206 7603 "-" "facebookexternalhit/1.1 ( http://www.facebook.com/externalhit_uatext.php)"
69.171.224.113 - - [25/Mar/2013:00:43:35 +0000] "GET /blog/wp-content/uploads/LY_Madame_08_03_Blog_04-2.jpg HTTP/1.1" 206 7606 "-" "facebookexternalhit/1.1 ( http://www.facebook.com/externalhit_uatext.php)"
69.171.224.115 - - [25/Mar/2013:00:43:35 +0000] "GET /blog/wp-content/uploads/LY_Madame_Promo_15_03_BLog_01-150x150.jpg HTTP/1.1" 206 7617 "-" "facebookexternalhit/1.1 ( http://www.facebook.com/externalhit_uatext.php)"
69.171.224.112 - - [25/Mar/2013:00:43:35 +0000] "GET /blog/wp-content/themes/madamems/images/facebook-logo.jpg HTTP/1.1" 206 1178 "-" "facebookexternalhit/1.1 ( http://www.facebook.com/externalhit_uatext.php)"
69.171.224.117 - - [25/Mar/2013:00:43:35 +0000] "GET /blog/wp-content/uploads/LY_Madame_08_03_Blog_03.jpg HTTP/1.1" 206 7604 "-" "facebookexternalhit/1.1 ( http://www.facebook.com/externalhit_uatext.php)"
69.171.224.116 - - [25/Mar/2013:00:43:35 +0000] "GET /blog/wp-content/uploads/ly_madame_19_03_blog01-150x150.jpg HTTP/1.1" 206 7611 "-" "facebookexternalhit/1.1 ( http://www.facebook.com/externalhit_uatext.php)"
69.171.224.116 - - [25/Mar/2013:00:43:35 +0000] "GET /blog/wp-content/uploads/LY_Madame_08_03_Blog_02-2.jpg HTTP/1.1" 206 7606 "-" "facebookexternalhit/1.1 ( http://www.facebook.com/externalhit_uatext.php)"
69.171.224.117 - - [25/Mar/2013:00:43:35 +0000] "GET /blog/wp-content/uploads/LY_Madame_Promo_15_03_BLog_01-150x150.jpg HTTP/1.1" 206 8740 "-" "facebookexternalhit/1.1 ( http://www.facebook.com/externalhit_uatext.php)"
69.171.224.119 - - [25/Mar/2013:00:43:35 +0000] "GET /blog/wp-content/uploads/LY_Madame_Promo_15_03_BLog_01-150x150.jpg HTTP/1.1" 206 8740 "-" "facebookexternalhit/1.1 ( http://www.facebook.com/externalhit_uatext.php)"
189.104.223.98 - - [25/Mar/2013:00:43:35 +0000] "GET /blog/index.php/10-dicas-de-celebridades-sobre-o-universo-feminino/?ajaxpipe=1&ajaxpipe_token=AXjgmBIsl840nRrQ&quickling[version]=764699%3B0%3B0%3B0&__user=100002608300116&__a=1&__dyn=798aD5z5CF-&__req=jsonp_6&__adt=6 HTTP/1.1" 200 17950 "http://www.facebook.com/l/0AQEoFsoq/madamems.com.br/blog/index.php/10-dicas-de-celebridades-sobre-o-universo-feminino/?ajaxpipe=1&ajaxpipe_token=AXjgmBIsl840nRrQ&quickling[version]=764699%3B0%3B0%3B0&__user=100002608300116&__a=1&__dyn=798aD5z5CF-&__req=jsonp_6&__adt=6" "Mozilla/5.0 (Windows NT 5.1) AppleWebKit/537.22 (KHTML, like Gecko) Chrome/25.0.1364.172 Safari/537.22"
69.171.233.1 - - [25/Mar/2013:00:43:37 +0000] "GET /blog/wp-content/uploads/LY_Madame_Promo_15_03_BLog_01-150x150.jpg HTTP/1.1" 206 8740 "-" "facebookexternalhit/1.1 ( http://www.facebook.com/externalhit_uatext.php)"
69.171.233.2 - - [25/Mar/2013:00:43:37 +0000] "GET /blog/wp-content/uploads/ly_madame_20_03_blog01-150x150.jpg HTTP/1.1" 206 12274 "-" "facebookexternalhit/1.1 ( http://www.facebook.com/externalhit_uatext.php)"
69.171.230.249 - - [25/Mar/2013:00:43:37 +0000] "GET /blog/wp-content/uploads/ly_madame_19_03_blog01-150x150.jpg HTTP/1.1" 206 11148 "-" "facebookexternalhit/1.1 ( http://www.facebook.com/externalhit_uatext.php)"
69.171.230.250 - - [25/Mar/2013:00:43:37 +0000] "GET /blog/wp-content/uploads/ly_madame_20_03_blog01-150x150.jpg HTTP/1.1" 206 12274 "-" "facebookexternalhit/1.1 ( http://www.facebook.com/externalhit_uatext.php)"
69.171.233.2 - - [25/Mar/2013:00:43:37 +0000] "GET /blog/wp-content/themes/blogms/images/top-img.jpg HTTP/1.1" 206 39232 "-" "facebookexternalhit/1.1 ( http://www.facebook.com/externalhit_uatext.php)"
69.171.233.0 - - [25/Mar/2013:00:43:37 +0000] "GET /blog/wp-content/uploads/LY_Madame_08_03_Blog_02-2.jpg HTTP/1.1" 206 80403 "-" "facebookexternalhit/1.1 ( http://www.facebook.com/externalhit_uatext.php)"
69.171.233.6 - - [25/Mar/2013:00:43:37 +0000] "GET /blog/wp-content/uploads/LY_Madame_08_03_Blog_01.jpg HTTP/1.1" 206 75035 "-" "facebookexternalhit/1.1 ( http://www.facebook.com/externalhit_uatext.php)"
69.171.230.251 - - [25/Mar/2013:00:43:37 +0000] "GET /blog/wp-content/uploads/LY_Madame_08_03_Blog_04-2.jpg HTTP/1.1" 206 58324 "-" "facebookexternalhit/1.1 ( http://www.facebook.com/externalhit_uatext.php)"
69.171.233.5 - - [25/Mar/2013:00:43:37 +0000] "GET /blog/wp-content/uploads/ly_madame_19_03_blog01-150x150.jpg HTTP/1.1" 206 11148 "-" "facebookexternalhit/1.1 ( http://www.facebook.com/externalhit_uatext.php)"
69.171.230.248 - - [25/Mar/2013:00:43:37 +0000] "GET /blog/wp-content/themes/blogms/images/top-img.jpg HTTP/1.1" 206 39232 "-" "facebookexternalhit/1.1 ( http://www.facebook.com/externalhit_uatext.php)"
69.171.230.248 - - [25/Mar/2013:00:43:37 +0000] "GET /blog/wp-content/uploads/LY_Madame_08_03_Blog_02-2.jpg HTTP/1.1" 206 80403 "-" "facebookexternalhit/1.1 ( http://www.facebook.com/externalhit_uatext.php)"
69.171.230.245 - - [25/Mar/2013:00:43:37 +0000] "GET /blog/wp-content/uploads/LY_Madame_Promo_15_03_BLog_01-150x150.jpg HTTP/1.1" 206 8740 "-" "facebookexternalhit/1.1 ( http://www.facebook.com/externalhit_uatext.php)"
69.171.233.0 - - [25/Mar/2013:00:43:37 +0000] "GET /blog/wp-content/uploads/LY_Madame_08_03_Blog_04-2.jpg HTTP/1.1" 206 58324 "-" "facebookexternalhit/1.1 ( http://www.facebook.com/externalhit_uatext.php)"
189.104.223.98 - - [25/Mar/2013:00:43:37 +0000] "GET /images/lookbook/thumbs/16.jpg HTTP/1.1" 200 91979 "http://madamems.com.br/blog/index.php/10-dicas-de-celebridades-sobre-o-universo-feminino/?ajaxpipe=1&ajaxpipe_token=AXjgmBIsl840nRrQ&quickling[version]=764699%3B0%3B0%3B0&__user=100002608300116&__a=1&__dyn=798aD5z5CF-&__req=jsonp_6&__adt=6" "Mozilla/5.0 (Windows NT 5.1) AppleWebKit/537.22 (KHTML, like Gecko) Chrome/25.0.1364.172 Safari/537.22"
69.171.230.247 - - [25/Mar/2013:00:43:37 +0000] "GET /blog/wp-content/uploads/LY_Madame_08_03_Blog_01.jpg HTTP/1.1" 206 75035 "-" "facebookexternalhit/1.1 ( http://www.facebook.com/externalhit_uatext.php)"
69.171.230.244 - - [25/Mar/2013:00:43:37 +0000] "GET /blog/wp-content/uploads/LY_Madame_08_03_Blog_03.jpg HTTP/1.1" 206 126061 "-" "facebookexternalhit/1.1 ( http://www.facebook.com/externalhit_uatext.php)"
69.171.230.251 - - [25/Mar/2013:00:43:37 +0000] "GET /images/lookbook/thumbs/25.jpg HTTP/1.1" 206 77075 "-" "facebookexternalhit/1.1 ( http://www.facebook.com/externalhit_uatext.php)"
69.171.233.1 - - [25/Mar/2013:00:43:37 +0000] "GET /images/lookbook/thumbs/14.jpg HTTP/1.1" 206 95283 "-" "facebookexternalhit/1.1 ( http://www.facebook.com/externalhit_uatext.php)"
69.171.233.2 - - [25/Mar/2013:00:43:37 +0000] "GET /blog/wp-content/uploads/LY_Madame_08_03_Blog_03.jpg HTTP/1.1" 206 126061 "-" "facebookexternalhit/1.1 ( http://www.facebook.com/externalhit_uatext.php)"
189.104.223.98 - - [25/Mar/2013:00:43:37 +0000] "GET /images/lookbook/thumbs/13.jpg HTTP/1.1" 200 86552 "http://madamems.com.br/blog/index.php/10-dicas-de-celebridades-sobre-o-universo-feminino/?ajaxpipe=1&ajaxpipe_token=AXjgmBIsl840nRrQ&quickling[version]=764699%3B0%3B0%3B0&__user=100002608300116&__a=1&__dyn=798aD5z5CF-&__req=jsonp_3&__adt=3" "Mozilla/5.0 (Windows NT 5.1) AppleWebKit/537.22 (KHTML, like Gecko) Chrome/25.0.1364.172 Safari/537.22"
189.104.223.98 - - [25/Mar/2013:00:43:37 +0000] "GET /blog/index.php/10-dicas-de-celebridades-sobre-o-universo-feminino/?ajaxpipe=1&ajaxpipe_token=AXjgmBIsl840nRrQ&quickling[version]=764699%3B0%3B0%3B0&__user=100002608300116&__a=1&__dyn=798aD5z5CF-&__req=jsonp_5&__adt=5 HTTP/1.1" 200 17950 "http://www.facebook.com/l/0AQEoFsoq/madamems.com.br/blog/index.php/10-dicas-de-celebridades-sobre-o-universo-feminino/?ajaxpipe=1&ajaxpipe_token=AXjgmBIsl840nRrQ&quickling[version]=764699%3B0%3B0%3B0&__user=100002608300116&__a=1&__dyn=798aD5z5CF-&__req=jsonp_5&__adt=5" "Mozilla/5.0 (Windows NT 5.1) AppleWebKit/537.22 (KHTML, like Gecko) Chrome/25.0.1364.172 Safari/537.22"
189.104.223.98 - - [25/Mar/2013:00:43:39 +0000] "GET /images/lookbook/thumbs/27.jpg HTTP/1.1" 200 66011 "http://madamems.com.br/blog/index.php/10-dicas-de-celebridades-sobre-o-universo-feminino/?ajaxpipe=1&ajaxpipe_token=AXjgmBIsl840nRrQ&quickling[version]=764699%3B0%3B0%3B0&__user=100002608300116&__a=1&__dyn=798aD5z5CF-&__req=jsonp_5&__adt=5" "Mozilla/5.0 (Windows NT 5.1) AppleWebKit/537.22 (KHTML, like Gecko) Chrome/25.0.1364.172 Safari/537.22"
187.126.148.1 - - [25/Mar/2013:00:43:39 +0000] "GET /favicon.ico HTTP/1.1" 404 2177 "-" "Mozilla/5.0 (Windows NT 6.1) AppleWebKit/537.22 (KHTML, like Gecko) Chrome/25.0.1364.172 Safari/537.22"
189.104.223.98 - - [25/Mar/2013:00:43:43 +0000] "GET /images/lookbook/thumbs/19.jpg HTTP/1.1" 200 90572 "http://madamems.com.br/blog/index.php/10-dicas-de-celebridades-sobre-o-universo-feminino/?ajaxpipe=1&ajaxpipe_token=AXjgmBIsl840nRrQ&quickling[version]=764699%3B0%3B0%3B0&__user=100002608300116&__a=1&__dyn=798aD5z5CF-&__req=jsonp_4&__adt=4" "Mozilla/5.0 (Windows NT 5.1) AppleWebKit/537.22 (KHTML, like Gecko) Chrome/25.0.1364.172 Safari/537.22"
187.126.148.1 - - [25/Mar/2013:00:43:43 +0000] "GET /favicon.ico HTTP/1.1" 404 2177 "-" "Mozilla/5.0 (Windows NT 6.1) AppleWebKit/537.22 (KHTML, like Gecko) Chrome/25.0.1364.172 Safari/537.22"
187.65.171.177 - - [25/Mar/2013:00:43:47 +0000] "GET /blog/index.php/page/6/ HTTP/1.1" 200 26901 "http://madamems.com.br/blog/index.php/page/5/" "Mozilla/5.0 (Linux; Android 4.1.2; GT-I9300 Build/JZO54K) AppleWebKit/535.19 (KHTML, like Gecko) Chrome/18.0.1025.166 Mobile Safari/535.19"
187.65.171.177 - - [25/Mar/2013:00:43:47 +0000] "GET /blog/wp-content/uploads/LY_Madame_Blog_21_01_B.jpg HTTP/1.1" 200 171019 "http://madamems.com.br/blog/index.php/page/6/" "Mozilla/5.0 (Linux; Android 4.1.2; GT-I9300 Build/JZO54K) AppleWebKit/535.19 (KHTML, like Gecko) Chrome/18.0.1025.166 Mobile Safari/535.19"
187.65.171.177 - - [25/Mar/2013:00:43:47 +0000] "GET /blog/wp-content/uploads/LY_Madame_Blog_16_01_01.jpg HTTP/1.1" 200 141767 "http://madamems.com.br/blog/index.php/page/6/" "Mozilla/5.0 (Linux; Android 4.1.2; GT-I9300 Build/JZO54K) AppleWebKit/535.19 (KHTML, like Gecko) Chrome/18.0.1025.166 Mobile Safari/535.19"
187.65.171.177 - - [25/Mar/2013:00:43:47 +0000] "GET /blog/wp-content/uploads/LY_Madame_Blog_16_01_02.jpg HTTP/1.1" 200 153280 "http://madamems.com.br/blog/index.php/page/6/" "Mozilla/5.0 (Linux; Android 4.1.2; GT-I9300 Build/JZO54K) AppleWebKit/535.19 (KHTML, like Gecko) Chrome/18.0.1025.166 Mobile Safari/535.19"
187.65.171.177 - - [25/Mar/2013:00:43:47 +0000] "GET /blog/wp-content/uploads/LY_Madame_Blog_16_01_03.jpg HTTP/1.1" 200 80228 "http://madamems.com.br/blog/index.php/page/6/" "Mozilla/5.0 (Linux; Android 4.1.2; GT-I9300 Build/JZO54K) AppleWebKit/535.19 (KHTML, like Gecko) Chrome/18.0.1025.166 Mobile Safari/535.19"
187.65.171.177 - - [25/Mar/2013:00:43:47 +0000] "GET /blog/wp-content/uploads/LY_Madame_Blog_21_01_A.jpg HTTP/1.1" 200 112508 "http://madamems.com.br/blog/index.php/page/6/" "Mozilla/5.0 (Linux; Android 4.1.2; GT-I9300 Build/JZO54K) AppleWebKit/535.19 (KHTML, like Gecko) Chrome/18.0.1025.166 Mobile Safari/535.19"
187.65.171.177 - - [25/Mar/2013:00:43:48 +0000] "GET /blog/wp-content/uploads/LY_Madame_Blog_14_01_02.jpg HTTP/1.1" 200 285107 "http://madamems.com.br/blog/index.php/page/6/" "Mozilla/5.0 (Linux; Android 4.1.2; GT-I9300 Build/JZO54K) AppleWebKit/535.19 (KHTML, like Gecko) Chrome/18.0.1025.166 Mobile Safari/535.19"
187.65.171.177 - - [25/Mar/2013:00:43:48 +0000] "GET /blog/wp-content/uploads/LY_Madame_Blog_21_01_C.jpg HTTP/1.1" 200 108283 "http://madamems.com.br/blog/index.php/page/6/" "Mozilla/5.0 (Linux; Android 4.1.2; GT-I9300 Build/JZO54K) AppleWebKit/535.19 (KHTML, like Gecko) Chrome/18.0.1025.166 Mobile Safari/535.19"
187.65.171.177 - - [25/Mar/2013:00:43:48 +0000] "GET /blog/wp-content/uploads/LY_Madame_Blog_14_01_041.jpg HTTP/1.1" 200 328039 "http://madamems.com.br/blog/index.php/page/6/" "Mozilla/5.0 (Linux; Android 4.1.2; GT-I9300 Build/JZO54K) AppleWebKit/535.19 (KHTML, like Gecko) Chrome/18.0.1025.166 Mobile Safari/535.19"
187.65.171.177 - - [25/Mar/2013:00:43:50 +0000] "GET /blog/wp-content/uploads/LY_Madame_Blog_17_01.jpg HTTP/1.1" 200 245557 "http://madamems.com.br/blog/index.php/page/6/" "Mozilla/5.0 (Linux; Android 4.1.2; GT-I9300 Build/JZO54K) AppleWebKit/535.19 (KHTML, like Gecko) Chrome/18.0.1025.166 Mobile Safari/535.19"
187.65.171.177 - - [25/Mar/2013:00:43:50 +0000] "GET /blog/wp-content/uploads/LY_Madame_Blog_14_01_01.jpg HTTP/1.1" 200 332259 "http://madamems.com.br/blog/index.php/page/6/" "Mozilla/5.0 (Linux; Android 4.1.2; GT-I9300 Build/JZO54K) AppleWebKit/535.19 (KHTML, like Gecko) Chrome/18.0.1025.166 Mobile Safari/535.19"
187.65.171.177 - - [25/Mar/2013:00:43:51 +0000] "GET /blog/wp-content/uploads/LY_Madame_Blog_14_01_03.jpg HTTP/1.1" 200 298339 "http://madamems.com.br/blog/index.php/page/6/" "Mozilla/5.0 (Linux; Android 4.1.2; GT-I9300 Build/JZO54K) AppleWebKit/535.19 (KHTML, like Gecko) Chrome/18.0.1025.166 Mobile Safari/535.19"
187.65.171.177 - - [25/Mar/2013:00:43:51 +0000] "GET /blog/wp-content/uploads/LY_Madame_Blog_14_01_05.jpg HTTP/1.1" 200 299984 "http://madamems.com.br/blog/index.php/page/6/" "Mozilla/5.0 (Linux; Android 4.1.2; GT-I9300 Build/JZO54K) AppleWebKit/535.19 (KHTML, like Gecko) Chrome/18.0.1025.166 Mobile Safari/535.19"
187.65.171.177 - - [25/Mar/2013:00:43:51 +0000] "GET /blog/wp-content/uploads/madame-blog-11-01.jpg HTTP/1.1" 200 193398 "http://madamems.com.br/blog/index.php/page/6/" "Mozilla/5.0 (Linux; Android 4.1.2; GT-I9300 Build/JZO54K) AppleWebKit/535.19 (KHTML, like Gecko) Chrome/18.0.1025.166 Mobile Safari/535.19"
189.104.223.98 - - [25/Mar/2013:00:43:52 +0000] "GET /images/lookbook/thumbs/1.jpg HTTP/1.1" 200 94597 "http://madamems.com.br/blog/index.php/10-dicas-de-celebridades-sobre-o-universo-feminino/?ajaxpipe=1&ajaxpipe_token=AXjgmBIsl840nRrQ&quickling[version]=764699%3B0%3B0%3B0&__user=100002608300116&__a=1&__dyn=798aD5z5CF-&__req=jsonp_5&__adt=5" "Mozilla/5.0 (Windows NT 5.1) AppleWebKit/537.22 (KHTML, like Gecko) Chrome/25.0.1364.172 Safari/537.22"
189.104.223.98 - - [25/Mar/2013:00:43:52 +0000] "GET /images/lookbook/thumbs/6.jpg HTTP/1.1" 200 72755 "http://madamems.com.br/blog/index.php/10-dicas-de-celebridades-sobre-o-universo-feminino/?ajaxpipe=1&ajaxpipe_token=AXjgmBIsl840nRrQ&quickling[version]=764699%3B0%3B0%3B0&__user=100002608300116&__a=1&__dyn=798aD5z5CF-&__req=jsonp_3&__adt=3" "Mozilla/5.0 (Windows NT 5.1) AppleWebKit/537.22 (KHTML, like Gecko) Chrome/25.0.1364.172 Safari/537.22"
187.126.148.1 - - [25/Mar/2013:00:43:55 +0000] "GET /favicon.ico HTTP/1.1" 404 2177 "-" "Mozilla/5.0 (Windows NT 6.1) AppleWebKit/537.22 (KHTML, like Gecko) Chrome/25.0.1364.172 Safari/537.22"
187.65.171.177 - - [25/Mar/2013:00:43:55 +0000] "GET /favicon.ico HTTP/1.1" 404 2465 "-" "Mozilla/5.0 (Linux; Android 4.1.2; GT-I9300 Build/JZO54K) AppleWebKit/535.19 (KHTML, like Gecko) Chrome/18.0.1025.166 Mobile Safari/535.19"
187.65.171.177 - - [25/Mar/2013:00:43:55 +0000] "GET /apple-touch-icon-precomposed.png HTTP/1.1" 404 2486 "-" "Mozilla/5.0 (Linux; Android 4.1.2; GT-I9300 Build/JZO54K) AppleWebKit/535.19 (KHTML, like Gecko) Chrome/18.0.1025.166 Mobile Safari/535.19"
187.65.171.177 - - [25/Mar/2013:00:43:55 +0000] "GET /apple-touch-icon.png HTTP/1.1" 404 2474 "-" "Mozilla/5.0 (Linux; Android 4.1.2; GT-I9300 Build/JZO54K) AppleWebKit/535.19 (KHTML, like Gecko) Chrome/18.0.1025.166 Mobile Safari/535.19"
