189.104.223.98 - - [25/Mar/2013:00:43:57 +0000] "GET /images/lookbook/thumbs/11.jpg HTTP/1.1" 200 78893 "http://madamems.com.br/blog/index.php/10-dicas-de-celebridades-sobre-o-universo-feminino/?ajaxpipe=1&ajaxpipe_token=AXjgmBIsl840nRrQ&quickling[version]=764699%3B0%3B0%3B0&__user=100002608300116&__a=1&__dyn=798aD5z5CF-&__req=jsonp_6&__adt=6" "Mozilla/5.0 (Windows NT 5.1) AppleWebKit/537.22 (KHTML, like Gecko) Chrome/25.0.1364.172 Safari/537.22"
189.104.223.98 - - [25/Mar/2013:00:44:01 +0000] "GET /images/lookbook/thumbs/12.jpg HTTP/1.1" 200 83963 "http://madamems.com.br/blog/index.php/10-dicas-de-celebridades-sobre-o-universo-feminino/?ajaxpipe=1&ajaxpipe_token=AXjgmBIsl840nRrQ&quickling[version]=764699%3B0%3B0%3B0&__user=100002608300116&__a=1&__dyn=798aD5z5CF-&__req=jsonp_4&__adt=4" "Mozilla/5.0 (Windows NT 5.1) AppleWebKit/537.22 (KHTML, like Gecko) Chrome/25.0.1364.172 Safari/537.22"
189.32.147.232 - - [25/Mar/2013:00:44:02 +0000] "GET /favicon.ico HTTP/1.1" 404 2177 "-" "Mozilla/5.0 (Windows NT 6.0) AppleWebKit/537.22 (KHTML, like Gecko) Chrome/25.0.1364.172 Safari/537.22"
189.104.223.98 - - [25/Mar/2013:00:44:09 +0000] "GET /images/lookbook/thumbs/14.jpg HTTP/1.1" 200 95906 "http://madamems.com.br/blog/index.php/10-dicas-de-celebridades-sobre-o-universo-feminino/?ajaxpipe=1&ajaxpipe_token=AXjgmBIsl840nRrQ&quickling[version]=764699%3B0%3B0%3B0&__user=100002608300116&__a=1&__dyn=798aD5z5CF-&__req=jsonp_5&__adt=5" "Mozilla/5.0 (Windows NT 5.1) AppleWebKit/537.22 (KHTML, like Gecko) Chrome/25.0.1364.172 Safari/537.22"
189.104.223.98 - - [25/Mar/2013:00:44:09 +0000] "GET /images/lookbook/thumbs/10.jpg HTTP/1.1" 200 98197 "http://madamems.com.br/blog/index.php/10-dicas-de-celebridades-sobre-o-universo-feminino/?ajaxpipe=1&ajaxpipe_token=AXjgmBIsl840nRrQ&quickling[version]=764699%3B0%3B0%3B0&__user=100002608300116&__a=1&__dyn=798aD5z5CF-&__req=jsonp_6&__adt=6" "Mozilla/5.0 (Windows NT 5.1) AppleWebKit/537.22 (KHTML, like Gecko) Chrome/25.0.1364.172 Safari/537.22"
189.104.223.98 - - [25/Mar/2013:00:44:10 +0000] "GET /images/lookbook/thumbs/5.jpg HTTP/1.1" 200 86401 "http://madamems.com.br/blog/index.php/10-dicas-de-celebridades-sobre-o-universo-feminino/?ajaxpipe=1&ajaxpipe_token=AXjgmBIsl840nRrQ&quickling[version]=764699%3B0%3B0%3B0&__user=100002608300116&__a=1&__dyn=798aD5z5CF-&__req=jsonp_3&__adt=3" "Mozilla/5.0 (Windows NT 5.1) AppleWebKit/537.22 (KHTML, like Gecko) Chrome/25.0.1364.172 Safari/537.22"
187.65.171.177 - - [25/Mar/2013:00:44:12 +0000] "GET /images/lookbook/thumbs/22.jpg HTTP/1.1" 200 82229 "http://madamems.com.br/blog/index.php/page/6/" "Mozilla/5.0 (Linux; Android 4.1.2; GT-I9300 Build/JZO54K) AppleWebKit/535.19 (KHTML, like Gecko) Chrome/18.0.1025.166 Mobile Safari/535.19"
189.104.223.98 - - [25/Mar/2013:00:44:18 +0000] "GET /images/lookbook/thumbs/3.jpg HTTP/1.1" 200 87032 "http://madamems.com.br/blog/index.php/10-dicas-de-celebridades-sobre-o-universo-feminino/?ajaxpipe=1&ajaxpipe_token=AXjgmBIsl840nRrQ&quickling[version]=764699%3B0%3B0%3B0&__user=100002608300116&__a=1&__dyn=798aD5z5CF-&__req=jsonp_4&__adt=4" "Mozilla/5.0 (Windows NT 5.1) AppleWebKit/537.22 (KHTML, like Gecko) Chrome/25.0.1364.172 Safari/537.22"
189.104.223.98 - - [25/Mar/2013:00:44:22 +0000] "GET /images/lookbook/thumbs/28.jpg HTTP/1.1" 200 61221 "http://madamems.com.br/blog/index.php/10-dicas-de-celebridades-sobre-o-universo-feminino/?ajaxpipe=1&ajaxpipe_token=AXjgmBIsl840nRrQ&quickling[version]=764699%3B0%3B0%3B0&__user=100002608300116&__a=1&__dyn=798aD5z5CF-&__req=jsonp_6&__adt=6" "Mozilla/5.0 (Windows NT 5.1) AppleWebKit/537.22 (KHTML, like Gecko) Chrome/25.0.1364.172 Safari/537.22"
189.104.223.98 - - [25/Mar/2013:00:44:25 +0000] "GET /images/lookbook/thumbs/29.jpg HTTP/1.1" 200 67863 "http://madamems.com.br/blog/index.php/10-dicas-de-celebridades-sobre-o-universo-feminino/?ajaxpipe=1&ajaxpipe_token=AXjgmBIsl840nRrQ&quickling[version]=764699%3B0%3B0%3B0&__user=100002608300116&__a=1&__dyn=798aD5z5CF-&__req=jsonp_3&__adt=3" "Mozilla/5.0 (Windows NT 5.1) AppleWebKit/537.22 (KHTML, like Gecko) Chrome/25.0.1364.172 Safari/537.22"
189.104.223.98 - - [25/Mar/2013:00:44:28 +0000] "GET /images/lookbook/thumbs/20.jpg HTTP/1.1" 200 107448 "http://madamems.com.br/blog/index.php/10-dicas-de-celebridades-sobre-o-universo-feminino/?ajaxpipe=1&ajaxpipe_token=AXjgmBIsl840nRrQ&quickling[version]=764699%3B0%3B0%3B0&__user=100002608300116&__a=1&__dyn=798aD5z5CF-&__req=jsonp_5&__adt=5" "Mozilla/5.0 (Windows NT 5.1) AppleWebKit/537.22 (KHTML, like Gecko) Chrome/25.0.1364.172 Safari/537.22"
187.126.148.1 - - [25/Mar/2013:00:44:30 +0000] "GET /favicon.ico HTTP/1.1" 404 2177 "-" "Mozilla/5.0 (Windows NT 6.1) AppleWebKit/537.22 (KHTML, like Gecko) Chrome/25.0.1364.172 Safari/537.22"
189.104.223.98 - - [25/Mar/2013:00:44:34 +0000] "GET /images/lookbook/thumbs/15.jpg HTTP/1.1" 200 78181 "http://madamems.com.br/blog/index.php/10-dicas-de-celebridades-sobre-o-universo-feminino/?ajaxpipe=1&ajaxpipe_token=AXjgmBIsl840nRrQ&quickling[version]=764699%3B0%3B0%3B0&__user=100002608300116&__a=1&__dyn=798aD5z5CF-&__req=jsonp_4&__adt=4" "Mozilla/5.0 (Windows NT 5.1) AppleWebKit/537.22 (KHTML, like Gecko) Chrome/25.0.1364.172 Safari/537.22"
187.65.171.177 - - [25/Mar/2013:00:44:34 +0000] "GET /images/lookbook/thumbs/30.jpg HTTP/1.1" 200 40999 "http://madamems.com.br/blog/index.php/page/6/" "Mozilla/5.0 (Linux; Android 4.1.2; GT-I9300 Build/JZO54K) AppleWebKit/535.19 (KHTML, like Gecko) Chrome/18.0.1025.166 Mobile Safari/535.19"
189.104.223.98 - - [25/Mar/2013:00:44:39 +0000] "GET /images/lookbook/thumbs/26.jpg HTTP/1.1" 200 87314 "http://madamems.com.br/blog/index.php/10-dicas-de-celebridades-sobre-o-universo-feminino/?ajaxpipe=1&ajaxpipe_token=AXjgmBIsl840nRrQ&quickling[version]=764699%3B0%3B0%3B0&__user=100002608300116&__a=1&__dyn=798aD5z5CF-&__req=jsonp_3&__adt=3" "Mozilla/5.0 (Windows NT 5.1) AppleWebKit/537.22 (KHTML, like Gecko) Chrome/25.0.1364.172 Safari/537.22"
189.104.223.98 - - [25/Mar/2013:00:44:42 +0000] "GET /images/lookbook/thumbs/23.jpg HTTP/1.1" 200 83113 "http://madamems.com.br/blog/index.php/10-dicas-de-celebridades-sobre-o-universo-feminino/?ajaxpipe=1&ajaxpipe_token=AXjgmBIsl840nRrQ&quickling[version]=764699%3B0%3B0%3B0&__user=100002608300116&__a=1&__dyn=798aD5z5CF-&__req=jsonp_5&__adt=5" "Mozilla/5.0 (Windows NT 5.1) AppleWebKit/537.22 (KHTML, like Gecko) Chrome/25.0.1364.172 Safari/537.22"
198.105.219.54 - - [25/Mar/2013:00:44:50 +0000] "HEAD / HTTP/1.1" 200 439 "-" "checks.panopta.com"
187.65.171.177 - - [25/Mar/2013:00:44:57 +0000] "GET /images/lookbook/thumbs/7.jpg HTTP/1.1" 200 91006 "http://madamems.com.br/blog/index.php/page/6/" "Mozilla/5.0 (Linux; Android 4.1.2; GT-I9300 Build/JZO54K) AppleWebKit/535.19 (KHTML, like Gecko) Chrome/18.0.1025.166 Mobile Safari/535.19"
189.104.223.98 - - [25/Mar/2013:00:45:08 +0000] "GET /images/lookbook/thumbs/30.jpg HTTP/1.1" 200 41212 "http://madamems.com.br/blog/index.php/10-dicas-de-celebridades-sobre-o-universo-feminino/?ajaxpipe=1&ajaxpipe_token=AXjgmBIsl840nRrQ&quickling[version]=764699%3B0%3B0%3B0&__user=100002608300116&__a=1&__dyn=798aD5z5CF-&__req=jsonp_4&__adt=4" "Mozilla/5.0 (Windows NT 5.1) AppleWebKit/537.22 (KHTML, like Gecko) Chrome/25.0.1364.172 Safari/537.22"
189.104.223.98 - - [25/Mar/2013:00:45:08 +0000] "GET /images/lookbook/thumbs/7.jpg HTTP/1.1" 200 91219 "http://madamems.com.br/blog/index.php/10-dicas-de-celebridades-sobre-o-universo-feminino/?ajaxpipe=1&ajaxpipe_token=AXjgmBIsl840nRrQ&quickling[version]=764699%3B0%3B0%3B0&__user=100002608300116&__a=1&__dyn=798aD5z5CF-&__req=jsonp_6&__adt=6" "Mozilla/5.0 (Windows NT 5.1) AppleWebKit/537.22 (KHTML, like Gecko) Chrome/25.0.1364.172 Safari/537.22"
187.65.171.177 - - [25/Mar/2013:00:45:09 +0000] "GET /images/lookbook/thumbs/29.jpg HTTP/1.1" 200 67650 "http://madamems.com.br/blog/index.php/page/6/" "Mozilla/5.0 (Linux; Android 4.1.2; GT-I9300 Build/JZO54K) AppleWebKit/535.19 (KHTML, like Gecko) Chrome/18.0.1025.166 Mobile Safari/535.19"
189.104.223.98 - - [25/Mar/2013:00:45:17 +0000] "GET /images/lookbook/thumbs/32.jpg HTTP/1.1" 200 28549 "http://madamems.com.br/blog/index.php/10-dicas-de-celebridades-sobre-o-universo-feminino/?ajaxpipe=1&ajaxpipe_token=AXjgmBIsl840nRrQ&quickling[version]=764699%3B0%3B0%3B0&__user=100002608300116&__a=1&__dyn=798aD5z5CF-&__req=jsonp_5&__adt=5" "Mozilla/5.0 (Windows NT 5.1) AppleWebKit/537.22 (KHTML, like Gecko) Chrome/25.0.1364.172 Safari/537.22"
189.104.223.98 - - [25/Mar/2013:00:45:30 +0000] "GET /images/lookbook/thumbs/2.jpg HTTP/1.1" 200 87505 "http://madamems.com.br/blog/index.php/10-dicas-de-celebridades-sobre-o-universo-feminino/?ajaxpipe=1&ajaxpipe_token=AXjgmBIsl840nRrQ&quickling[version]=764699%3B0%3B0%3B0&__user=100002608300116&__a=1&__dyn=798aD5z5CF-&__req=jsonp_5&__adt=5" "Mozilla/5.0 (Windows NT 5.1) AppleWebKit/537.22 (KHTML, like Gecko) Chrome/25.0.1364.172 Safari/537.22"
189.104.223.98 - - [25/Mar/2013:00:45:31 +0000] "GET /images/lookbook/thumbs/22.jpg HTTP/1.1" 200 82442 "http://madamems.com.br/blog/index.php/10-dicas-de-celebridades-sobre-o-universo-feminino/?ajaxpipe=1&ajaxpipe_token=AXjgmBIsl840nRrQ&quickling[version]=764699%3B0%3B0%3B0&__user=100002608300116&__a=1&__dyn=798aD5z5CF-&__req=jsonp_4&__adt=4" "Mozilla/5.0 (Windows NT 5.1) AppleWebKit/537.22 (KHTML, like Gecko) Chrome/25.0.1364.172 Safari/537.22"
189.104.223.98 - - [25/Mar/2013:00:45:42 +0000] "GET /images/lookbook/thumbs/25.jpg HTTP/1.1" 200 77698 "http://madamems.com.br/blog/index.php/10-dicas-de-celebridades-sobre-o-universo-feminino/?ajaxpipe=1&ajaxpipe_token=AXjgmBIsl840nRrQ&quickling[version]=764699%3B0%3B0%3B0&__user=100002608300116&__a=1&__dyn=798aD5z5CF-&__req=jsonp_6&__adt=6" "Mozilla/5.0 (Windows NT 5.1) AppleWebKit/537.22 (KHTML, like Gecko) Chrome/25.0.1364.172 Safari/537.22"
189.104.223.98 - - [25/Mar/2013:00:45:53 +0000] "GET /images/lookbook/thumbs/31.jpg HTTP/1.1" 200 33134 "http://madamems.com.br/blog/index.php/10-dicas-de-celebridades-sobre-o-universo-feminino/?ajaxpipe=1&ajaxpipe_token=AXjgmBIsl840nRrQ&quickling[version]=764699%3B0%3B0%3B0&__user=100002608300116&__a=1&__dyn=798aD5z5CF-&__req=jsonp_5&__adt=5" "Mozilla/5.0 (Windows NT 5.1) AppleWebKit/537.22 (KHTML, like Gecko) Chrome/25.0.1364.172 Safari/537.22"
189.104.223.98 - - [25/Mar/2013:00:45:57 +0000] "GET /images/lookbook/thumbs/24.jpg HTTP/1.1" 200 104028 "http://madamems.com.br/blog/index.php/10-dicas-de-celebridades-sobre-o-universo-feminino/?ajaxpipe=1&ajaxpipe_token=AXjgmBIsl840nRrQ&quickling[version]=764699%3B0%3B0%3B0&__user=100002608300116&__a=1&__dyn=798aD5z5CF-&__req=jsonp_6&__adt=6" "Mozilla/5.0 (Windows NT 5.1) AppleWebKit/537.22 (KHTML, like Gecko) Chrome/25.0.1364.172 Safari/537.22"
187.65.171.177 - - [25/Mar/2013:00:46:06 +0000] "GET /images/lookbook/thumbs/24.jpg HTTP/1.1" 200 103815 "http://madamems.com.br/blog/index.php/page/6/" "Mozilla/5.0 (Linux; Android 4.1.2; GT-I9300 Build/JZO54K) AppleWebKit/535.19 (KHTML, like Gecko) Chrome/18.0.1025.166 Mobile Safari/535.19"
189.104.223.98 - - [25/Mar/2013:00:46:42 +0000] "GET /images/lookbook/thumbs/17.jpg HTTP/1.1" 200 72747 "http://madamems.com.br/blog/index.php/10-dicas-de-celebridades-sobre-o-universo-feminino/?ajaxpipe=1&ajaxpipe_token=AXjgmBIsl840nRrQ&quickling[version]=764699%3B0%3B0%3B0&__user=100002608300116&__a=1&__dyn=798aD5z5CF-&__req=jsonp_3&__adt=3" "Mozilla/5.0 (Windows NT 5.1) AppleWebKit/537.22 (KHTML, like Gecko) Chrome/25.0.1364.172 Safari/537.22"
189.104.223.98 - - [25/Mar/2013:00:46:49 +0000] "GET /images/lookbook/thumbs/9.jpg HTTP/1.1" 200 76973 "http://madamems.com.br/blog/index.php/10-dicas-de-celebridades-sobre-o-universo-feminino/?ajaxpipe=1&ajaxpipe_token=AXjgmBIsl840nRrQ&quickling[version]=764699%3B0%3B0%3B0&__user=100002608300116&__a=1&__dyn=798aD5z5CF-&__req=jsonp_4&__adt=4" "Mozilla/5.0 (Windows NT 5.1) AppleWebKit/537.22 (KHTML, like Gecko) Chrome/25.0.1364.172 Safari/537.22"
189.104.223.98 - - [25/Mar/2013:00:46:50 +0000] "GET /images/lookbook/thumbs/18.jpg HTTP/1.1" 200 91254 "http://madamems.com.br/blog/index.php/10-dicas-de-celebridades-sobre-o-universo-feminino/?ajaxpipe=1&ajaxpipe_token=AXjgmBIsl840nRrQ&quickling[version]=764699%3B0%3B0%3B0&__user=100002608300116&__a=1&__dyn=798aD5z5CF-&__req=jsonp_5&__adt=5" "Mozilla/5.0 (Windows NT 5.1) AppleWebKit/537.22 (KHTML, like Gecko) Chrome/25.0.1364.172 Safari/537.22"
189.104.223.98 - - [25/Mar/2013:00:47:46 +0000] "GET /images/lookbook/thumbs/8.jpg HTTP/1.1" 200 81945 "http://madamems.com.br/blog/index.php/10-dicas-de-celebridades-sobre-o-universo-feminino/?ajaxpipe=1&ajaxpipe_token=AXjgmBIsl840nRrQ&quickling[version]=764699%3B0%3B0%3B0&__user=100002608300116&__a=1&__dyn=798aD5z5CF-&__req=jsonp_5&__adt=5" "Mozilla/5.0 (Windows NT 5.1) AppleWebKit/537.22 (KHTML, like Gecko) Chrome/25.0.1364.172 Safari/537.22"
177.32.40.108 - - [25/Mar/2013:00:48:26 +0000] "GET /js/login.js HTTP/1.1" 200 3003 "http://mgstudio.com.br/madamems/inverno13/" "Mozilla/5.0 (Windows NT 6.1) AppleWebKit/537.22 (KHTML, like Gecko) Chrome/25.0.1364.172 Safari/537.22"
177.32.40.108 - - [25/Mar/2013:00:48:28 +0000] "GET /lookbook.htm HTTP/1.1" 200 26306 "https://www.google.com.br/" "Mozilla/5.0 (Windows NT 6.1) AppleWebKit/537.22 (KHTML, like Gecko) Chrome/25.0.1364.172 Safari/537.22"
177.32.40.108 - - [25/Mar/2013:00:48:28 +0000] "GET /css/style.css HTTP/1.1" 200 22315 "http://www.madamems.com.br/lookbook.htm" "Mozilla/5.0 (Windows NT 6.1) AppleWebKit/537.22 (KHTML, like Gecko) Chrome/25.0.1364.172 Safari/537.22"
177.32.40.108 - - [25/Mar/2013:00:48:28 +0000] "GET /js/login.js HTTP/1.1" 200 3000 "http://www.madamems.com.br/lookbook.htm" "Mozilla/5.0 (Windows NT 6.1) AppleWebKit/537.22 (KHTML, like Gecko) Chrome/25.0.1364.172 Safari/537.22"
177.32.40.108 - - [25/Mar/2013:00:48:28 +0000] "GET /cufon/cufon-replace.js HTTP/1.1" 200 1406 "http://www.madamems.com.br/lookbook.htm" "Mozilla/5.0 (Windows NT 6.1) AppleWebKit/537.22 (KHTML, like Gecko) Chrome/25.0.1364.172 Safari/537.22"
177.32.40.108 - - [25/Mar/2013:00:48:30 +0000] "GET /js/jquery.easing.1.3.js HTTP/1.1" 200 9310 "http://www.madamems.com.br/lookbook.htm" "Mozilla/5.0 (Windows NT 6.1) AppleWebKit/537.22 (KHTML, like Gecko) Chrome/25.0.1364.172 Safari/537.22"
177.32.40.108 - - [25/Mar/2013:00:48:30 +0000] "GET /cufon/cufon-yui.js HTTP/1.1" 200 19269 "http://www.madamems.com.br/lookbook.htm" "Mozilla/5.0 (Windows NT 6.1) AppleWebKit/537.22 (KHTML, like Gecko) Chrome/25.0.1364.172 Safari/537.22"
177.32.40.108 - - [25/Mar/2013:00:48:37 +0000] "GET /cufon/Sansumi_700-Sansumi-ExtraBold_800.font.js HTTP/1.1" 200 180377 "http://www.madamems.com.br/lookbook.htm" "Mozilla/5.0 (Windows NT 6.1) AppleWebKit/537.22 (KHTML, like Gecko) Chrome/25.0.1364.172 Safari/537.22"
177.32.40.108 - - [25/Mar/2013:00:48:37 +0000] "GET /radio-madamems/ HTTP/1.1" 200 3671 "http://www.madamems.com.br/lookbook.htm" "Mozilla/5.0 (Windows NT 6.1) AppleWebKit/537.22 (KHTML, like Gecko) Chrome/25.0.1364.172 Safari/537.22"
177.32.40.108 - - [25/Mar/2013:00:48:38 +0000] "GET /images/bg.jpg HTTP/1.1" 200 11031 "http://www.madamems.com.br/lookbook.htm" "Mozilla/5.0 (Windows NT 6.1) AppleWebKit/537.22 (KHTML, like Gecko) Chrome/25.0.1364.172 Safari/537.22"
177.32.40.108 - - [25/Mar/2013:00:48:38 +0000] "GET /images/toggle_down_light.png HTTP/1.1" 200 2123 "http://www.madamems.com.br/lookbook.htm" "Mozilla/5.0 (Windows NT 6.1) AppleWebKit/537.22 (KHTML, like Gecko) Chrome/25.0.1364.172 Safari/537.22"
177.32.40.108 - - [25/Mar/2013:00:48:38 +0000] "GET /images/bg-menu.jpg HTTP/1.1" 200 5836 "http://www.madamems.com.br/lookbook.htm" "Mozilla/5.0 (Windows NT 6.1) AppleWebKit/537.22 (KHTML, like Gecko) Chrome/25.0.1364.172 Safari/537.22"
177.32.40.108 - - [25/Mar/2013:00:48:38 +0000] "GET /images/arrow.jpg HTTP/1.1" 200 5768 "http://www.madamems.com.br/lookbook.htm" "Mozilla/5.0 (Windows NT 6.1) AppleWebKit/537.22 (KHTML, like Gecko) Chrome/25.0.1364.172 Safari/537.22"
177.32.40.108 - - [25/Mar/2013:00:48:38 +0000] "GET /images/logo.png HTTP/1.1" 200 18374 "http://www.madamems.com.br/lookbook.htm" "Mozilla/5.0 (Windows NT 6.1) AppleWebKit/537.22 (KHTML, like Gecko) Chrome/25.0.1364.172 Safari/537.22"
177.32.40.108 - - [25/Mar/2013:00:48:38 +0000] "GET /radio-madamems/skin/black/style.css HTTP/1.1" 200 9160 "http://www.madamems.com.br/radio-madamems/" "Mozilla/5.0 (Windows NT 6.1) AppleWebKit/537.22 (KHTML, like Gecko) Chrome/25.0.1364.172 Safari/537.22"
177.32.40.108 - - [25/Mar/2013:00:48:39 +0000] "GET /images/facebook-icon.jpg HTTP/1.1" 200 9974 "http://www.madamems.com.br/lookbook.htm" "Mozilla/5.0 (Windows NT 6.1) AppleWebKit/537.22 (KHTML, like Gecko) Chrome/25.0.1364.172 Safari/537.22"
177.32.40.108 - - [25/Mar/2013:00:48:39 +0000] "GET /radio-madamems/js/jplayer.playlist.min.js HTTP/1.1" 200 9477 "http://www.madamems.com.br/radio-madamems/" "Mozilla/5.0 (Windows NT 6.1) AppleWebKit/537.22 (KHTML, like Gecko) Chrome/25.0.1364.172 Safari/537.22"
177.32.40.108 - - [25/Mar/2013:00:48:39 +0000] "GET /images/lookbook/thumbs/16-004.jpg HTTP/1.1" 200 82384 "http://www.madamems.com.br/lookbook.htm" "Mozilla/5.0 (Windows NT 6.1) AppleWebKit/537.22 (KHTML, like Gecko) Chrome/25.0.1364.172 Safari/537.22"
177.32.40.108 - - [25/Mar/2013:00:48:39 +0000] "GET /images/lookbook/thumbs/25-019.jpg HTTP/1.1" 200 97792 "http://www.madamems.com.br/lookbook.htm" "Mozilla/5.0 (Windows NT 6.1) AppleWebKit/537.22 (KHTML, like Gecko) Chrome/25.0.1364.172 Safari/537.22"
177.32.40.108 - - [25/Mar/2013:00:48:39 +0000] "GET /images/lookbook/thumbs/10-014.jpg HTTP/1.1" 200 86620 "http://www.madamems.com.br/lookbook.htm" "Mozilla/5.0 (Windows NT 6.1) AppleWebKit/537.22 (KHTML, like Gecko) Chrome/25.0.1364.172 Safari/537.22"
177.32.40.108 - - [25/Mar/2013:00:48:39 +0000] "GET /images/lookbook/thumbs/30-003.jpg HTTP/1.1" 200 100889 "http://www.madamems.com.br/lookbook.htm" "Mozilla/5.0 (Windows NT 6.1) AppleWebKit/537.22 (KHTML, like Gecko) Chrome/25.0.1364.172 Safari/537.22"
177.32.40.108 - - [25/Mar/2013:00:48:40 +0000] "GET /radio-madamems/js/jquery.jplayer.min.js HTTP/1.1" 200 43755 "http://www.madamems.com.br/radio-madamems/" "Mozilla/5.0 (Windows NT 6.1) AppleWebKit/537.22 (KHTML, like Gecko) Chrome/25.0.1364.172 Safari/537.22"
177.32.40.108 - - [25/Mar/2013:00:48:40 +0000] "GET /images/lookbook/thumbs/13-010.jpg HTTP/1.1" 200 80260 "http://www.madamems.com.br/lookbook.htm" "Mozilla/5.0 (Windows NT 6.1) AppleWebKit/537.22 (KHTML, like Gecko) Chrome/25.0.1364.172 Safari/537.22"
177.32.40.108 - - [25/Mar/2013:00:48:40 +0000] "GET /images/loader.gif HTTP/1.1" 200 4196 "http://www.madamems.com.br/lookbook.htm" "Mozilla/5.0 (Windows NT 6.1) AppleWebKit/537.22 (KHTML, like Gecko) Chrome/25.0.1364.172 Safari/537.22"
177.32.40.108 - - [25/Mar/2013:00:48:40 +0000] "GET /images/lookbook/thumbs/24-002.jpg HTTP/1.1" 200 111554 "http://www.madamems.com.br/lookbook.htm" "Mozilla/5.0 (Windows NT 6.1) AppleWebKit/537.22 (KHTML, like Gecko) Chrome/25.0.1364.172 Safari/537.22"
177.32.40.108 - - [25/Mar/2013:00:48:40 +0000] "GET /images/lookbook/thumbs/29-009.jpg HTTP/1.1" 200 86050 "http://www.madamems.com.br/lookbook.htm" "Mozilla/5.0 (Windows NT 6.1) AppleWebKit/537.22 (KHTML, like Gecko) Chrome/25.0.1364.172 Safari/537.22"
177.32.40.108 - - [25/Mar/2013:00:48:41 +0000] "GET /radio-madamems/skin/black/sprite-black.png HTTP/1.1" 200 5875 "http://www.madamems.com.br/radio-madamems/" "Mozilla/5.0 (Windows NT 6.1) AppleWebKit/537.22 (KHTML, like Gecko) Chrome/25.0.1364.172 Safari/537.22"
177.32.40.108 - - [25/Mar/2013:00:48:41 +0000] "GET /radio-madamems/skin/black/gomust.png HTTP/1.1" 200 2723 "http://www.madamems.com.br/radio-madamems/" "Mozilla/5.0 (Windows NT 6.1) AppleWebKit/537.22 (KHTML, like Gecko) Chrome/25.0.1364.172 Safari/537.22"
177.32.40.108 - - [25/Mar/2013:00:48:41 +0000] "GET /images/lookbook/thumbs/28-017.jpg HTTP/1.1" 200 102647 "http://www.madamems.com.br/lookbook.htm" "Mozilla/5.0 (Windows NT 6.1) AppleWebKit/537.22 (KHTML, like Gecko) Chrome/25.0.1364.172 Safari/537.22"
177.32.40.108 - - [25/Mar/2013:00:48:41 +0000] "GET /images/lookbook/thumbs/09-007.jpg HTTP/1.1" 200 101249 "http://www.madamems.com.br/lookbook.htm" "Mozilla/5.0 (Windows NT 6.1) AppleWebKit/537.22 (KHTML, like Gecko) Chrome/25.0.1364.172 Safari/537.22"
177.32.40.108 - - [25/Mar/2013:00:48:41 +0000] "GET /images/blog-icon.jpg HTTP/1.1" 200 18452 "http://www.madamems.com.br/lookbook.htm" "Mozilla/5.0 (Windows NT 6.1) AppleWebKit/537.22 (KHTML, like Gecko) Chrome/25.0.1364.172 Safari/537.22"
177.32.40.108 - - [25/Mar/2013:00:48:42 +0000] "GET /images/close2.png HTTP/1.1" 200 1305 "http://www.madamems.com.br/lookbook.htm" "Mozilla/5.0 (Windows NT 6.1) AppleWebKit/537.22 (KHTML, like Gecko) Chrome/25.0.1364.172 Safari/537.22"
177.32.40.108 - - [25/Mar/2013:00:48:45 +0000] "GET /favicon.ico HTTP/1.1" 404 2177 "-" "Mozilla/5.0 (Windows NT 6.1) AppleWebKit/537.22 (KHTML, like Gecko) Chrome/25.0.1364.172 Safari/537.22"
177.32.40.108 - - [25/Mar/2013:00:48:45 +0000] "GET / HTTP/1.1" 200 1666 "-" "Mozilla/5.0 (Windows NT 6.1) AppleWebKit/537.22 (KHTML, like Gecko) Chrome/25.0.1364.172 Safari/537.22"
177.32.40.108 - - [25/Mar/2013:00:48:58 +0000] "GET /favicon.ico HTTP/1.1" 404 2177 "-" "Mozilla/5.0 (Windows NT 6.1) AppleWebKit/537.22 (KHTML, like Gecko) Chrome/25.0.1364.172 Safari/537.22"
66.249.76.44 - - [25/Mar/2013:00:49:32 +0000] "GET /blog/index.php/guia-do-bem-estar/ HTTP/1.1" 200 14349 "-" "Mozilla/5.0 (compatible; Googlebot/2.1;  http://www.google.com/bot.html)"
189.90.190.40 - - [25/Mar/2013:00:50:07 +0000] "GET /blog/wp-content/uploads/madame-decoracao-festa.jpg HTTP/1.1" 200 446427 "http://www.google.com.br/blank.html" "Mozilla/5.0 (compatible; MSIE 9.0; Windows NT 6.1; WOW64; Trident/5.0)"
177.32.40.108 - - [25/Mar/2013:00:52:25 +0000] "GET /blog/wp-content/themes/blogms/style.css HTTP/1.1" 200 3158 "http://www.madamems.com.br/blog/" "Mozilla/5.0 (Windows NT 6.1) AppleWebKit/537.22 (KHTML, like Gecko) Chrome/25.0.1364.172 Safari/537.22"
177.32.40.108 - - [25/Mar/2013:00:52:26 +0000] "GET /blog/wp-content/themes/madamems/style.css HTTP/1.1" 200 4014 "http://www.madamems.com.br/blog/" "Mozilla/5.0 (Windows NT 6.1) AppleWebKit/537.22 (KHTML, like Gecko) Chrome/25.0.1364.172 Safari/537.22"
189.32.147.232 - - [25/Mar/2013:00:52:26 +0000] "GET /favicon.ico HTTP/1.1" 404 2177 "-" "Mozilla/5.0 (Windows NT 6.0) AppleWebKit/537.22 (KHTML, like Gecko) Chrome/25.0.1364.172 Safari/537.22"
177.32.40.108 - - [25/Mar/2013:00:52:26 +0000] "GET /blog/wp-content/themes/blogms/images/tarja.png HTTP/1.1" 200 1252 "http://www.madamems.com.br/blog/" "Mozilla/5.0 (Windows NT 6.1) AppleWebKit/537.22 (KHTML, like Gecko) Chrome/25.0.1364.172 Safari/537.22"
189.32.147.232 - - [25/Mar/2013:00:52:27 +0000] "GET /favicon.ico HTTP/1.1" 404 2177 "-" "Mozilla/5.0 (Windows NT 6.0) AppleWebKit/537.22 (KHTML, like Gecko) Chrome/25.0.1364.172 Safari/537.22"
177.32.40.108 - - [25/Mar/2013:00:52:27 +0000] "GET /blog/wp-content/themes/blogms/images/top-img.jpg HTTP/1.1" 200 39510 "http://www.madamems.com.br/blog/" "Mozilla/5.0 (Windows NT 6.1) AppleWebKit/537.22 (KHTML, like Gecko) Chrome/25.0.1364.172 Safari/537.22"
177.32.40.108 - - [25/Mar/2013:00:52:27 +0000] "GET /blog/wp-content/themes/blogms/font/champagne__limousines_bold-webfont.woff HTTP/1.1" 200 22361 "http://www.madamems.com.br/blog/" "Mozilla/5.0 (Windows NT 6.1) AppleWebKit/537.22 (KHTML, like Gecko) Chrome/25.0.1364.172 Safari/537.22"
177.32.40.108 - - [25/Mar/2013:00:52:29 +0000] "GET /blog/ HTTP/1.1" 200 25995 "http://mgstudio.com.br/madamems/inverno13/" "Mozilla/5.0 (Windows NT 6.1) AppleWebKit/537.22 (KHTML, like Gecko) Chrome/25.0.1364.172 Safari/537.22"
177.32.40.108 - - [25/Mar/2013:00:52:29 +0000] "GET /blog/wp-content/themes/madamems/images/facebook-share-button.jpg HTTP/1.1" 200 3450 "http://www.madamems.com.br/blog/" "Mozilla/5.0 (Windows NT 6.1) AppleWebKit/537.22 (KHTML, like Gecko) Chrome/25.0.1364.172 Safari/537.22"
177.32.40.108 - - [25/Mar/2013:00:52:29 +0000] "GET /blog/wp-content/uploads/ly_madame_20_03_blog04.jpg HTTP/1.1" 200 128201 "http://www.madamems.com.br/blog/" "Mozilla/5.0 (Windows NT 6.1) AppleWebKit/537.22 (KHTML, like Gecko) Chrome/25.0.1364.172 Safari/537.22"
189.32.147.232 - - [25/Mar/2013:00:52:29 +0000] "GET /favicon.ico HTTP/1.1" 404 2177 "-" "Mozilla/5.0 (Windows NT 6.0) AppleWebKit/537.22 (KHTML, like Gecko) Chrome/25.0.1364.172 Safari/537.22"
177.32.40.108 - - [25/Mar/2013:00:52:30 +0000] "GET /blog/wp-content/themes/madamems/images/facebook-logo.jpg HTTP/1.1" 200 1463 "http://www.madamems.com.br/blog/" "Mozilla/5.0 (Windows NT 6.1) AppleWebKit/537.22 (KHTML, like Gecko) Chrome/25.0.1364.172 Safari/537.22"
177.32.40.108 - - [25/Mar/2013:00:52:31 +0000] "GET /blog/wp-content/uploads/ly_madame_20_03_blog03.jpg HTTP/1.1" 200 333734 "http://www.madamems.com.br/blog/" "Mozilla/5.0 (Windows NT 6.1) AppleWebKit/537.22 (KHTML, like Gecko) Chrome/25.0.1364.172 Safari/537.22"
177.32.40.108 - - [25/Mar/2013:00:52:31 +0000] "GET /blog/wp-content/uploads/ly_madame_19_03_blog01.jpg HTTP/1.1" 200 293039 "http://www.madamems.com.br/blog/" "Mozilla/5.0 (Windows NT 6.1) AppleWebKit/537.22 (KHTML, like Gecko) Chrome/25.0.1364.172 Safari/537.22"
177.32.40.108 - - [25/Mar/2013:00:52:33 +0000] "GET /blog/wp-content/uploads/ly_madame_19_03_blog04.jpg HTTP/1.1" 200 267674 "http://www.madamems.com.br/blog/" "Mozilla/5.0 (Windows NT 6.1) AppleWebKit/537.22 (KHTML, like Gecko) Chrome/25.0.1364.172 Safari/537.22"
177.32.40.108 - - [25/Mar/2013:00:52:33 +0000] "GET /blog/wp-content/uploads/LY_Madame_Promo_15_03_BLog_01.jpg HTTP/1.1" 200 60477 "http://www.madamems.com.br/blog/" "Mozilla/5.0 (Windows NT 6.1) AppleWebKit/537.22 (KHTML, like Gecko) Chrome/25.0.1364.172 Safari/537.22"
177.32.40.108 - - [25/Mar/2013:00:52:33 +0000] "GET /blog/wp-content/uploads/LY_Madame_Promo_15_03_BLog_02.jpg HTTP/1.1" 200 54546 "http://www.madamems.com.br/blog/" "Mozilla/5.0 (Windows NT 6.1) AppleWebKit/537.22 (KHTML, like Gecko) Chrome/25.0.1364.172 Safari/537.22"
177.32.40.108 - - [25/Mar/2013:00:52:33 +0000] "GET /blog/wp-content/uploads/ly_madame_19_03_blog05.jpg HTTP/1.1" 200 220870 "http://www.madamems.com.br/blog/" "Mozilla/5.0 (Windows NT 6.1) AppleWebKit/537.22 (KHTML, like Gecko) Chrome/25.0.1364.172 Safari/537.22"
177.32.40.108 - - [25/Mar/2013:00:52:34 +0000] "GET /blog/wp-content/uploads/LY_Madame_Promo_15_03_BLog_03.jpg HTTP/1.1" 200 47620 "http://www.madamems.com.br/blog/" "Mozilla/5.0 (Windows NT 6.1) AppleWebKit/537.22 (KHTML, like Gecko) Chrome/25.0.1364.172 Safari/537.22"
177.32.40.108 - - [25/Mar/2013:00:52:34 +0000] "GET /blog/wp-content/uploads/LY_Madame_13_03_Blog_A.jpg HTTP/1.1" 200 184366 "http://www.madamems.com.br/blog/" "Mozilla/5.0 (Windows NT 6.1) AppleWebKit/537.22 (KHTML, like Gecko) Chrome/25.0.1364.172 Safari/537.22"
177.32.40.108 - - [25/Mar/2013:00:52:36 +0000] "GET /blog/wp-content/uploads/ly_madame_20_03_blog02.jpg HTTP/1.1" 200 343822 "http://www.madamems.com.br/blog/" "Mozilla/5.0 (Windows NT 6.1) AppleWebKit/537.22 (KHTML, like Gecko) Chrome/25.0.1364.172 Safari/537.22"
177.32.40.108 - - [25/Mar/2013:00:52:36 +0000] "GET /blog/wp-content/uploads/LY_Madame_13_03_Blog_B-1.jpg HTTP/1.1" 200 155430 "http://www.madamems.com.br/blog/" "Mozilla/5.0 (Windows NT 6.1) AppleWebKit/537.22 (KHTML, like Gecko) Chrome/25.0.1364.172 Safari/537.22"
177.32.40.108 - - [25/Mar/2013:00:52:36 +0000] "GET /blog/wp-content/uploads/ly_madame_19_03_blog02.jpg HTTP/1.1" 200 316966 "http://www.madamems.com.br/blog/" "Mozilla/5.0 (Windows NT 6.1) AppleWebKit/537.22 (KHTML, like Gecko) Chrome/25.0.1364.172 Safari/537.22"
177.32.40.108 - - [25/Mar/2013:00:52:37 +0000] "GET /blog/wp-content/uploads/LY_Madame_14_03_Blog.jpg HTTP/1.1" 200 299100 "http://www.madamems.com.br/blog/" "Mozilla/5.0 (Windows NT 6.1) AppleWebKit/537.22 (KHTML, like Gecko) Chrome/25.0.1364.172 Safari/537.22"
177.32.40.108 - - [25/Mar/2013:00:52:37 +0000] "GET /images/lookbook/thumbs/11.jpg HTTP/1.1" 200 78613 "http://www.madamems.com.br/blog/" "Mozilla/5.0 (Windows NT 6.1) AppleWebKit/537.22 (KHTML, like Gecko) Chrome/25.0.1364.172 Safari/537.22"
177.32.40.108 - - [25/Mar/2013:00:52:37 +0000] "GET /blog/wp-content/uploads/ly_madame_19_03_blog01-150x150.jpg HTTP/1.1" 200 11491 "http://www.madamems.com.br/blog/" "Mozilla/5.0 (Windows NT 6.1) AppleWebKit/537.22 (KHTML, like Gecko) Chrome/25.0.1364.172 Safari/537.22"
177.32.40.108 - - [25/Mar/2013:00:52:37 +0000] "GET /blog/wp-content/uploads/ly_madame_20_03_blog01-150x150.jpg HTTP/1.1" 200 12617 "http://www.madamems.com.br/blog/" "Mozilla/5.0 (Windows NT 6.1) AppleWebKit/537.22 (KHTML, like Gecko) Chrome/25.0.1364.172 Safari/537.22"
177.32.40.108 - - [25/Mar/2013:00:52:38 +0000] "GET /blog/wp-content/uploads/LY_Madame_Promo_15_03_BLog_01-150x150.jpg HTTP/1.1" 200 9085 "http://www.madamems.com.br/blog/" "Mozilla/5.0 (Windows NT 6.1) AppleWebKit/537.22 (KHTML, like Gecko) Chrome/25.0.1364.172 Safari/537.22"
177.32.40.108 - - [25/Mar/2013:00:52:40 +0000] "GET /blog/wp-content/uploads/ly_madame_19_03_blog03.jpg HTTP/1.1" 200 306257 "http://www.madamems.com.br/blog/" "Mozilla/5.0 (Windows NT 6.1) AppleWebKit/537.22 (KHTML, like Gecko) Chrome/25.0.1364.172 Safari/537.22"
177.32.40.108 - - [25/Mar/2013:00:52:41 +0000] "GET /blog/wp-content/uploads/ly_madame_20_03_blog01.jpg HTTP/1.1" 200 342521 "http://www.madamems.com.br/blog/" "Mozilla/5.0 (Windows NT 6.1) AppleWebKit/537.22 (KHTML, like Gecko) Chrome/25.0.1364.172 Safari/537.22"
177.32.40.108 - - [25/Mar/2013:00:52:41 +0000] "GET /blog/wp-content/uploads/LY_Madame_13_03_Blog_C.jpg HTTP/1.1" 200 136792 "http://www.madamems.com.br/blog/" "Mozilla/5.0 (Windows NT 6.1) AppleWebKit/537.22 (KHTML, like Gecko) Chrome/25.0.1364.172 Safari/537.22"
189.32.147.232 - - [25/Mar/2013:00:52:41 +0000] "GET /favicon.ico HTTP/1.1" 404 2177 "-" "Mozilla/5.0 (Windows NT 6.0) AppleWebKit/537.22 (KHTML, like Gecko) Chrome/25.0.1364.172 Safari/537.22"
177.32.40.108 - - [25/Mar/2013:00:52:41 +0000] "GET /favicon.ico HTTP/1.1" 404 2177 "-" "Mozilla/5.0 (Windows NT 6.1) AppleWebKit/537.22 (KHTML, like Gecko) Chrome/25.0.1364.172 Safari/537.22"
177.32.40.108 - - [25/Mar/2013:00:52:51 +0000] "GET /images/lookbook/thumbs/29.jpg HTTP/1.1" 200 67583 "http://www.madamems.com.br/blog/" "Mozilla/5.0 (Windows NT 6.1) AppleWebKit/537.22 (KHTML, like Gecko) Chrome/25.0.1364.172 Safari/537.22"
189.32.147.232 - - [25/Mar/2013:00:52:58 +0000] "GET /favicon.ico HTTP/1.1" 404 2177 "-" "Mozilla/5.0 (Windows NT 6.0) AppleWebKit/537.22 (KHTML, like Gecko) Chrome/25.0.1364.172 Safari/537.22"
177.32.40.108 - - [25/Mar/2013:00:53:03 +0000] "GET /images/lookbook/thumbs/8.jpg HTTP/1.1" 200 81665 "http://www.madamems.com.br/blog/" "Mozilla/5.0 (Windows NT 6.1) AppleWebKit/537.22 (KHTML, like Gecko) Chrome/25.0.1364.172 Safari/537.22"
189.32.147.232 - - [25/Mar/2013:00:53:10 +0000] "GET /favicon.ico HTTP/1.1" 404 2177 "-" "Mozilla/5.0 (Windows NT 6.0) AppleWebKit/537.22 (KHTML, like Gecko) Chrome/25.0.1364.172 Safari/537.22"
177.32.40.108 - - [25/Mar/2013:00:53:17 +0000] "GET /images/lookbook/thumbs/15.jpg HTTP/1.1" 200 77901 "http://www.madamems.com.br/blog/" "Mozilla/5.0 (Windows NT 6.1) AppleWebKit/537.22 (KHTML, like Gecko) Chrome/25.0.1364.172 Safari/537.22"
177.187.129.227 - - [25/Mar/2013:00:53:17 +0000] "GET /cufon/cufon-replace.js HTTP/1.1" 200 1119 "http://www.madamems.com.br/lookbook-2013.htm" "Mozilla/5.0 (Windows NT 6.1; WOW64) AppleWebKit/537.22 (KHTML, like Gecko) Chrome/25.0.1364.172 Safari/537.22"
177.32.40.108 - - [25/Mar/2013:00:53:19 +0000] "GET /favicon.ico HTTP/1.1" 404 2173 "-" "Mozilla/5.0 (Windows NT 6.1) AppleWebKit/537.22 (KHTML, like Gecko) Chrome/25.0.1364.172 Safari/537.22"
189.32.147.232 - - [25/Mar/2013:00:53:24 +0000] "GET /favicon.ico HTTP/1.1" 404 2177 "-" "Mozilla/5.0 (Windows NT 6.0) AppleWebKit/537.22 (KHTML, like Gecko) Chrome/25.0.1364.172 Safari/537.22"
177.187.129.227 - - [25/Mar/2013:00:53:28 +0000] "GET /css/style.css HTTP/1.1" 200 22028 "http://www.madamems.com.br/lookbook-2013.htm" "Mozilla/5.0 (Windows NT 6.1; WOW64) AppleWebKit/537.22 (KHTML, like Gecko) Chrome/25.0.1364.172 Safari/537.22"
177.187.129.227 - - [25/Mar/2013:00:53:29 +0000] "GET /cufon/cufon-yui.js HTTP/1.1" 200 18982 "http://www.madamems.com.br/lookbook-2013.htm" "Mozilla/5.0 (Windows NT 6.1; WOW64) AppleWebKit/537.22 (KHTML, like Gecko) Chrome/25.0.1364.172 Safari/537.22"
177.187.129.227 - - [25/Mar/2013:00:53:30 +0000] "GET /js/jquery.easing.1.3.js HTTP/1.1" 200 9023 "http://www.madamems.com.br/lookbook-2013.htm" "Mozilla/5.0 (Windows NT 6.1; WOW64) AppleWebKit/537.22 (KHTML, like Gecko) Chrome/25.0.1364.172 Safari/537.22"
189.32.147.232 - - [25/Mar/2013:00:53:30 +0000] "GET /favicon.ico HTTP/1.1" 404 2177 "-" "Mozilla/5.0 (Windows NT 6.0) AppleWebKit/537.22 (KHTML, like Gecko) Chrome/25.0.1364.172 Safari/537.22"
189.123.59.102 - - [25/Mar/2013:00:53:47 +0000] "GET / HTTP/1.1" 200 433 "https://www.google.com.br/" "Mozilla/5.0 (Windows NT 5.1) AppleWebKit/537.22 (KHTML, like Gecko) Chrome/25.0.1364.152 Safari/537.22"
177.187.129.227 - - [25/Mar/2013:00:53:47 +0000] "GET /lookbook-2013.htm HTTP/1.1" 200 32658 "https://www.google.com.br/" "Mozilla/5.0 (Windows NT 6.1; WOW64) AppleWebKit/537.22 (KHTML, like Gecko) Chrome/25.0.1364.172 Safari/537.22"
189.123.59.102 - - [25/Mar/2013:00:53:48 +0000] "GET / HTTP/1.1" 200 1332 "-" "Mozilla/5.0 (Windows NT 5.1) AppleWebKit/537.22 (KHTML, like Gecko) Chrome/25.0.1364.152 Safari/537.22"
189.123.59.102 - - [25/Mar/2013:00:53:50 +0000] "GET /js/login.js HTTP/1.1" 200 2704 "http://mgstudio.com.br/madamems/inverno13/" "Mozilla/5.0 (Windows NT 5.1) AppleWebKit/537.22 (KHTML, like Gecko) Chrome/25.0.1364.152 Safari/537.22"
189.123.59.102 - - [25/Mar/2013:00:53:53 +0000] "GET /favicon.ico HTTP/1.1" 404 2177 "-" "Mozilla/5.0 (Windows NT 5.1) AppleWebKit/537.22 (KHTML, like Gecko) Chrome/25.0.1364.152 Safari/537.22"
189.123.59.102 - - [25/Mar/2013:00:53:54 +0000] "GET /favicon.ico HTTP/1.1" 404 2177 "-" "Mozilla/5.0 (Windows NT 5.1) AppleWebKit/537.22 (KHTML, like Gecko) Chrome/25.0.1364.152 Safari/537.22"
189.123.59.102 - - [25/Mar/2013:00:53:54 +0000] "GET /favicon.ico HTTP/1.1" 404 2177 "-" "Mozilla/5.0 (Windows NT 5.1) AppleWebKit/537.22 (KHTML, like Gecko) Chrome/25.0.1364.152 Safari/537.22"
189.123.59.102 - - [25/Mar/2013:00:53:54 +0000] "GET /favicon.ico HTTP/1.1" 404 2177 "-" "Mozilla/5.0 (Windows NT 5.1) AppleWebKit/537.22 (KHTML, like Gecko) Chrome/25.0.1364.152 Safari/537.22"
189.123.59.102 - - [25/Mar/2013:00:53:55 +0000] "GET /favicon.ico HTTP/1.1" 404 2177 "-" "Mozilla/5.0 (Windows NT 5.1) AppleWebKit/537.22 (KHTML, like Gecko) Chrome/25.0.1364.152 Safari/537.22"
189.123.59.102 - - [25/Mar/2013:00:54:00 +0000] "GET /favicon.ico HTTP/1.1" 404 2177 "-" "Mozilla/5.0 (Windows NT 5.1) AppleWebKit/537.22 (KHTML, like Gecko) Chrome/25.0.1364.152 Safari/537.22"
177.32.40.108 - - [25/Mar/2013:00:54:03 +0000] "GET /favicon.ico HTTP/1.1" 404 2177 "-" "Mozilla/5.0 (Windows NT 6.1) AppleWebKit/537.22 (KHTML, like Gecko) Chrome/25.0.1364.172 Safari/537.22"
177.32.40.108 - - [25/Mar/2013:00:54:08 +0000] "GET /images/lookbook/thumbs/3.jpg HTTP/1.1" 200 86752 "http://www.madamems.com.br/blog/" "Mozilla/5.0 (Windows NT 6.1) AppleWebKit/537.22 (KHTML, like Gecko) Chrome/25.0.1364.172 Safari/537.22"
177.187.129.227 - - [25/Mar/2013:00:54:13 +0000] "GET /cufon/Sansumi_700-Sansumi-ExtraBold_800.font.js HTTP/1.1" 200 180090 "http://www.madamems.com.br/lookbook-2013.htm" "Mozilla/5.0 (Windows NT 6.1; WOW64) AppleWebKit/537.22 (KHTML, like Gecko) Chrome/25.0.1364.172 Safari/537.22"
177.187.129.227 - - [25/Mar/2013:00:54:17 +0000] "GET /radio-madamems/ HTTP/1.1" 200 3384 "http://www.madamems.com.br/lookbook-2013.htm" "Mozilla/5.0 (Windows NT 6.1; WOW64) AppleWebKit/537.22 (KHTML, like Gecko) Chrome/25.0.1364.172 Safari/537.22"
177.187.129.227 - - [25/Mar/2013:00:54:17 +0000] "GET /images/toggle_down_light.png HTTP/1.1" 200 1836 "http://www.madamems.com.br/lookbook-2013.htm" "Mozilla/5.0 (Windows NT 6.1; WOW64) AppleWebKit/537.22 (KHTML, like Gecko) Chrome/25.0.1364.172 Safari/537.22"
177.187.129.227 - - [25/Mar/2013:00:54:18 +0000] "GET /images/arrow.jpg HTTP/1.1" 200 5481 "http://www.madamems.com.br/lookbook-2013.htm" "Mozilla/5.0 (Windows NT 6.1; WOW64) AppleWebKit/537.22 (KHTML, like Gecko) Chrome/25.0.1364.172 Safari/537.22"
177.187.129.227 - - [25/Mar/2013:00:54:26 +0000] "GET /radio-madamems/skin/black/style.css HTTP/1.1" 200 8868 "http://www.madamems.com.br/radio-madamems/" "Mozilla/5.0 (Windows NT 6.1; WOW64) AppleWebKit/537.22 (KHTML, like Gecko) Chrome/25.0.1364.172 Safari/537.22"
177.187.129.227 - - [25/Mar/2013:00:54:31 +0000] "GET /images/bg.jpg HTTP/1.1" 200 10744 "http://www.madamems.com.br/lookbook-2013.htm" "Mozilla/5.0 (Windows NT 6.1; WOW64) AppleWebKit/537.22 (KHTML, like Gecko) Chrome/25.0.1364.172 Safari/537.22"
177.32.40.108 - - [25/Mar/2013:00:54:33 +0000] "GET /images/lookbook/thumbs/9.jpg HTTP/1.1" 200 76693 "http://www.madamems.com.br/blog/" "Mozilla/5.0 (Windows NT 6.1) AppleWebKit/537.22 (KHTML, like Gecko) Chrome/25.0.1364.172 Safari/537.22"
177.187.129.227 - - [25/Mar/2013:00:54:33 +0000] "GET /images/bg-menu.jpg HTTP/1.1" 200 5549 "http://www.madamems.com.br/lookbook-2013.htm" "Mozilla/5.0 (Windows NT 6.1; WOW64) AppleWebKit/537.22 (KHTML, like Gecko) Chrome/25.0.1364.172 Safari/537.22"
177.187.129.227 - - [25/Mar/2013:00:54:39 +0000] "GET /radio-madamems/js/jplayer.playlist.min.js HTTP/1.1" 200 9311 "http://www.madamems.com.br/radio-madamems/" "Mozilla/5.0 (Windows NT 6.1; WOW64) AppleWebKit/537.22 (KHTML, like Gecko) Chrome/25.0.1364.172 Safari/537.22"
177.187.129.227 - - [25/Mar/2013:00:54:44 +0000] "GET /images/lookbook/thumbs/04-006.jpg HTTP/1.1" 200 87020 "http://www.madamems.com.br/lookbook-2013.htm" "Mozilla/5.0 (Windows NT 6.1; WOW64) AppleWebKit/537.22 (KHTML, like Gecko) Chrome/25.0.1364.172 Safari/537.22"
177.32.40.108 - - [25/Mar/2013:00:54:44 +0000] "GET /images/lookbook/thumbs/4.jpg HTTP/1.1" 200 80496 "http://www.madamems.com.br/blog/" "Mozilla/5.0 (Windows NT 6.1) AppleWebKit/537.22 (KHTML, like Gecko) Chrome/25.0.1364.172 Safari/537.22"
177.187.129.227 - - [25/Mar/2013:00:54:51 +0000] "GET /images/logo.png HTTP/1.1" 200 18087 "http://www.madamems.com.br/lookbook-2013.htm" "Mozilla/5.0 (Windows NT 6.1; WOW64) AppleWebKit/537.22 (KHTML, like Gecko) Chrome/25.0.1364.172 Safari/537.22"
177.187.129.227 - - [25/Mar/2013:00:54:51 +0000] "GET /images/facebook-icon.jpg HTTP/1.1" 200 9813 "http://www.madamems.com.br/lookbook-2013.htm" "Mozilla/5.0 (Windows NT 6.1; WOW64) AppleWebKit/537.22 (KHTML, like Gecko) Chrome/25.0.1364.172 Safari/537.22"
177.187.129.227 - - [25/Mar/2013:00:55:05 +0000] "GET /images/lookbook/thumbs/37-004.jpg HTTP/1.1" 200 90734 "http://www.madamems.com.br/lookbook-2013.htm" "Mozilla/5.0 (Windows NT 6.1; WOW64) AppleWebKit/537.22 (KHTML, like Gecko) Chrome/25.0.1364.172 Safari/537.22"
177.187.129.227 - - [25/Mar/2013:00:55:07 +0000] "GET /images/lookbook/thumbs/36-017.jpg HTTP/1.1" 200 81456 "http://www.madamems.com.br/lookbook-2013.htm" "Mozilla/5.0 (Windows NT 6.1; WOW64) AppleWebKit/537.22 (KHTML, like Gecko) Chrome/25.0.1364.172 Safari/537.22"
177.187.129.227 - - [25/Mar/2013:00:55:09 +0000] "GET /images/lookbook/thumbs/35-011.jpg HTTP/1.1" 200 79630 "http://www.madamems.com.br/lookbook-2013.htm" "Mozilla/5.0 (Windows NT 6.1; WOW64) AppleWebKit/537.22 (KHTML, like Gecko) Chrome/25.0.1364.172 Safari/537.22"
177.187.129.227 - - [25/Mar/2013:00:55:11 +0000] "GET /images/lookbook/thumbs/33-002.jpg HTTP/1.1" 200 97706 "http://www.madamems.com.br/lookbook-2013.htm" "Mozilla/5.0 (Windows NT 6.1; WOW64) AppleWebKit/537.22 (KHTML, like Gecko) Chrome/25.0.1364.172 Safari/537.22"
177.187.129.227 - - [25/Mar/2013:00:55:13 +0000] "GET /images/lookbook/thumbs/19-011.jpg HTTP/1.1" 200 81375 "http://www.madamems.com.br/lookbook-2013.htm" "Mozilla/5.0 (Windows NT 6.1; WOW64) AppleWebKit/537.22 (KHTML, like Gecko) Chrome/25.0.1364.172 Safari/537.22"
177.187.129.227 - - [25/Mar/2013:00:55:15 +0000] "GET /images/lookbook/thumbs/12-011.jpg HTTP/1.1" 200 72265 "http://www.madamems.com.br/lookbook-2013.htm" "Mozilla/5.0 (Windows NT 6.1; WOW64) AppleWebKit/537.22 (KHTML, like Gecko) Chrome/25.0.1364.172 Safari/537.22"
177.187.129.227 - - [25/Mar/2013:00:55:15 +0000] "GET /images/lookbook/thumbs/31-003.jpg HTTP/1.1" 200 86853 "http://www.madamems.com.br/lookbook-2013.htm" "Mozilla/5.0 (Windows NT 6.1; WOW64) AppleWebKit/537.22 (KHTML, like Gecko) Chrome/25.0.1364.172 Safari/537.22"
177.187.129.227 - - [25/Mar/2013:00:55:18 +0000] "GET /images/lookbook/thumbs/18-002.jpg HTTP/1.1" 200 89403 "http://www.madamems.com.br/lookbook-2013.htm" "Mozilla/5.0 (Windows NT 6.1; WOW64) AppleWebKit/537.22 (KHTML, like Gecko) Chrome/25.0.1364.172 Safari/537.22"
177.187.129.227 - - [25/Mar/2013:00:55:21 +0000] "GET /images/lookbook/thumbs/22-023.jpg HTTP/1.1" 200 84328 "http://www.madamems.com.br/lookbook-2013.htm" "Mozilla/5.0 (Windows NT 6.1; WOW64) AppleWebKit/537.22 (KHTML, like Gecko) Chrome/25.0.1364.172 Safari/537.22"
177.187.129.227 - - [25/Mar/2013:00:55:21 +0000] "GET /images/lookbook/thumbs/06-012.jpg HTTP/1.1" 200 94107 "http://www.madamems.com.br/lookbook-2013.htm" "Mozilla/5.0 (Windows NT 6.1; WOW64) AppleWebKit/537.22 (KHTML, like Gecko) Chrome/25.0.1364.172 Safari/537.22"
177.187.129.227 - - [25/Mar/2013:00:55:21 +0000] "GET /images/lookbook/thumbs/21-001.jpg HTTP/1.1" 200 88708 "http://www.madamems.com.br/lookbook-2013.htm" "Mozilla/5.0 (Windows NT 6.1; WOW64) AppleWebKit/537.22 (KHTML, like Gecko) Chrome/25.0.1364.172 Safari/537.22"
177.187.129.227 - - [25/Mar/2013:00:55:24 +0000] "GET /images/lookbook/thumbs/20-021.jpg HTTP/1.1" 200 102061 "http://www.madamems.com.br/lookbook-2013.htm" "Mozilla/5.0 (Windows NT 6.1; WOW64) AppleWebKit/537.22 (KHTML, like Gecko) Chrome/25.0.1364.172 Safari/537.22"
177.187.129.227 - - [25/Mar/2013:00:55:25 +0000] "GET /images/lookbook/thumbs/17-023.jpg HTTP/1.1" 200 72256 "http://www.madamems.com.br/lookbook-2013.htm" "Mozilla/5.0 (Windows NT 6.1; WOW64) AppleWebKit/537.22 (KHTML, like Gecko) Chrome/25.0.1364.172 Safari/537.22"
177.187.129.227 - - [25/Mar/2013:00:55:27 +0000] "GET /images/blog-icon.jpg HTTP/1.1" 200 18291 "http://www.madamems.com.br/lookbook-2013.htm" "Mozilla/5.0 (Windows NT 6.1; WOW64) AppleWebKit/537.22 (KHTML, like Gecko) Chrome/25.0.1364.172 Safari/537.22"
177.187.129.227 - - [25/Mar/2013:00:55:27 +0000] "GET /images/lookbook/thumbs/05-001.jpg HTTP/1.1" 200 92057 "http://www.madamems.com.br/lookbook-2013.htm" "Mozilla/5.0 (Windows NT 6.1; WOW64) AppleWebKit/537.22 (KHTML, like Gecko) Chrome/25.0.1364.172 Safari/537.22"
177.187.129.227 - - [25/Mar/2013:00:55:29 +0000] "GET /images/lookbook/thumbs/15-006.jpg HTTP/1.1" 200 95120 "http://www.madamems.com.br/lookbook-2013.htm" "Mozilla/5.0 (Windows NT 6.1; WOW64) AppleWebKit/537.22 (KHTML, like Gecko) Chrome/25.0.1364.172 Safari/537.22"
177.187.129.227 - - [25/Mar/2013:00:55:29 +0000] "GET /images/lookbook/thumbs/39-013.jpg HTTP/1.1" 200 90763 "http://www.madamems.com.br/lookbook-2013.htm" "Mozilla/5.0 (Windows NT 6.1; WOW64) AppleWebKit/537.22 (KHTML, like Gecko) Chrome/25.0.1364.172 Safari/537.22"
177.187.129.227 - - [25/Mar/2013:00:55:32 +0000] "GET /images/lookbook/thumbs/26-003.jpg HTTP/1.1" 200 100606 "http://www.madamems.com.br/lookbook-2013.htm" "Mozilla/5.0 (Windows NT 6.1; WOW64) AppleWebKit/537.22 (KHTML, like Gecko) Chrome/25.0.1364.172 Safari/537.22"
177.187.129.227 - - [25/Mar/2013:00:55:33 +0000] "GET /images/lookbook/thumbs/11-018.jpg HTTP/1.1" 200 81613 "http://www.madamems.com.br/lookbook-2013.htm" "Mozilla/5.0 (Windows NT 6.1; WOW64) AppleWebKit/537.22 (KHTML, like Gecko) Chrome/25.0.1364.172 Safari/537.22"
201.19.21.228 - - [25/Mar/2013:00:55:35 +0000] "GET /js/login.js HTTP/1.1" 200 2711 "http://mgstudio.com.br/madamems/inverno13/" "Mozilla/5.0 (Windows NT 6.1; WOW64) AppleWebKit/537.22 (KHTML, like Gecko) Chrome/25.0.1364.172 Safari/537.22"
177.187.129.227 - - [25/Mar/2013:00:55:37 +0000] "GET /images/lookbook/thumbs/32-001.jpg HTTP/1.1" 200 81952 "http://www.madamems.com.br/lookbook-2013.htm" "Mozilla/5.0 (Windows NT 6.1; WOW64) AppleWebKit/537.22 (KHTML, like Gecko) Chrome/25.0.1364.172 Safari/537.22"
177.187.129.227 - - [25/Mar/2013:00:55:37 +0000] "GET /radio-madamems/js/jquery.jplayer.min.js HTTP/1.1" 200 43589 "http://www.madamems.com.br/radio-madamems/" "Mozilla/5.0 (Windows NT 6.1; WOW64) AppleWebKit/537.22 (KHTML, like Gecko) Chrome/25.0.1364.172 Safari/537.22"
177.187.129.227 - - [25/Mar/2013:00:55:40 +0000] "GET /images/lookbook/thumbs/34-001.jpg HTTP/1.1" 200 85984 "http://www.madamems.com.br/lookbook-2013.htm" "Mozilla/5.0 (Windows NT 6.1; WOW64) AppleWebKit/537.22 (KHTML, like Gecko) Chrome/25.0.1364.172 Safari/537.22"
177.187.129.227 - - [25/Mar/2013:00:55:49 +0000] "GET /images/lookbook/thumbs/38-006.jpg HTTP/1.1" 200 85165 "http://www.madamems.com.br/lookbook-2013.htm" "Mozilla/5.0 (Windows NT 6.1; WOW64) AppleWebKit/537.22 (KHTML, like Gecko) Chrome/25.0.1364.172 Safari/537.22"
201.19.21.228 - - [25/Mar/2013:00:55:50 +0000] "GET /lojas.htm HTTP/1.1" 200 29329 "https://www.google.com.br/" "Mozilla/5.0 (Windows NT 6.1; WOW64) AppleWebKit/537.22 (KHTML, like Gecko) Chrome/25.0.1364.172 Safari/537.22"
201.19.21.228 - - [25/Mar/2013:00:55:50 +0000] "GET /cufon/cufon-replace.js HTTP/1.1" 200 1111 "http://www.madamems.com.br/lojas.htm" "Mozilla/5.0 (Windows NT 6.1; WOW64) AppleWebKit/537.22 (KHTML, like Gecko) Chrome/25.0.1364.172 Safari/537.22"
201.19.21.228 - - [25/Mar/2013:00:55:50 +0000] "GET /js/jquery.easing.1.3.js HTTP/1.1" 200 9015 "http://www.madamems.com.br/lojas.htm" "Mozilla/5.0 (Windows NT 6.1; WOW64) AppleWebKit/537.22 (KHTML, like Gecko) Chrome/25.0.1364.172 Safari/537.22"
201.19.21.228 - - [25/Mar/2013:00:55:50 +0000] "GET /cufon/cufon-yui.js HTTP/1.1" 200 18974 "http://www.madamems.com.br/lojas.htm" "Mozilla/5.0 (Windows NT 6.1; WOW64) AppleWebKit/537.22 (KHTML, like Gecko) Chrome/25.0.1364.172 Safari/537.22"
201.19.21.228 - - [25/Mar/2013:00:55:50 +0000] "GET /css/style.css HTTP/1.1" 200 22020 "http://www.madamems.com.br/lojas.htm" "Mozilla/5.0 (Windows NT 6.1; WOW64) AppleWebKit/537.22 (KHTML, like Gecko) Chrome/25.0.1364.172 Safari/537.22"
177.187.129.227 - - [25/Mar/2013:00:55:50 +0000] "GET /images/lookbook/thumbs/07-001.jpg HTTP/1.1" 200 86828 "http://www.madamems.com.br/lookbook-2013.htm" "Mozilla/5.0 (Windows NT 6.1; WOW64) AppleWebKit/537.22 (KHTML, like Gecko) Chrome/25.0.1364.172 Safari/537.22"
177.187.129.227 - - [25/Mar/2013:00:55:51 +0000] "GET /images/lookbook/thumbs/08-007.jpg HTTP/1.1" 200 82600 "http://www.madamems.com.br/lookbook-2013.htm" "Mozilla/5.0 (Windows NT 6.1; WOW64) AppleWebKit/537.22 (KHTML, like Gecko) Chrome/25.0.1364.172 Safari/537.22"
201.19.21.228 - - [25/Mar/2013:00:55:53 +0000] "GET /cufon/Sansumi_700-Sansumi-ExtraBold_800.font.js HTTP/1.1" 200 180082 "http://www.madamems.com.br/lojas.htm" "Mozilla/5.0 (Windows NT 6.1; WOW64) AppleWebKit/537.22 (KHTML, like Gecko) Chrome/25.0.1364.172 Safari/537.22"
201.19.21.228 - - [25/Mar/2013:00:55:53 +0000] "GET /radio-madamems/ HTTP/1.1" 200 3376 "http://www.madamems.com.br/lojas.htm" "Mozilla/5.0 (Windows NT 6.1; WOW64) AppleWebKit/537.22 (KHTML, like Gecko) Chrome/25.0.1364.172 Safari/537.22"
201.19.21.228 - - [25/Mar/2013:00:55:53 +0000] "GET /images/bg.jpg HTTP/1.1" 200 10736 "http://www.madamems.com.br/lojas.htm" "Mozilla/5.0 (Windows NT 6.1; WOW64) AppleWebKit/537.22 (KHTML, like Gecko) Chrome/25.0.1364.172 Safari/537.22"
201.19.21.228 - - [25/Mar/2013:00:55:53 +0000] "GET /images/arrow.jpg HTTP/1.1" 200 5473 "http://www.madamems.com.br/lojas.htm" "Mozilla/5.0 (Windows NT 6.1; WOW64) AppleWebKit/537.22 (KHTML, like Gecko) Chrome/25.0.1364.172 Safari/537.22"
201.19.21.228 - - [25/Mar/2013:00:55:53 +0000] "GET /images/bg-menu.jpg HTTP/1.1" 200 5541 "http://www.madamems.com.br/lojas.htm" "Mozilla/5.0 (Windows NT 6.1; WOW64) AppleWebKit/537.22 (KHTML, like Gecko) Chrome/25.0.1364.172 Safari/537.22"
201.19.21.228 - - [25/Mar/2013:00:55:53 +0000] "GET /images/toggle_down_light.png HTTP/1.1" 200 1828 "http://www.madamems.com.br/lojas.htm" "Mozilla/5.0 (Windows NT 6.1; WOW64) AppleWebKit/537.22 (KHTML, like Gecko) Chrome/25.0.1364.172 Safari/537.22"
201.19.21.228 - - [25/Mar/2013:00:55:55 +0000] "GET /radio-madamems/skin/black/style.css HTTP/1.1" 200 8868 "http://www.madamems.com.br/radio-madamems/" "Mozilla/5.0 (Windows NT 6.1; WOW64) AppleWebKit/537.22 (KHTML, like Gecko) Chrome/25.0.1364.172 Safari/537.22"
201.19.21.228 - - [25/Mar/2013:00:55:55 +0000] "GET /images/logo.png HTTP/1.1" 200 18079 "http://www.madamems.com.br/lojas.htm" "Mozilla/5.0 (Windows NT 6.1; WOW64) AppleWebKit/537.22 (KHTML, like Gecko) Chrome/25.0.1364.172 Safari/537.22"
201.19.21.228 - - [25/Mar/2013:00:55:55 +0000] "GET /radio-madamems/js/jplayer.playlist.min.js HTTP/1.1" 200 9311 "http://www.madamems.com.br/radio-madamems/" "Mozilla/5.0 (Windows NT 6.1; WOW64) AppleWebKit/537.22 (KHTML, like Gecko) Chrome/25.0.1364.172 Safari/537.22"
201.19.21.228 - - [25/Mar/2013:00:55:55 +0000] "GET /images/facebook-icon.jpg HTTP/1.1" 200 9805 "http://www.madamems.com.br/lojas.htm" "Mozilla/5.0 (Windows NT 6.1; WOW64) AppleWebKit/537.22 (KHTML, like Gecko) Chrome/25.0.1364.172 Safari/537.22"
201.19.21.228 - - [25/Mar/2013:00:55:55 +0000] "GET /images/blog-icon.jpg HTTP/1.1" 200 18283 "http://www.madamems.com.br/lojas.htm" "Mozilla/5.0 (Windows NT 6.1; WOW64) AppleWebKit/537.22 (KHTML, like Gecko) Chrome/25.0.1364.172 Safari/537.22"
201.19.21.228 - - [25/Mar/2013:00:55:55 +0000] "GET /radio-madamems/js/jquery.jplayer.min.js HTTP/1.1" 200 43589 "http://www.madamems.com.br/radio-madamems/" "Mozilla/5.0 (Windows NT 6.1; WOW64) AppleWebKit/537.22 (KHTML, like Gecko) Chrome/25.0.1364.172 Safari/537.22"
201.19.21.228 - - [25/Mar/2013:00:55:56 +0000] "GET /radio-madamems/skin/black/gomust.png HTTP/1.1" 200 2654 "http://www.madamems.com.br/radio-madamems/" "Mozilla/5.0 (Windows NT 6.1; WOW64) AppleWebKit/537.22 (KHTML, like Gecko) Chrome/25.0.1364.172 Safari/537.22"
