186.247.13.241 - - [25/Mar/2013:00:11:09 +0000] "GET /blog/wp-content/themes/blogms/images/top-img.jpg HTTP/1.1" 200 39511 "http://www.madamems.com.br/blog/" "Mozilla/5.0 (Windows NT 6.1; WOW64) AppleWebKit/537.22 (KHTML, like Gecko) Chrome/25.0.1364.172 Safari/537.22"
186.247.13.241 - - [25/Mar/2013:00:11:10 +0000] "GET /blog/wp-content/themes/madamems/images/facebook-share-button.jpg HTTP/1.1" 200 3451 "http://www.madamems.com.br/blog/" "Mozilla/5.0 (Windows NT 6.1; WOW64) AppleWebKit/537.22 (KHTML, like Gecko) Chrome/25.0.1364.172 Safari/537.22"
186.247.13.241 - - [25/Mar/2013:00:11:10 +0000] "GET /blog/wp-content/themes/blogms/font/champagne__limousines_bold-webfont.woff HTTP/1.1" 200 22297 "http://www.madamems.com.br/blog/" "Mozilla/5.0 (Windows NT 6.1; WOW64) AppleWebKit/537.22 (KHTML, like Gecko) Chrome/25.0.1364.172 Safari/537.22"
179.170.52.97 - - [25/Mar/2013:00:11:17 +0000] "GET /images/lookbook/thumbs/06-012.jpg HTTP/1.1" 206 657 "http://www.madamems.com.br/lookbook-2013.htm" "Mozilla/5.0 (Windows NT 6.1) AppleWebKit/537.22 (KHTML, like Gecko) Chrome/25.0.1364.172 Safari/537.22"
186.247.13.241 - - [25/Mar/2013:00:11:18 +0000] "GET /blog/wp-content/uploads/ly_madame_20_03_blog04.jpg HTTP/1.1" 200 128202 "http://www.madamems.com.br/blog/" "Mozilla/5.0 (Windows NT 6.1; WOW64) AppleWebKit/537.22 (KHTML, like Gecko) Chrome/25.0.1364.172 Safari/537.22"
186.247.13.241 - - [25/Mar/2013:00:11:18 +0000] "GET /blog/wp-content/uploads/ly_madame_19_03_blog02.jpg HTTP/1.1" 200 316967 "http://www.madamems.com.br/blog/" "Mozilla/5.0 (Windows NT 6.1; WOW64) AppleWebKit/537.22 (KHTML, like Gecko) Chrome/25.0.1364.172 Safari/537.22"
186.247.13.241 - - [25/Mar/2013:00:11:21 +0000] "GET /blog/wp-content/uploads/ly_madame_19_03_blog01.jpg HTTP/1.1" 200 293040 "http://www.madamems.com.br/blog/" "Mozilla/5.0 (Windows NT 6.1; WOW64) AppleWebKit/537.22 (KHTML, like Gecko) Chrome/25.0.1364.172 Safari/537.22"
186.247.13.241 - - [25/Mar/2013:00:11:21 +0000] "GET /blog/wp-content/uploads/ly_madame_20_03_blog03.jpg HTTP/1.1" 200 333735 "http://www.madamems.com.br/blog/" "Mozilla/5.0 (Windows NT 6.1; WOW64) AppleWebKit/537.22 (KHTML, like Gecko) Chrome/25.0.1364.172 Safari/537.22"
186.247.13.241 - - [25/Mar/2013:00:11:22 +0000] "GET /blog/wp-content/uploads/LY_Madame_Promo_15_03_BLog_01.jpg HTTP/1.1" 200 60413 "http://www.madamems.com.br/blog/" "Mozilla/5.0 (Windows NT 6.1; WOW64) AppleWebKit/537.22 (KHTML, like Gecko) Chrome/25.0.1364.172 Safari/537.22"
186.247.13.241 - - [25/Mar/2013:00:11:23 +0000] "GET /blog/wp-content/uploads/ly_madame_20_03_blog01.jpg HTTP/1.1" 200 342522 "http://www.madamems.com.br/blog/" "Mozilla/5.0 (Windows NT 6.1; WOW64) AppleWebKit/537.22 (KHTML, like Gecko) Chrome/25.0.1364.172 Safari/537.22"
186.247.13.241 - - [25/Mar/2013:00:11:25 +0000] "GET /blog/wp-content/uploads/LY_Madame_Promo_15_03_BLog_03.jpg HTTP/1.1" 200 47556 "http://www.madamems.com.br/blog/" "Mozilla/5.0 (Windows NT 6.1; WOW64) AppleWebKit/537.22 (KHTML, like Gecko) Chrome/25.0.1364.172 Safari/537.22"
186.247.13.241 - - [25/Mar/2013:00:11:27 +0000] "GET /blog/wp-content/uploads/LY_Madame_Promo_15_03_BLog_02.jpg HTTP/1.1" 200 54482 "http://www.madamems.com.br/blog/" "Mozilla/5.0 (Windows NT 6.1; WOW64) AppleWebKit/537.22 (KHTML, like Gecko) Chrome/25.0.1364.172 Safari/537.22"
186.247.13.241 - - [25/Mar/2013:00:11:28 +0000] "GET /blog/wp-content/uploads/ly_madame_20_03_blog02.jpg HTTP/1.1" 200 343823 "http://www.madamems.com.br/blog/" "Mozilla/5.0 (Windows NT 6.1; WOW64) AppleWebKit/537.22 (KHTML, like Gecko) Chrome/25.0.1364.172 Safari/537.22"
186.247.13.241 - - [25/Mar/2013:00:11:28 +0000] "GET /blog/wp-content/uploads/ly_madame_19_03_blog05.jpg HTTP/1.1" 200 220871 "http://www.madamems.com.br/blog/" "Mozilla/5.0 (Windows NT 6.1; WOW64) AppleWebKit/537.22 (KHTML, like Gecko) Chrome/25.0.1364.172 Safari/537.22"
186.247.13.241 - - [25/Mar/2013:00:11:30 +0000] "GET /blog/wp-content/uploads/ly_madame_19_03_blog03.jpg HTTP/1.1" 200 306258 "http://www.madamems.com.br/blog/" "Mozilla/5.0 (Windows NT 6.1; WOW64) AppleWebKit/537.22 (KHTML, like Gecko) Chrome/25.0.1364.172 Safari/537.22"
186.247.13.241 - - [25/Mar/2013:00:11:31 +0000] "GET /blog/wp-content/uploads/LY_Madame_13_03_Blog_B-1.jpg HTTP/1.1" 200 155366 "http://www.madamems.com.br/blog/" "Mozilla/5.0 (Windows NT 6.1; WOW64) AppleWebKit/537.22 (KHTML, like Gecko) Chrome/25.0.1364.172 Safari/537.22"
186.247.13.241 - - [25/Mar/2013:00:11:31 +0000] "GET /blog/wp-content/uploads/LY_Madame_13_03_Blog_C.jpg HTTP/1.1" 200 136728 "http://www.madamems.com.br/blog/" "Mozilla/5.0 (Windows NT 6.1; WOW64) AppleWebKit/537.22 (KHTML, like Gecko) Chrome/25.0.1364.172 Safari/537.22"
186.247.13.241 - - [25/Mar/2013:00:11:31 +0000] "GET /blog/wp-content/uploads/ly_madame_20_03_blog01-150x150.jpg HTTP/1.1" 200 12553 "http://www.madamems.com.br/blog/" "Mozilla/5.0 (Windows NT 6.1; WOW64) AppleWebKit/537.22 (KHTML, like Gecko) Chrome/25.0.1364.172 Safari/537.22"
186.247.13.241 - - [25/Mar/2013:00:11:32 +0000] "GET /blog/wp-content/uploads/ly_madame_19_03_blog01-150x150.jpg HTTP/1.1" 200 11427 "http://www.madamems.com.br/blog/" "Mozilla/5.0 (Windows NT 6.1; WOW64) AppleWebKit/537.22 (KHTML, like Gecko) Chrome/25.0.1364.172 Safari/537.22"
186.247.13.241 - - [25/Mar/2013:00:11:32 +0000] "GET /blog/wp-content/uploads/LY_Madame_Promo_15_03_BLog_01-150x150.jpg HTTP/1.1" 200 9021 "http://www.madamems.com.br/blog/" "Mozilla/5.0 (Windows NT 6.1; WOW64) AppleWebKit/537.22 (KHTML, like Gecko) Chrome/25.0.1364.172 Safari/537.22"
186.247.13.241 - - [25/Mar/2013:00:11:32 +0000] "GET /blog/wp-content/uploads/ly_madame_19_03_blog04.jpg HTTP/1.1" 200 267675 "http://www.madamems.com.br/blog/" "Mozilla/5.0 (Windows NT 6.1; WOW64) AppleWebKit/537.22 (KHTML, like Gecko) Chrome/25.0.1364.172 Safari/537.22"
186.247.13.241 - - [25/Mar/2013:00:11:32 +0000] "GET /blog/wp-content/uploads/LY_Madame_13_03_Blog_A.jpg HTTP/1.1" 200 184302 "http://www.madamems.com.br/blog/" "Mozilla/5.0 (Windows NT 6.1; WOW64) AppleWebKit/537.22 (KHTML, like Gecko) Chrome/25.0.1364.172 Safari/537.22"
186.247.13.241 - - [25/Mar/2013:00:11:33 +0000] "GET /images/lookbook/thumbs/29.jpg HTTP/1.1" 200 67519 "http://www.madamems.com.br/blog/" "Mozilla/5.0 (Windows NT 6.1; WOW64) AppleWebKit/537.22 (KHTML, like Gecko) Chrome/25.0.1364.172 Safari/537.22"
186.247.13.241 - - [25/Mar/2013:00:11:34 +0000] "GET /blog/wp-content/uploads/LY_Madame_14_03_Blog.jpg HTTP/1.1" 200 299036 "http://www.madamems.com.br/blog/" "Mozilla/5.0 (Windows NT 6.1; WOW64) AppleWebKit/537.22 (KHTML, like Gecko) Chrome/25.0.1364.172 Safari/537.22"
186.247.13.241 - - [25/Mar/2013:00:11:34 +0000] "GET /favicon.ico HTTP/1.1" 404 2184 "-" "Mozilla/5.0 (Windows NT 6.1; WOW64) AppleWebKit/537.22 (KHTML, like Gecko) Chrome/25.0.1364.172 Safari/537.22"
186.247.13.241 - - [25/Mar/2013:00:11:47 +0000] "GET /images/lookbook/thumbs/12.jpg HTTP/1.1" 200 83702 "http://www.madamems.com.br/blog/" "Mozilla/5.0 (Windows NT 6.1; WOW64) AppleWebKit/537.22 (KHTML, like Gecko) Chrome/25.0.1364.172 Safari/537.22"
186.247.13.241 - - [25/Mar/2013:00:11:58 +0000] "GET /images/lookbook/thumbs/19.jpg HTTP/1.1" 200 90311 "http://www.madamems.com.br/blog/" "Mozilla/5.0 (Windows NT 6.1; WOW64) AppleWebKit/537.22 (KHTML, like Gecko) Chrome/25.0.1364.172 Safari/537.22"
186.247.13.241 - - [25/Mar/2013:00:12:10 +0000] "GET /images/lookbook/thumbs/11.jpg HTTP/1.1" 200 78632 "http://www.madamems.com.br/blog/" "Mozilla/5.0 (Windows NT 6.1; WOW64) AppleWebKit/537.22 (KHTML, like Gecko) Chrome/25.0.1364.172 Safari/537.22"
186.247.13.241 - - [25/Mar/2013:00:12:23 +0000] "GET /images/lookbook/thumbs/3.jpg HTTP/1.1" 200 86771 "http://www.madamems.com.br/blog/" "Mozilla/5.0 (Windows NT 6.1; WOW64) AppleWebKit/537.22 (KHTML, like Gecko) Chrome/25.0.1364.172 Safari/537.22"
186.247.13.241 - - [25/Mar/2013:00:12:35 +0000] "GET /images/lookbook/thumbs/24.jpg HTTP/1.1" 200 103767 "http://www.madamems.com.br/blog/" "Mozilla/5.0 (Windows NT 6.1; WOW64) AppleWebKit/537.22 (KHTML, like Gecko) Chrome/25.0.1364.172 Safari/537.22"
186.247.13.241 - - [25/Mar/2013:00:12:58 +0000] "GET /images/lookbook/thumbs/22.jpg HTTP/1.1" 200 82181 "http://www.madamems.com.br/blog/" "Mozilla/5.0 (Windows NT 6.1; WOW64) AppleWebKit/537.22 (KHTML, like Gecko) Chrome/25.0.1364.172 Safari/537.22"
186.247.13.241 - - [25/Mar/2013:00:13:14 +0000] "GET / HTTP/1.1" 200 1624 "http://www.madamems.com.br/blog/" "Mozilla/5.0 (Windows NT 6.1; WOW64) AppleWebKit/537.22 (KHTML, like Gecko) Chrome/25.0.1364.172 Safari/537.22"
186.247.13.241 - - [25/Mar/2013:00:13:19 +0000] "GET /favicon.ico HTTP/1.1" 404 2180 "-" "Mozilla/5.0 (Windows NT 6.1; WOW64) AppleWebKit/537.22 (KHTML, like Gecko) Chrome/25.0.1364.172 Safari/537.22"
186.247.13.241 - - [25/Mar/2013:00:13:31 +0000] "GET /images/lookbook/thumbs/31.jpg HTTP/1.1" 200 32873 "http://www.madamems.com.br/blog/" "Mozilla/5.0 (Windows NT 6.1; WOW64) AppleWebKit/537.22 (KHTML, like Gecko) Chrome/25.0.1364.172 Safari/537.22"
186.247.13.241 - - [25/Mar/2013:00:13:35 +0000] "GET /blog/index.php/page/2/ HTTP/1.1" 200 28488 "http://www.madamems.com.br/blog/" "Mozilla/5.0 (Windows NT 6.1; WOW64) AppleWebKit/537.22 (KHTML, like Gecko) Chrome/25.0.1364.172 Safari/537.22"
186.247.13.241 - - [25/Mar/2013:00:13:35 +0000] "GET /blog/wp-content/uploads/LY_Madame_08_03_Blog_04-2.jpg HTTP/1.1" 200 58699 "http://madamems.com.br/blog/index.php/page/2/" "Mozilla/5.0 (Windows NT 6.1; WOW64) AppleWebKit/537.22 (KHTML, like Gecko) Chrome/25.0.1364.172 Safari/537.22"
186.247.13.241 - - [25/Mar/2013:00:13:37 +0000] "GET /blog/wp-content/uploads/LY_Madame_08_03_Blog_02-2.jpg HTTP/1.1" 200 80778 "http://madamems.com.br/blog/index.php/page/2/" "Mozilla/5.0 (Windows NT 6.1; WOW64) AppleWebKit/537.22 (KHTML, like Gecko) Chrome/25.0.1364.172 Safari/537.22"
186.247.13.241 - - [25/Mar/2013:00:13:37 +0000] "GET /blog/wp-content/uploads/LY_MADAME_BLOG_perolada.jpg HTTP/1.1" 200 76064 "http://madamems.com.br/blog/index.php/page/2/" "Mozilla/5.0 (Windows NT 6.1; WOW64) AppleWebKit/537.22 (KHTML, like Gecko) Chrome/25.0.1364.172 Safari/537.22"
186.247.13.241 - - [25/Mar/2013:00:13:37 +0000] "GET /blog/wp-content/uploads/LY_Madame_08_03_Blog_01.jpg HTTP/1.1" 200 75410 "http://madamems.com.br/blog/index.php/page/2/" "Mozilla/5.0 (Windows NT 6.1; WOW64) AppleWebKit/537.22 (KHTML, like Gecko) Chrome/25.0.1364.172 Safari/537.22"
186.247.13.241 - - [25/Mar/2013:00:13:38 +0000] "GET /blog/wp-content/uploads/LY_MADAME_BLOG_sombra_marrom.jpg HTTP/1.1" 200 79704 "http://madamems.com.br/blog/index.php/page/2/" "Mozilla/5.0 (Windows NT 6.1; WOW64) AppleWebKit/537.22 (KHTML, like Gecko) Chrome/25.0.1364.172 Safari/537.22"
186.247.13.241 - - [25/Mar/2013:00:13:38 +0000] "GET /blog/wp-content/uploads/LY_MADAME_BLOG_batom.jpg HTTP/1.1" 200 62227 "http://madamems.com.br/blog/index.php/page/2/" "Mozilla/5.0 (Windows NT 6.1; WOW64) AppleWebKit/537.22 (KHTML, like Gecko) Chrome/25.0.1364.172 Safari/537.22"
186.247.13.241 - - [25/Mar/2013:00:13:38 +0000] "GET /blog/wp-content/uploads/LY_Madame_07_03_Blog.jpg HTTP/1.1" 200 279637 "http://madamems.com.br/blog/index.php/page/2/" "Mozilla/5.0 (Windows NT 6.1; WOW64) AppleWebKit/537.22 (KHTML, like Gecko) Chrome/25.0.1364.172 Safari/537.22"
186.247.13.241 - - [25/Mar/2013:00:13:40 +0000] "GET /blog/wp-content/uploads/LY_MADAME_BLOG_rosada.jpg HTTP/1.1" 200 74721 "http://madamems.com.br/blog/index.php/page/2/" "Mozilla/5.0 (Windows NT 6.1; WOW64) AppleWebKit/537.22 (KHTML, like Gecko) Chrome/25.0.1364.172 Safari/537.22"
186.247.13.241 - - [25/Mar/2013:00:13:41 +0000] "GET /blog/wp-content/uploads/LY_Madame_08_03_Blog_03.jpg HTTP/1.1" 200 126434 "http://madamems.com.br/blog/index.php/page/2/" "Mozilla/5.0 (Windows NT 6.1; WOW64) AppleWebKit/537.22 (KHTML, like Gecko) Chrome/25.0.1364.172 Safari/537.22"
186.247.13.241 - - [25/Mar/2013:00:13:41 +0000] "GET /blog/wp-content/uploads/LY_Madame_28_02_Blog_labios_nude.jpg HTTP/1.1" 200 160599 "http://madamems.com.br/blog/index.php/page/2/" "Mozilla/5.0 (Windows NT 6.1; WOW64) AppleWebKit/537.22 (KHTML, like Gecko) Chrome/25.0.1364.172 Safari/537.22"
186.247.13.241 - - [25/Mar/2013:00:13:45 +0000] "GET /blog/wp-content/uploads/LY_Madame_28_02_Blog_Olhos_bronze.jpg HTTP/1.1" 200 191997 "http://madamems.com.br/blog/index.php/page/2/" "Mozilla/5.0 (Windows NT 6.1; WOW64) AppleWebKit/537.22 (KHTML, like Gecko) Chrome/25.0.1364.172 Safari/537.22"
186.247.13.241 - - [25/Mar/2013:00:13:46 +0000] "GET /images/lookbook/thumbs/17.jpg HTTP/1.1" 200 72499 "http://madamems.com.br/blog/index.php/page/2/" "Mozilla/5.0 (Windows NT 6.1; WOW64) AppleWebKit/537.22 (KHTML, like Gecko) Chrome/25.0.1364.172 Safari/537.22"
186.247.13.241 - - [25/Mar/2013:00:13:48 +0000] "GET /blog/wp-content/uploads/LY_Madame_28_02_Blog_Olhos_acessorios_brilhantes.jpg HTTP/1.1" 200 181439 "http://madamems.com.br/blog/index.php/page/2/" "Mozilla/5.0 (Windows NT 6.1; WOW64) AppleWebKit/537.22 (KHTML, like Gecko) Chrome/25.0.1364.172 Safari/537.22"
186.247.13.241 - - [25/Mar/2013:00:13:48 +0000] "GET /blog/wp-content/uploads/LY_Madame_28_02_Blog_labios_rosados.jpg HTTP/1.1" 200 179268 "http://madamems.com.br/blog/index.php/page/2/" "Mozilla/5.0 (Windows NT 6.1; WOW64) AppleWebKit/537.22 (KHTML, like Gecko) Chrome/25.0.1364.172 Safari/537.22"
186.247.13.241 - - [25/Mar/2013:00:13:48 +0000] "GET /blog/wp-content/uploads/LY_Madame_01_03_Blog.jpg HTTP/1.1" 200 308062 "http://madamems.com.br/blog/index.php/page/2/" "Mozilla/5.0 (Windows NT 6.1; WOW64) AppleWebKit/537.22 (KHTML, like Gecko) Chrome/25.0.1364.172 Safari/537.22"
186.247.13.241 - - [25/Mar/2013:00:13:48 +0000] "GET /blog/wp-content/uploads/LY_Madame_28_02_Blog_onda_vintage.jpg HTTP/1.1" 200 152438 "http://madamems.com.br/blog/index.php/page/2/" "Mozilla/5.0 (Windows NT 6.1; WOW64) AppleWebKit/537.22 (KHTML, like Gecko) Chrome/25.0.1364.172 Safari/537.22"
186.247.13.241 - - [25/Mar/2013:00:13:48 +0000] "GET /favicon.ico HTTP/1.1" 404 2180 "-" "Mozilla/5.0 (Windows NT 6.1; WOW64) AppleWebKit/537.22 (KHTML, like Gecko) Chrome/25.0.1364.172 Safari/537.22"
186.247.13.241 - - [25/Mar/2013:00:13:59 +0000] "GET /images/lookbook/thumbs/20.jpg HTTP/1.1" 200 107200 "http://madamems.com.br/blog/index.php/page/2/" "Mozilla/5.0 (Windows NT 6.1; WOW64) AppleWebKit/537.22 (KHTML, like Gecko) Chrome/25.0.1364.172 Safari/537.22"
198.105.219.54 - - [25/Mar/2013:00:14:15 +0000] "HEAD / HTTP/1.1" 200 439 "-" "checks.panopta.com"
198.105.219.54 - - [25/Mar/2013:00:14:16 +0000] "GET / HTTP/1.1" 200 1032 "-" "checks.panopta.com"
186.244.242.45 - - [25/Mar/2013:00:16:29 +0000] "GET /blog/ HTTP/1.1" 200 25673 "http://mgstudio.com.br/madamems/inverno13/linhas/social/" "Mozilla/5.0 (Windows NT 5.1) AppleWebKit/537.22 (KHTML, like Gecko) Chrome/25.0.1364.172 Safari/537.22"
186.244.242.45 - - [25/Mar/2013:00:16:32 +0000] "GET /blog/wp-content/themes/blogms/style.css HTTP/1.1" 200 2985 "http://www.madamems.com.br/blog/" "Mozilla/5.0 (Windows NT 5.1) AppleWebKit/537.22 (KHTML, like Gecko) Chrome/25.0.1364.172 Safari/537.22"
186.244.242.45 - - [25/Mar/2013:00:16:34 +0000] "GET /blog/wp-content/themes/madamems/style.css HTTP/1.1" 200 3841 "http://www.madamems.com.br/blog/" "Mozilla/5.0 (Windows NT 5.1) AppleWebKit/537.22 (KHTML, like Gecko) Chrome/25.0.1364.172 Safari/537.22"
186.244.242.45 - - [25/Mar/2013:00:16:35 +0000] "GET /blog/wp-content/themes/blogms/images/top-img.jpg HTTP/1.1" 200 39337 "http://www.madamems.com.br/blog/" "Mozilla/5.0 (Windows NT 5.1) AppleWebKit/537.22 (KHTML, like Gecko) Chrome/25.0.1364.172 Safari/537.22"
186.244.242.45 - - [25/Mar/2013:00:16:35 +0000] "GET /blog/wp-content/themes/madamems/images/facebook-logo.jpg HTTP/1.1" 200 1290 "http://www.madamems.com.br/blog/" "Mozilla/5.0 (Windows NT 5.1) AppleWebKit/537.22 (KHTML, like Gecko) Chrome/25.0.1364.172 Safari/537.22"
186.244.242.45 - - [25/Mar/2013:00:16:35 +0000] "GET /blog/wp-content/themes/blogms/font/champagne__limousines_bold-webfont.woff HTTP/1.1" 200 22123 "http://www.madamems.com.br/blog/" "Mozilla/5.0 (Windows NT 5.1) AppleWebKit/537.22 (KHTML, like Gecko) Chrome/25.0.1364.172 Safari/537.22"
186.244.242.45 - - [25/Mar/2013:00:16:35 +0000] "GET /blog/wp-content/themes/blogms/images/tarja.png HTTP/1.1" 200 1079 "http://www.madamems.com.br/blog/" "Mozilla/5.0 (Windows NT 5.1) AppleWebKit/537.22 (KHTML, like Gecko) Chrome/25.0.1364.172 Safari/537.22"
186.244.242.45 - - [25/Mar/2013:00:16:35 +0000] "GET /blog/wp-content/themes/madamems/images/facebook-share-button.jpg HTTP/1.1" 200 3277 "http://www.madamems.com.br/blog/" "Mozilla/5.0 (Windows NT 5.1) AppleWebKit/537.22 (KHTML, like Gecko) Chrome/25.0.1364.172 Safari/537.22"
186.244.242.45 - - [25/Mar/2013:00:16:38 +0000] "GET /blog/wp-content/uploads/ly_madame_20_03_blog04.jpg HTTP/1.1" 200 128028 "http://www.madamems.com.br/blog/" "Mozilla/5.0 (Windows NT 5.1) AppleWebKit/537.22 (KHTML, like Gecko) Chrome/25.0.1364.172 Safari/537.22"
186.244.242.45 - - [25/Mar/2013:00:16:41 +0000] "GET /blog/wp-content/uploads/ly_madame_20_03_blog03.jpg HTTP/1.1" 200 333561 "http://www.madamems.com.br/blog/" "Mozilla/5.0 (Windows NT 5.1) AppleWebKit/537.22 (KHTML, like Gecko) Chrome/25.0.1364.172 Safari/537.22"
186.244.242.45 - - [25/Mar/2013:00:16:41 +0000] "GET /blog/wp-content/uploads/ly_madame_19_03_blog01.jpg HTTP/1.1" 200 292866 "http://www.madamems.com.br/blog/" "Mozilla/5.0 (Windows NT 5.1) AppleWebKit/537.22 (KHTML, like Gecko) Chrome/25.0.1364.172 Safari/537.22"
186.244.242.45 - - [25/Mar/2013:00:16:43 +0000] "GET /blog/wp-content/uploads/ly_madame_19_03_blog02.jpg HTTP/1.1" 200 316793 "http://www.madamems.com.br/blog/" "Mozilla/5.0 (Windows NT 5.1) AppleWebKit/537.22 (KHTML, like Gecko) Chrome/25.0.1364.172 Safari/537.22"
186.244.242.45 - - [25/Mar/2013:00:16:44 +0000] "GET /blog/wp-content/uploads/LY_Madame_Promo_15_03_BLog_01.jpg HTTP/1.1" 200 60239 "http://www.madamems.com.br/blog/" "Mozilla/5.0 (Windows NT 5.1) AppleWebKit/537.22 (KHTML, like Gecko) Chrome/25.0.1364.172 Safari/537.22"
186.244.242.45 - - [25/Mar/2013:00:16:44 +0000] "GET /blog/wp-content/uploads/ly_madame_20_03_blog02.jpg HTTP/1.1" 200 343649 "http://www.madamems.com.br/blog/" "Mozilla/5.0 (Windows NT 5.1) AppleWebKit/537.22 (KHTML, like Gecko) Chrome/25.0.1364.172 Safari/537.22"
186.244.242.45 - - [25/Mar/2013:00:16:44 +0000] "GET /blog/wp-content/uploads/ly_madame_19_03_blog04.jpg HTTP/1.1" 200 267501 "http://www.madamems.com.br/blog/" "Mozilla/5.0 (Windows NT 5.1) AppleWebKit/537.22 (KHTML, like Gecko) Chrome/25.0.1364.172 Safari/537.22"
186.244.242.45 - - [25/Mar/2013:00:16:44 +0000] "GET /blog/wp-content/uploads/ly_madame_19_03_blog03.jpg HTTP/1.1" 200 306084 "http://www.madamems.com.br/blog/" "Mozilla/5.0 (Windows NT 5.1) AppleWebKit/537.22 (KHTML, like Gecko) Chrome/25.0.1364.172 Safari/537.22"
186.244.242.45 - - [25/Mar/2013:00:16:45 +0000] "GET /blog/wp-content/uploads/LY_Madame_Promo_15_03_BLog_02.jpg HTTP/1.1" 200 54308 "http://www.madamems.com.br/blog/" "Mozilla/5.0 (Windows NT 5.1) AppleWebKit/537.22 (KHTML, like Gecko) Chrome/25.0.1364.172 Safari/537.22"
186.244.242.45 - - [25/Mar/2013:00:16:47 +0000] "GET /blog/wp-content/uploads/ly_madame_20_03_blog01.jpg HTTP/1.1" 200 342348 "http://www.madamems.com.br/blog/" "Mozilla/5.0 (Windows NT 5.1) AppleWebKit/537.22 (KHTML, like Gecko) Chrome/25.0.1364.172 Safari/537.22"
186.244.242.45 - - [25/Mar/2013:00:16:47 +0000] "GET /blog/wp-content/uploads/LY_Madame_Promo_15_03_BLog_03.jpg HTTP/1.1" 200 47382 "http://www.madamems.com.br/blog/" "Mozilla/5.0 (Windows NT 5.1) AppleWebKit/537.22 (KHTML, like Gecko) Chrome/25.0.1364.172 Safari/537.22"
186.244.242.45 - - [25/Mar/2013:00:16:47 +0000] "GET /blog/wp-content/uploads/LY_Madame_13_03_Blog_A.jpg HTTP/1.1" 200 184128 "http://www.madamems.com.br/blog/" "Mozilla/5.0 (Windows NT 5.1) AppleWebKit/537.22 (KHTML, like Gecko) Chrome/25.0.1364.172 Safari/537.22"
186.244.242.45 - - [25/Mar/2013:00:16:47 +0000] "GET /blog/wp-content/uploads/ly_madame_20_03_blog01-150x150.jpg HTTP/1.1" 200 12379 "http://www.madamems.com.br/blog/" "Mozilla/5.0 (Windows NT 5.1) AppleWebKit/537.22 (KHTML, like Gecko) Chrome/25.0.1364.172 Safari/537.22"
186.244.242.45 - - [25/Mar/2013:00:16:47 +0000] "GET /blog/wp-content/uploads/ly_madame_19_03_blog05.jpg HTTP/1.1" 200 220697 "http://www.madamems.com.br/blog/" "Mozilla/5.0 (Windows NT 5.1) AppleWebKit/537.22 (KHTML, like Gecko) Chrome/25.0.1364.172 Safari/537.22"
186.244.242.45 - - [25/Mar/2013:00:16:47 +0000] "GET /blog/wp-content/uploads/ly_madame_19_03_blog01-150x150.jpg HTTP/1.1" 200 11253 "http://www.madamems.com.br/blog/" "Mozilla/5.0 (Windows NT 5.1) AppleWebKit/537.22 (KHTML, like Gecko) Chrome/25.0.1364.172 Safari/537.22"
186.244.242.45 - - [25/Mar/2013:00:16:47 +0000] "GET /blog/wp-content/uploads/LY_Madame_Promo_15_03_BLog_01-150x150.jpg HTTP/1.1" 200 8847 "http://www.madamems.com.br/blog/" "Mozilla/5.0 (Windows NT 5.1) AppleWebKit/537.22 (KHTML, like Gecko) Chrome/25.0.1364.172 Safari/537.22"
186.244.242.45 - - [25/Mar/2013:00:16:48 +0000] "GET /blog/wp-content/uploads/LY_Madame_13_03_Blog_B-1.jpg HTTP/1.1" 200 155192 "http://www.madamems.com.br/blog/" "Mozilla/5.0 (Windows NT 5.1) AppleWebKit/537.22 (KHTML, like Gecko) Chrome/25.0.1364.172 Safari/537.22"
186.244.242.45 - - [25/Mar/2013:00:16:48 +0000] "GET /blog/wp-content/uploads/LY_Madame_13_03_Blog_C.jpg HTTP/1.1" 200 136554 "http://www.madamems.com.br/blog/" "Mozilla/5.0 (Windows NT 5.1) AppleWebKit/537.22 (KHTML, like Gecko) Chrome/25.0.1364.172 Safari/537.22"
186.244.242.45 - - [25/Mar/2013:00:16:50 +0000] "GET /images/lookbook/thumbs/8.jpg HTTP/1.1" 200 81427 "http://www.madamems.com.br/blog/" "Mozilla/5.0 (Windows NT 5.1) AppleWebKit/537.22 (KHTML, like Gecko) Chrome/25.0.1364.172 Safari/537.22"
186.244.242.45 - - [25/Mar/2013:00:16:50 +0000] "GET /blog/wp-content/uploads/LY_Madame_14_03_Blog.jpg HTTP/1.1" 200 298862 "http://www.madamems.com.br/blog/" "Mozilla/5.0 (Windows NT 5.1) AppleWebKit/537.22 (KHTML, like Gecko) Chrome/25.0.1364.172 Safari/537.22"
186.244.242.45 - - [25/Mar/2013:00:16:51 +0000] "GET /favicon.ico HTTP/1.1" 404 2177 "-" "Mozilla/5.0 (Windows NT 5.1) AppleWebKit/537.22 (KHTML, like Gecko) Chrome/25.0.1364.172 Safari/537.22"
184.154.42.194 - - [25/Mar/2013:00:16:59 +0000] "GET / HTTP/1.0" 200 970 "-" "-"
186.244.242.45 - - [25/Mar/2013:00:17:02 +0000] "GET /images/lookbook/thumbs/11.jpg HTTP/1.1" 200 78626 "http://www.madamems.com.br/blog/" "Mozilla/5.0 (Windows NT 5.1) AppleWebKit/537.22 (KHTML, like Gecko) Chrome/25.0.1364.172 Safari/537.22"
186.244.242.45 - - [25/Mar/2013:00:17:14 +0000] "GET /images/lookbook/thumbs/30.jpg HTTP/1.1" 200 40945 "http://www.madamems.com.br/blog/" "Mozilla/5.0 (Windows NT 5.1) AppleWebKit/537.22 (KHTML, like Gecko) Chrome/25.0.1364.172 Safari/537.22"
177.187.129.227 - - [25/Mar/2013:00:17:22 +0000] "GET / HTTP/1.1" 200 1376 "https://www.google.com.br/" "Mozilla/5.0 (Windows NT 6.1; WOW64) AppleWebKit/537.22 (KHTML, like Gecko) Chrome/25.0.1364.172 Safari/537.22"
177.187.129.227 - - [25/Mar/2013:00:17:24 +0000] "GET /js/login.js HTTP/1.1" 200 2711 "http://mgstudio.com.br/madamems/inverno13/" "Mozilla/5.0 (Windows NT 6.1; WOW64) AppleWebKit/537.22 (KHTML, like Gecko) Chrome/25.0.1364.172 Safari/537.22"
186.244.242.45 - - [25/Mar/2013:00:17:29 +0000] "GET /images/lookbook/thumbs/3.jpg HTTP/1.1" 200 86765 "http://www.madamems.com.br/blog/" "Mozilla/5.0 (Windows NT 5.1) AppleWebKit/537.22 (KHTML, like Gecko) Chrome/25.0.1364.172 Safari/537.22"
186.244.242.45 - - [25/Mar/2013:00:17:42 +0000] "GET /images/lookbook/thumbs/5.jpg HTTP/1.1" 200 86134 "http://www.madamems.com.br/blog/" "Mozilla/5.0 (Windows NT 5.1) AppleWebKit/537.22 (KHTML, like Gecko) Chrome/25.0.1364.172 Safari/537.22"
186.244.242.45 - - [25/Mar/2013:00:17:54 +0000] "GET /images/lookbook/thumbs/10.jpg HTTP/1.1" 200 97930 "http://www.madamems.com.br/blog/" "Mozilla/5.0 (Windows NT 5.1) AppleWebKit/537.22 (KHTML, like Gecko) Chrome/25.0.1364.172 Safari/537.22"
186.244.242.45 - - [25/Mar/2013:00:18:16 +0000] "GET /images/lookbook/thumbs/26.jpg HTTP/1.1" 200 87047 "http://www.madamems.com.br/blog/" "Mozilla/5.0 (Windows NT 5.1) AppleWebKit/537.22 (KHTML, like Gecko) Chrome/25.0.1364.172 Safari/537.22"
186.244.242.45 - - [25/Mar/2013:00:18:19 +0000] "GET / HTTP/1.1" 200 1618 "http://www.madamems.com.br/blog/" "Mozilla/5.0 (Windows NT 5.1) AppleWebKit/537.22 (KHTML, like Gecko) Chrome/25.0.1364.172 Safari/537.22"
186.244.242.45 - - [25/Mar/2013:00:18:22 +0000] "GET /favicon.ico HTTP/1.1" 404 2173 "-" "Mozilla/5.0 (Windows NT 5.1) AppleWebKit/537.22 (KHTML, like Gecko) Chrome/25.0.1364.172 Safari/537.22"
186.244.242.45 - - [25/Mar/2013:00:18:22 +0000] "GET /favicon.ico HTTP/1.1" 404 2173 "-" "Mozilla/5.0 (Windows NT 5.1) AppleWebKit/537.22 (KHTML, like Gecko) Chrome/25.0.1364.172 Safari/537.22"
186.244.242.45 - - [25/Mar/2013:00:18:23 +0000] "GET /favicon.ico HTTP/1.1" 404 2173 "-" "Mozilla/5.0 (Windows NT 5.1) AppleWebKit/537.22 (KHTML, like Gecko) Chrome/25.0.1364.172 Safari/537.22"
186.244.242.45 - - [25/Mar/2013:00:18:23 +0000] "GET /favicon.ico HTTP/1.1" 404 2173 "-" "Mozilla/5.0 (Windows NT 5.1) AppleWebKit/537.22 (KHTML, like Gecko) Chrome/25.0.1364.172 Safari/537.22"
186.244.242.45 - - [25/Mar/2013:00:18:28 +0000] "GET /images/lookbook/thumbs/18.jpg HTTP/1.1" 200 90987 "http://www.madamems.com.br/blog/" "Mozilla/5.0 (Windows NT 5.1) AppleWebKit/537.22 (KHTML, like Gecko) Chrome/25.0.1364.172 Safari/537.22"
186.244.242.45 - - [25/Mar/2013:00:18:44 +0000] "GET /images/lookbook/thumbs/7.jpg HTTP/1.1" 200 90952 "http://www.madamems.com.br/blog/" "Mozilla/5.0 (Windows NT 5.1) AppleWebKit/537.22 (KHTML, like Gecko) Chrome/25.0.1364.172 Safari/537.22"
186.244.242.45 - - [25/Mar/2013:00:18:58 +0000] "GET /images/lookbook/thumbs/6.jpg HTTP/1.1" 200 72488 "http://www.madamems.com.br/blog/" "Mozilla/5.0 (Windows NT 5.1) AppleWebKit/537.22 (KHTML, like Gecko) Chrome/25.0.1364.172 Safari/537.22"
186.244.242.45 - - [25/Mar/2013:00:19:12 +0000] "GET /images/lookbook/thumbs/17.jpg HTTP/1.1" 200 72480 "http://www.madamems.com.br/blog/" "Mozilla/5.0 (Windows NT 5.1) AppleWebKit/537.22 (KHTML, like Gecko) Chrome/25.0.1364.172 Safari/537.22"
177.187.129.227 - - [25/Mar/2013:00:19:15 +0000] "GET /favicon.ico HTTP/1.1" 404 2184 "-" "Mozilla/5.0 (Windows NT 6.1; WOW64) AppleWebKit/537.22 (KHTML, like Gecko) Chrome/25.0.1364.172 Safari/537.22"
186.244.242.45 - - [25/Mar/2013:00:19:26 +0000] "GET /images/lookbook/thumbs/25.jpg HTTP/1.1" 200 77431 "http://www.madamems.com.br/blog/" "Mozilla/5.0 (Windows NT 5.1) AppleWebKit/537.22 (KHTML, like Gecko) Chrome/25.0.1364.172 Safari/537.22"
179.170.52.97 - - [25/Mar/2013:00:19:35 +0000] "GET / HTTP/1.1" 200 569 "-" "Mozilla/5.0 (Windows NT 6.1) AppleWebKit/537.22 (KHTML, like Gecko) Chrome/25.0.1364.172 Safari/537.22"
186.244.242.45 - - [25/Mar/2013:00:19:38 +0000] "GET /images/lookbook/thumbs/16.jpg HTTP/1.1" 200 91712 "http://www.madamems.com.br/blog/" "Mozilla/5.0 (Windows NT 5.1) AppleWebKit/537.22 (KHTML, like Gecko) Chrome/25.0.1364.172 Safari/537.22"
186.244.242.45 - - [25/Mar/2013:00:19:51 +0000] "GET /images/lookbook/thumbs/1.jpg HTTP/1.1" 200 94330 "http://www.madamems.com.br/blog/" "Mozilla/5.0 (Windows NT 5.1) AppleWebKit/537.22 (KHTML, like Gecko) Chrome/25.0.1364.172 Safari/537.22"
177.168.162.167 - - [25/Mar/2013:00:19:59 +0000] "GET / HTTP/1.1" 200 1531 "-" "Mozilla/5.0 (Windows NT 6.1) AppleWebKit/537.22 (KHTML, like Gecko) Chrome/25.0.1364.172 Safari/537.22"
177.168.162.167 - - [25/Mar/2013:00:20:18 +0000] "GET /favicon.ico HTTP/1.1" 404 2177 "-" "Mozilla/5.0 (Windows NT 6.1) AppleWebKit/537.22 (KHTML, like Gecko) Chrome/25.0.1364.172 Safari/537.22"
186.244.242.45 - - [25/Mar/2013:00:20:26 +0000] "GET /images/lookbook/thumbs/24.jpg HTTP/1.1" 200 103761 "http://www.madamems.com.br/blog/" "Mozilla/5.0 (Windows NT 5.1) AppleWebKit/537.22 (KHTML, like Gecko) Chrome/25.0.1364.172 Safari/537.22"
186.244.242.45 - - [25/Mar/2013:00:20:49 +0000] "GET /images/lookbook/thumbs/28.jpg HTTP/1.1" 200 60954 "http://www.madamems.com.br/blog/" "Mozilla/5.0 (Windows NT 5.1) AppleWebKit/537.22 (KHTML, like Gecko) Chrome/25.0.1364.172 Safari/537.22"
187.65.171.177 - - [25/Mar/2013:00:21:08 +0000] "GET / HTTP/1.1" 200 1508 "http://www.google.com.br/search?rlz=1Y3XIUG_pt-BRBR517BR517&client=ms-android-samsung&sourceid=chrome-mobile&ie=UTF-8&q=ms+madame" "Mozilla/5.0 (Linux; Android 4.1.2; GT-I9300 Build/JZO54K) AppleWebKit/535.19 (KHTML, like Gecko) Chrome/18.0.1025.166 Mobile Safari/535.19"
187.65.171.177 - - [25/Mar/2013:00:21:09 +0000] "GET /js/login.js HTTP/1.1" 200 2740 "http://mgstudio.com.br/madamems/inverno13/" "Mozilla/5.0 (Linux; Android 4.1.2; GT-I9300 Build/JZO54K) AppleWebKit/535.19 (KHTML, like Gecko) Chrome/18.0.1025.166 Mobile Safari/535.19"
186.244.242.45 - - [25/Mar/2013:00:21:13 +0000] "GET /images/lookbook/thumbs/32.jpg HTTP/1.1" 200 28282 "http://www.madamems.com.br/blog/" "Mozilla/5.0 (Windows NT 5.1) AppleWebKit/537.22 (KHTML, like Gecko) Chrome/25.0.1364.172 Safari/537.22"
187.65.171.177 - - [25/Mar/2013:00:21:18 +0000] "GET /favicon.ico HTTP/1.1" 404 2213 "-" "Mozilla/5.0 (Linux; Android 4.1.2; GT-I9300 Build/JZO54K) AppleWebKit/535.19 (KHTML, like Gecko) Chrome/18.0.1025.166 Mobile Safari/535.19"
187.65.171.177 - - [25/Mar/2013:00:21:18 +0000] "GET /apple-touch-icon-precomposed.png HTTP/1.1" 404 2234 "-" "Mozilla/5.0 (Linux; Android 4.1.2; GT-I9300 Build/JZO54K) AppleWebKit/535.19 (KHTML, like Gecko) Chrome/18.0.1025.166 Mobile Safari/535.19"
187.65.171.177 - - [25/Mar/2013:00:21:18 +0000] "GET /apple-touch-icon.png HTTP/1.1" 404 2222 "-" "Mozilla/5.0 (Linux; Android 4.1.2; GT-I9300 Build/JZO54K) AppleWebKit/535.19 (KHTML, like Gecko) Chrome/18.0.1025.166 Mobile Safari/535.19"
186.244.242.45 - - [25/Mar/2013:00:21:27 +0000] "GET /images/lookbook/thumbs/15.jpg HTTP/1.1" 200 77914 "http://www.madamems.com.br/blog/" "Mozilla/5.0 (Windows NT 5.1) AppleWebKit/537.22 (KHTML, like Gecko) Chrome/25.0.1364.172 Safari/537.22"
186.244.242.45 - - [25/Mar/2013:00:21:40 +0000] "GET /images/lookbook/thumbs/27.jpg HTTP/1.1" 200 65744 "http://www.madamems.com.br/blog/" "Mozilla/5.0 (Windows NT 5.1) AppleWebKit/537.22 (KHTML, like Gecko) Chrome/25.0.1364.172 Safari/537.22"
186.244.242.45 - - [25/Mar/2013:00:21:55 +0000] "GET /images/lookbook/thumbs/12.jpg HTTP/1.1" 200 83696 "http://www.madamems.com.br/blog/" "Mozilla/5.0 (Windows NT 5.1) AppleWebKit/537.22 (KHTML, like Gecko) Chrome/25.0.1364.172 Safari/537.22"
186.244.242.45 - - [25/Mar/2013:00:22:29 +0000] "GET /images/lookbook/thumbs/9.jpg HTTP/1.1" 200 76706 "http://www.madamems.com.br/blog/" "Mozilla/5.0 (Windows NT 5.1) AppleWebKit/537.22 (KHTML, like Gecko) Chrome/25.0.1364.172 Safari/537.22"
186.244.242.45 - - [25/Mar/2013:00:22:46 +0000] "GET /images/lookbook/thumbs/20.jpg HTTP/1.1" 200 107181 "http://www.madamems.com.br/blog/" "Mozilla/5.0 (Windows NT 5.1) AppleWebKit/537.22 (KHTML, like Gecko) Chrome/25.0.1364.172 Safari/537.22"
177.21.36.67 - - [25/Mar/2013:00:22:51 +0000] "GET /blog/wp-content/uploads/madame-blog-beleza-unhas.jpg HTTP/1.1" 200 65973 "http://www.google.com.br/blank.html" "Mozilla/5.0 (Windows NT 6.1; WOW64) AppleWebKit/537.22 (KHTML, like Gecko) Chrome/25.0.1364.172 Safari/537.22"
187.75.158.168 - - [25/Mar/2013:00:22:53 +0000] "GET / HTTP/1.0" 200 1518 "http://www.facebook.com/" "Mozilla/5.0 (Windows NT 6.1) AppleWebKit/537.22 (KHTML, like Gecko) Chrome/25.0.1364.172 Safari/537.22"
187.75.158.168 - - [25/Mar/2013:00:22:55 +0000] "GET /js/login.js HTTP/1.0" 200 2855 "http://mgstudio.com.br/madamems/inverno13/" "Mozilla/5.0 (Windows NT 6.1) AppleWebKit/537.22 (KHTML, like Gecko) Chrome/25.0.1364.172 Safari/537.22"
66.249.76.185 - - [25/Mar/2013:00:22:59 +0000] "GET /lookbook-2013.htm HTTP/1.1" 304 690 "-" "Mozilla/5.0 (iPhone; U; CPU iPhone OS 4_1 like Mac OS X; en-us) AppleWebKit/532.9 (KHTML, like Gecko) Version/4.0.5 Mobile/8B117 Safari/6531.22.7 (compatible; Googlebot-Mobile/2.1;  http://www.google.com/bot.html)"
187.75.158.168 - - [25/Mar/2013:00:23:07 +0000] "GET /favicon.ico HTTP/1.0" 404 2328 "-" "Mozilla/5.0 (Windows NT 6.1) AppleWebKit/537.22 (KHTML, like Gecko) Chrome/25.0.1364.172 Safari/537.22"
187.57.41.100 - - [25/Mar/2013:00:23:14 +0000] "GET /blog/wp-content/uploads/madame-polka-dots-bolinhas-grandes.jpg HTTP/1.1" 200 287375 "http://www.google.com.br/search?q=vestido+de+bolinhas&hl=pt-BR&tbm=isch&source=lnms&sa=X&ei=eJVPUfaNNdfF4AP6hIGQCw&ved=0CAgQ_AUoAQ&biw=360&bih=567&sei=65ZPUcXdFILZ0wH4q4DICw" "Mozilla/5.0 (Linux; U; Android 4.1.2; pt-br; GT-N7100 Build/JZO54K) AppleWebKit/534.30 (KHTML, like Gecko) Version/4.0 Mobile Safari/534.30"
177.168.162.167 - - [25/Mar/2013:00:23:21 +0000] "GET /favicon.ico HTTP/1.1" 404 2177 "-" "Mozilla/5.0 (Windows NT 6.1) AppleWebKit/537.22 (KHTML, like Gecko) Chrome/25.0.1364.172 Safari/537.22"
177.17.58.169 - - [25/Mar/2013:00:23:23 +0000] "GET /js/login.js HTTP/1.1" 200 2711 "http://mgstudio.com.br/madamems/inverno13/" "Mozilla/5.0 (Windows NT 6.1; WOW64) AppleWebKit/537.22 (KHTML, like Gecko) Chrome/25.0.1364.172 Safari/537.22"
177.17.58.169 - - [25/Mar/2013:00:23:26 +0000] "GET /lojas.htm HTTP/1.1" 200 29329 "https://www.google.com.br/" "Mozilla/5.0 (Windows NT 6.1; WOW64) AppleWebKit/537.22 (KHTML, like Gecko) Chrome/25.0.1364.172 Safari/537.22"
177.17.58.169 - - [25/Mar/2013:00:23:27 +0000] "GET /cufon/cufon-replace.js HTTP/1.1" 200 1111 "http://www.madamems.com.br/lojas.htm" "Mozilla/5.0 (Windows NT 6.1; WOW64) AppleWebKit/537.22 (KHTML, like Gecko) Chrome/25.0.1364.172 Safari/537.22"
177.17.58.169 - - [25/Mar/2013:00:23:27 +0000] "GET /css/style.css HTTP/1.1" 200 22020 "http://www.madamems.com.br/lojas.htm" "Mozilla/5.0 (Windows NT 6.1; WOW64) AppleWebKit/537.22 (KHTML, like Gecko) Chrome/25.0.1364.172 Safari/537.22"
177.17.58.169 - - [25/Mar/2013:00:23:27 +0000] "GET /js/jquery.easing.1.3.js HTTP/1.1" 200 9015 "http://www.madamems.com.br/lojas.htm" "Mozilla/5.0 (Windows NT 6.1; WOW64) AppleWebKit/537.22 (KHTML, like Gecko) Chrome/25.0.1364.172 Safari/537.22"
177.17.58.169 - - [25/Mar/2013:00:23:27 +0000] "GET /cufon/cufon-yui.js HTTP/1.1" 200 18974 "http://www.madamems.com.br/lojas.htm" "Mozilla/5.0 (Windows NT 6.1; WOW64) AppleWebKit/537.22 (KHTML, like Gecko) Chrome/25.0.1364.172 Safari/537.22"
177.17.58.169 - - [25/Mar/2013:00:23:27 +0000] "GET /cufon/Sansumi_700-Sansumi-ExtraBold_800.font.js HTTP/1.1" 200 180082 "http://www.madamems.com.br/lojas.htm" "Mozilla/5.0 (Windows NT 6.1; WOW64) AppleWebKit/537.22 (KHTML, like Gecko) Chrome/25.0.1364.172 Safari/537.22"
177.17.58.169 - - [25/Mar/2013:00:23:28 +0000] "GET /radio-madamems/ HTTP/1.1" 200 3376 "http://www.madamems.com.br/lojas.htm" "Mozilla/5.0 (Windows NT 6.1; WOW64) AppleWebKit/537.22 (KHTML, like Gecko) Chrome/25.0.1364.172 Safari/537.22"
177.17.58.169 - - [25/Mar/2013:00:23:28 +0000] "GET /images/bg.jpg HTTP/1.1" 200 10736 "http://www.madamems.com.br/lojas.htm" "Mozilla/5.0 (Windows NT 6.1; WOW64) AppleWebKit/537.22 (KHTML, like Gecko) Chrome/25.0.1364.172 Safari/537.22"
177.17.58.169 - - [25/Mar/2013:00:23:28 +0000] "GET /images/arrow.jpg HTTP/1.1" 200 5473 "http://www.madamems.com.br/lojas.htm" "Mozilla/5.0 (Windows NT 6.1; WOW64) AppleWebKit/537.22 (KHTML, like Gecko) Chrome/25.0.1364.172 Safari/537.22"
177.17.58.169 - - [25/Mar/2013:00:23:28 +0000] "GET /images/bg-menu.jpg HTTP/1.1" 200 5541 "http://www.madamems.com.br/lojas.htm" "Mozilla/5.0 (Windows NT 6.1; WOW64) AppleWebKit/537.22 (KHTML, like Gecko) Chrome/25.0.1364.172 Safari/537.22"
177.17.58.169 - - [25/Mar/2013:00:23:28 +0000] "GET /images/toggle_down_light.png HTTP/1.1" 200 1828 "http://www.madamems.com.br/lojas.htm" "Mozilla/5.0 (Windows NT 6.1; WOW64) AppleWebKit/537.22 (KHTML, like Gecko) Chrome/25.0.1364.172 Safari/537.22"
177.17.58.169 - - [25/Mar/2013:00:23:28 +0000] "GET /images/logo.png HTTP/1.1" 200 18079 "http://www.madamems.com.br/lojas.htm" "Mozilla/5.0 (Windows NT 6.1; WOW64) AppleWebKit/537.22 (KHTML, like Gecko) Chrome/25.0.1364.172 Safari/537.22"
177.17.58.169 - - [25/Mar/2013:00:23:28 +0000] "GET /radio-madamems/skin/black/style.css HTTP/1.1" 200 8868 "http://www.madamems.com.br/radio-madamems/" "Mozilla/5.0 (Windows NT 6.1; WOW64) AppleWebKit/537.22 (KHTML, like Gecko) Chrome/25.0.1364.172 Safari/537.22"
177.17.58.169 - - [25/Mar/2013:00:23:28 +0000] "GET /radio-madamems/js/jplayer.playlist.min.js HTTP/1.1" 200 9311 "http://www.madamems.com.br/radio-madamems/" "Mozilla/5.0 (Windows NT 6.1; WOW64) AppleWebKit/537.22 (KHTML, like Gecko) Chrome/25.0.1364.172 Safari/537.22"
177.17.58.169 - - [25/Mar/2013:00:23:28 +0000] "GET /images/facebook-icon.jpg HTTP/1.1" 200 9805 "http://www.madamems.com.br/lojas.htm" "Mozilla/5.0 (Windows NT 6.1; WOW64) AppleWebKit/537.22 (KHTML, like Gecko) Chrome/25.0.1364.172 Safari/537.22"
177.17.58.169 - - [25/Mar/2013:00:23:28 +0000] "GET /images/blog-icon.jpg HTTP/1.1" 200 18283 "http://www.madamems.com.br/lojas.htm" "Mozilla/5.0 (Windows NT 6.1; WOW64) AppleWebKit/537.22 (KHTML, like Gecko) Chrome/25.0.1364.172 Safari/537.22"
177.17.58.169 - - [25/Mar/2013:00:23:28 +0000] "GET /radio-madamems/js/jquery.jplayer.min.js HTTP/1.1" 200 43589 "http://www.madamems.com.br/radio-madamems/" "Mozilla/5.0 (Windows NT 6.1; WOW64) AppleWebKit/537.22 (KHTML, like Gecko) Chrome/25.0.1364.172 Safari/537.22"
177.17.58.169 - - [25/Mar/2013:00:23:29 +0000] "GET /radio-madamems/skin/black/sprite-black.png HTTP/1.1" 200 5806 "http://www.madamems.com.br/radio-madamems/" "Mozilla/5.0 (Windows NT 6.1; WOW64) AppleWebKit/537.22 (KHTML, like Gecko) Chrome/25.0.1364.172 Safari/537.22"
177.17.58.169 - - [25/Mar/2013:00:23:29 +0000] "GET /radio-madamems/skin/black/gomust.png HTTP/1.1" 200 2654 "http://www.madamems.com.br/radio-madamems/" "Mozilla/5.0 (Windows NT 6.1; WOW64) AppleWebKit/537.22 (KHTML, like Gecko) Chrome/25.0.1364.172 Safari/537.22"
177.17.58.169 - - [25/Mar/2013:00:23:31 +0000] "GET /favicon.ico HTTP/1.1" 404 2184 "-" "Mozilla/5.0 (Windows NT 6.1; WOW64) AppleWebKit/537.22 (KHTML, like Gecko) Chrome/25.0.1364.172 Safari/537.22"
186.244.242.45 - - [25/Mar/2013:00:23:34 +0000] "GET /images/lookbook/thumbs/31.jpg HTTP/1.1" 200 32867 "http://www.madamems.com.br/blog/" "Mozilla/5.0 (Windows NT 5.1) AppleWebKit/537.22 (KHTML, like Gecko) Chrome/25.0.1364.172 Safari/537.22"
201.74.172.211 - - [25/Mar/2013:00:23:42 +0000] "GET / HTTP/1.1" 200 1331 "-" "Mozilla/5.0 (Windows NT 5.1) AppleWebKit/537.17 (KHTML, like Gecko) Chrome/24.0.1312.57 Safari/537.17"
201.74.172.211 - - [25/Mar/2013:00:23:43 +0000] "GET /js/login.js HTTP/1.1" 200 2703 "http://mgstudio.com.br/madamems/inverno13/" "Mozilla/5.0 (Windows NT 5.1) AppleWebKit/537.17 (KHTML, like Gecko) Chrome/24.0.1312.57 Safari/537.17"
177.17.58.169 - - [25/Mar/2013:00:23:53 +0000] "GET /ver-campanha.htm HTTP/1.1" 200 25036 "http://www.madamems.com.br/lojas.htm" "Mozilla/5.0 (Windows NT 6.1; WOW64) AppleWebKit/537.22 (KHTML, like Gecko) Chrome/25.0.1364.172 Safari/537.22"
177.17.58.169 - - [25/Mar/2013:00:23:53 +0000] "GET /css/orbit.css HTTP/1.1" 200 5388 "http://www.madamems.com.br/ver-campanha.htm" "Mozilla/5.0 (Windows NT 6.1; WOW64) AppleWebKit/537.22 (KHTML, like Gecko) Chrome/25.0.1364.172 Safari/537.22"
177.17.58.169 - - [25/Mar/2013:00:23:53 +0000] "GET /js/jquery.orbit-1.2.3.min.js HTTP/1.1" 200 5704 "http://www.madamems.com.br/ver-campanha.htm" "Mozilla/5.0 (Windows NT 6.1; WOW64) AppleWebKit/537.22 (KHTML, like Gecko) Chrome/25.0.1364.172 Safari/537.22"
201.74.172.211 - - [25/Mar/2013:00:23:53 +0000] "GET /favicon.ico HTTP/1.1" 404 2176 "-" "Mozilla/5.0 (Windows NT 5.1) AppleWebKit/537.17 (KHTML, like Gecko) Chrome/24.0.1312.57 Safari/537.17"
177.17.58.169 - - [25/Mar/2013:00:23:53 +0000] "GET /images/loader.gif HTTP/1.1" 200 4292 "http://www.madamems.com.br/ver-campanha.htm" "Mozilla/5.0 (Windows NT 6.1; WOW64) AppleWebKit/537.22 (KHTML, like Gecko) Chrome/25.0.1364.172 Safari/537.22"
177.17.58.169 - - [25/Mar/2013:00:23:55 +0000] "GET /images/campanha/3.jpg HTTP/1.1" 200 315806 "http://www.madamems.com.br/ver-campanha.htm" "Mozilla/5.0 (Windows NT 6.1; WOW64) AppleWebKit/537.22 (KHTML, like Gecko) Chrome/25.0.1364.172 Safari/537.22"
177.17.58.169 - - [25/Mar/2013:00:23:56 +0000] "GET /images/campanha/5.jpg HTTP/1.1" 200 352714 "http://www.madamems.com.br/ver-campanha.htm" "Mozilla/5.0 (Windows NT 6.1; WOW64) AppleWebKit/537.22 (KHTML, like Gecko) Chrome/25.0.1364.172 Safari/537.22"
177.17.58.169 - - [25/Mar/2013:00:23:57 +0000] "GET /images/campanha/1.jpg HTTP/1.1" 200 601798 "http://www.madamems.com.br/ver-campanha.htm" "Mozilla/5.0 (Windows NT 6.1; WOW64) AppleWebKit/537.22 (KHTML, like Gecko) Chrome/25.0.1364.172 Safari/537.22"
177.17.58.169 - - [25/Mar/2013:00:23:57 +0000] "GET /images/campanha/8.jpg HTTP/1.1" 200 356757 "http://www.madamems.com.br/ver-campanha.htm" "Mozilla/5.0 (Windows NT 6.1; WOW64) AppleWebKit/537.22 (KHTML, like Gecko) Chrome/25.0.1364.172 Safari/537.22"
177.17.58.169 - - [25/Mar/2013:00:23:57 +0000] "GET /images/campanha/2.jpg HTTP/1.1" 200 334615 "http://www.madamems.com.br/ver-campanha.htm" "Mozilla/5.0 (Windows NT 6.1; WOW64) AppleWebKit/537.22 (KHTML, like Gecko) Chrome/25.0.1364.172 Safari/537.22"
186.244.242.45 - - [25/Mar/2013:00:23:57 +0000] "GET /images/lookbook/thumbs/19.jpg HTTP/1.1" 200 90305 "http://www.madamems.com.br/blog/" "Mozilla/5.0 (Windows NT 5.1) AppleWebKit/537.22 (KHTML, like Gecko) Chrome/25.0.1364.172 Safari/537.22"
177.17.58.169 - - [25/Mar/2013:00:23:58 +0000] "GET /images/campanha/7.jpg HTTP/1.1" 200 494434 "http://www.madamems.com.br/ver-campanha.htm" "Mozilla/5.0 (Windows NT 6.1; WOW64) AppleWebKit/537.22 (KHTML, like Gecko) Chrome/25.0.1364.172 Safari/537.22"
177.17.58.169 - - [25/Mar/2013:00:23:58 +0000] "GET /images/campanha/10.jpg HTTP/1.1" 200 301097 "http://www.madamems.com.br/ver-campanha.htm" "Mozilla/5.0 (Windows NT 6.1; WOW64) AppleWebKit/537.22 (KHTML, like Gecko) Chrome/25.0.1364.172 Safari/537.22"
177.17.58.169 - - [25/Mar/2013:00:23:58 +0000] "GET /images/campanha/9.jpg HTTP/1.1" 200 662644 "http://www.madamems.com.br/ver-campanha.htm" "Mozilla/5.0 (Windows NT 6.1; WOW64) AppleWebKit/537.22 (KHTML, like Gecko) Chrome/25.0.1364.172 Safari/537.22"
177.17.58.169 - - [25/Mar/2013:00:23:58 +0000] "GET /images/campanha/6.jpg HTTP/1.1" 200 403670 "http://www.madamems.com.br/ver-campanha.htm" "Mozilla/5.0 (Windows NT 6.1; WOW64) AppleWebKit/537.22 (KHTML, like Gecko) Chrome/25.0.1364.172 Safari/537.22"
177.17.58.169 - - [25/Mar/2013:00:23:58 +0000] "GET /images/campanha/4.jpg HTTP/1.1" 200 460319 "http://www.madamems.com.br/ver-campanha.htm" "Mozilla/5.0 (Windows NT 6.1; WOW64) AppleWebKit/537.22 (KHTML, like Gecko) Chrome/25.0.1364.172 Safari/537.22"
177.17.58.169 - - [25/Mar/2013:00:23:59 +0000] "GET /images/left-arrow.png HTTP/1.1" 200 1769 "http://www.madamems.com.br/ver-campanha.htm" "Mozilla/5.0 (Windows NT 6.1; WOW64) AppleWebKit/537.22 (KHTML, like Gecko) Chrome/25.0.1364.172 Safari/537.22"
177.17.58.169 - - [25/Mar/2013:00:23:59 +0000] "GET /images/pause-black.png HTTP/1.1" 200 1421 "http://www.madamems.com.br/ver-campanha.htm" "Mozilla/5.0 (Windows NT 6.1; WOW64) AppleWebKit/537.22 (KHTML, like Gecko) Chrome/25.0.1364.172 Safari/537.22"
177.17.58.169 - - [25/Mar/2013:00:23:59 +0000] "GET /images/rotator-black.png HTTP/1.1" 200 1826 "http://www.madamems.com.br/ver-campanha.htm" "Mozilla/5.0 (Windows NT 6.1; WOW64) AppleWebKit/537.22 (KHTML, like Gecko) Chrome/25.0.1364.172 Safari/537.22"
177.17.58.169 - - [25/Mar/2013:00:23:59 +0000] "GET /images/right-arrow.png HTTP/1.1" 200 1755 "http://www.madamems.com.br/ver-campanha.htm" "Mozilla/5.0 (Windows NT 6.1; WOW64) AppleWebKit/537.22 (KHTML, like Gecko) Chrome/25.0.1364.172 Safari/537.22"
177.17.58.169 - - [25/Mar/2013:00:23:59 +0000] "GET /favicon.ico HTTP/1.1" 404 2184 "-" "Mozilla/5.0 (Windows NT 6.1; WOW64) AppleWebKit/537.22 (KHTML, like Gecko) Chrome/25.0.1364.172 Safari/537.22"
177.17.58.169 - - [25/Mar/2013:00:24:01 +0000] "GET /images/timer-black.png HTTP/1.1" 200 1796 "http://www.madamems.com.br/ver-campanha.htm" "Mozilla/5.0 (Windows NT 6.1; WOW64) AppleWebKit/537.22 (KHTML, like Gecko) Chrome/25.0.1364.172 Safari/537.22"
177.17.58.169 - - [25/Mar/2013:00:24:10 +0000] "GET /favicon.ico HTTP/1.1" 404 2184 "-" "Mozilla/5.0 (Windows NT 6.1; WOW64) AppleWebKit/537.22 (KHTML, like Gecko) Chrome/25.0.1364.172 Safari/537.22"
186.244.242.45 - - [25/Mar/2013:00:24:31 +0000] "GET /images/lookbook/thumbs/4.jpg HTTP/1.1" 200 80509 "http://www.madamems.com.br/blog/" "Mozilla/5.0 (Windows NT 5.1) AppleWebKit/537.22 (KHTML, like Gecko) Chrome/25.0.1364.172 Safari/537.22"
177.17.58.169 - - [25/Mar/2013:00:26:07 +0000] "GET /favicon.ico HTTP/1.1" 404 2184 "-" "Mozilla/5.0 (Windows NT 6.1; WOW64) AppleWebKit/537.22 (KHTML, like Gecko) Chrome/25.0.1364.172 Safari/537.22"
177.17.58.169 - - [25/Mar/2013:00:26:13 +0000] "GET /index.htm HTTP/1.1" 404 2676 "http://www.madamems.com.br/lojas.htm" "Mozilla/5.0 (Windows NT 6.1; WOW64) AppleWebKit/537.22 (KHTML, like Gecko) Chrome/25.0.1364.172 Safari/537.22"
177.17.58.169 - - [25/Mar/2013:00:26:13 +0000] "GET /favicon.ico HTTP/1.1" 404 2184 "-" "Mozilla/5.0 (Windows NT 6.1; WOW64) AppleWebKit/537.22 (KHTML, like Gecko) Chrome/25.0.1364.172 Safari/537.22"
177.17.58.169 - - [25/Mar/2013:00:26:16 +0000] "GET /favicon.ico HTTP/1.1" 404 2184 "-" "Mozilla/5.0 (Windows NT 6.1; WOW64) AppleWebKit/537.22 (KHTML, like Gecko) Chrome/25.0.1364.172 Safari/537.22"
177.168.162.167 - - [25/Mar/2013:00:27:18 +0000] "GET /favicon.ico HTTP/1.1" 404 2177 "-" "Mozilla/5.0 (Windows NT 6.1) AppleWebKit/537.22 (KHTML, like Gecko) Chrome/25.0.1364.172 Safari/537.22"
177.168.162.167 - - [25/Mar/2013:00:27:29 +0000] "GET /favicon.ico HTTP/1.1" 404 2177 "-" "Mozilla/5.0 (Windows NT 6.1) AppleWebKit/537.22 (KHTML, like Gecko) Chrome/25.0.1364.172 Safari/537.22"
177.168.162.167 - - [25/Mar/2013:00:27:43 +0000] "GET /favicon.ico HTTP/1.1" 404 2177 "-" "Mozilla/5.0 (Windows NT 6.1) AppleWebKit/537.22 (KHTML, like Gecko) Chrome/25.0.1364.172 Safari/537.22"
177.168.162.167 - - [25/Mar/2013:00:27:56 +0000] "GET /favicon.ico HTTP/1.1" 404 2177 "-" "Mozilla/5.0 (Windows NT 6.1) AppleWebKit/537.22 (KHTML, like Gecko) Chrome/25.0.1364.172 Safari/537.22"
177.168.162.167 - - [25/Mar/2013:00:28:01 +0000] "GET /favicon.ico HTTP/1.1" 404 2177 "-" "Mozilla/5.0 (Windows NT 6.1) AppleWebKit/537.22 (KHTML, like Gecko) Chrome/25.0.1364.172 Safari/537.22"
177.168.162.167 - - [25/Mar/2013:00:28:38 +0000] "GET /favicon.ico HTTP/1.1" 404 2177 "-" "Mozilla/5.0 (Windows NT 6.1) AppleWebKit/537.22 (KHTML, like Gecko) Chrome/25.0.1364.172 Safari/537.22"
198.105.219.54 - - [25/Mar/2013:00:29:33 +0000] "HEAD / HTTP/1.1" 200 439 "-" "checks.panopta.com"
177.168.162.167 - - [25/Mar/2013:00:29:35 +0000] "GET /favicon.ico HTTP/1.1" 404 347 "-" "Mozilla/5.0 (Windows NT 6.1) AppleWebKit/537.22 (KHTML, like Gecko) Chrome/25.0.1364.172 Safari/537.22"
179.170.40.231 - - [25/Mar/2013:00:29:58 +0000] "GET / HTTP/1.1" 200 990 "-" "Mozilla/5.0 (Windows NT 6.1) AppleWebKit/537.22 (KHTML, like Gecko) Chrome/25.0.1364.172 Safari/537.22"
179.170.40.231 - - [25/Mar/2013:00:29:59 +0000] "GET /js/login.js HTTP/1.1" 304 949 "http://mgstudio.com.br/madamems/inverno13/linhas/social/" "Mozilla/5.0 (Windows NT 6.1) AppleWebKit/537.22 (KHTML, like Gecko) Chrome/25.0.1364.172 Safari/537.22"
179.170.40.231 - - [25/Mar/2013:00:30:03 +0000] "GET /favicon.ico HTTP/1.1" 404 2177 "-" "Mozilla/5.0 (Windows NT 6.1) AppleWebKit/537.22 (KHTML, like Gecko) Chrome/25.0.1364.172 Safari/537.22"
179.170.40.231 - - [25/Mar/2013:00:30:42 +0000] "GET /favicon.ico HTTP/1.1" 404 2177 "-" "Mozilla/5.0 (Windows NT 6.1) AppleWebKit/537.22 (KHTML, like Gecko) Chrome/25.0.1364.172 Safari/537.22"
208.115.113.90 - - [25/Mar/2013:00:31:42 +0000] "GET /blog/tag/moda HTTP/1.1" 200 2023 "-" "Mozilla/5.0 (compatible; Ezooms/1.0; ezooms.bot@gmail.com)"
189.4.163.234 - - [25/Mar/2013:00:32:06 +0000] "GET / HTTP/1.1" 200 1408 "-" "Mozilla/5.0 (Linux; U; Android 2.3.6; pt-br; GT-S5367 Build/GINGERBREAD) AppleWebKit/533.1 (KHTML, like Gecko) Version/4.0 Mobile Safari/533.1"
189.4.163.234 - - [25/Mar/2013:00:32:12 +0000] "GET /js/login.js HTTP/1.1" 200 2767 "http://mgstudio.com.br/madamems/inverno13/linhas/social/" "Mozilla/5.0 (Linux; U; Android 2.3.6; pt-br; GT-S5367 Build/GINGERBREAD) AppleWebKit/533.1 (KHTML, like Gecko) Version/4.0 Mobile Safari/533.1"
179.170.40.231 - - [25/Mar/2013:00:33:19 +0000] "GET /favicon.ico HTTP/1.1" 404 2177 "-" "Mozilla/5.0 (Windows NT 6.1) AppleWebKit/537.22 (KHTML, like Gecko) Chrome/25.0.1364.172 Safari/537.22"
187.65.171.177 - - [25/Mar/2013:00:34:13 +0000] "GET /apple-touch-icon-precomposed.png HTTP/1.1" 404 2234 "-" "Mozilla/5.0 (Linux; Android 4.1.2; GT-I9300 Build/JZO54K) AppleWebKit/535.19 (KHTML, like Gecko) Chrome/18.0.1025.166 Mobile Safari/535.19"
187.65.171.177 - - [25/Mar/2013:00:34:13 +0000] "GET /favicon.ico HTTP/1.1" 404 2213 "-" "Mozilla/5.0 (Linux; Android 4.1.2; GT-I9300 Build/JZO54K) AppleWebKit/535.19 (KHTML, like Gecko) Chrome/18.0.1025.166 Mobile Safari/535.19"
187.65.171.177 - - [25/Mar/2013:00:34:13 +0000] "GET /apple-touch-icon.png HTTP/1.1" 404 2222 "-" "Mozilla/5.0 (Linux; Android 4.1.2; GT-I9300 Build/JZO54K) AppleWebKit/535.19 (KHTML, like Gecko) Chrome/18.0.1025.166 Mobile Safari/535.19"
179.170.40.231 - - [25/Mar/2013:00:34:31 +0000] "GET /favicon.ico HTTP/1.1" 404 2177 "-" "Mozilla/5.0 (Windows NT 6.1) AppleWebKit/537.22 (KHTML, like Gecko) Chrome/25.0.1364.172 Safari/537.22"
189.106.227.19 - - [25/Mar/2013:00:36:35 +0000] "GET / HTTP/1.1" 200 1386 "http://www.govome.com/web?hl=br&q=madame+ms" "Mozilla/5.0 (Windows NT 6.1) AppleWebKit/537.22 (KHTML, like Gecko) Chrome/25.0.1364.172 Safari/537.22"
187.65.171.177 - - [25/Mar/2013:00:36:35 +0000] "GET /blog/ HTTP/1.1" 200 25714 "http://mgstudio.com.br/madamems/inverno13/linhas/classicos/" "Mozilla/5.0 (Linux; Android 4.1.2; GT-I9300 Build/JZO54K) AppleWebKit/535.19 (KHTML, like Gecko) Chrome/18.0.1025.166 Mobile Safari/535.19"
