198.105.219.54 - - [25/Mar/2013:01:15:41 +0000] "HEAD / HTTP/1.1" 200 439 "-" "checks.panopta.com"
177.187.129.227 - - [25/Mar/2013:01:15:52 +0000] "GET /blog/wp-content/uploads/LY_Madame_Blog_16_01_02.jpg HTTP/1.1" 200 153208 "http://madamems.com.br/blog/?cat=3" "Mozilla/5.0 (Windows NT 6.1; WOW64) AppleWebKit/537.22 (KHTML, like Gecko) Chrome/25.0.1364.172 Safari/537.22"
177.187.129.227 - - [25/Mar/2013:01:15:59 +0000] "GET /images/lookbook/thumbs/09-007.jpg HTTP/1.1" 200 101173 "http://madamems.com.br/lookbook.htm" "Mozilla/5.0 (Windows NT 6.1; WOW64) AppleWebKit/537.22 (KHTML, like Gecko) Chrome/25.0.1364.172 Safari/537.22"
177.187.129.227 - - [25/Mar/2013:01:16:00 +0000] "GET /images/lookbook/thumbs/18.jpg HTTP/1.1" 200 90969 "http://madamems.com.br/blog/?cat=3" "Mozilla/5.0 (Windows NT 6.1; WOW64) AppleWebKit/537.22 (KHTML, like Gecko) Chrome/25.0.1364.172 Safari/537.22"
177.187.129.227 - - [25/Mar/2013:01:16:02 +0000] "GET /blog/wp-content/uploads/LY_Madame_Blog_16_01_01.jpg HTTP/1.1" 200 141695 "http://madamems.com.br/blog/?cat=3" "Mozilla/5.0 (Windows NT 6.1; WOW64) AppleWebKit/537.22 (KHTML, like Gecko) Chrome/25.0.1364.172 Safari/537.22"
177.187.129.227 - - [25/Mar/2013:01:16:53 +0000] "GET /images/lookbook/thumbs/16-004.jpg HTTP/1.1" 200 82308 "http://madamems.com.br/lookbook.htm" "Mozilla/5.0 (Windows NT 6.1; WOW64) AppleWebKit/537.22 (KHTML, like Gecko) Chrome/25.0.1364.172 Safari/537.22"
177.187.129.227 - - [25/Mar/2013:01:16:55 +0000] "GET /images/lookbook/thumbs/30.jpg HTTP/1.1" 200 40927 "http://madamems.com.br/blog/?cat=3" "Mozilla/5.0 (Windows NT 6.1; WOW64) AppleWebKit/537.22 (KHTML, like Gecko) Chrome/25.0.1364.172 Safari/537.22"
177.187.129.227 - - [25/Mar/2013:01:16:57 +0000] "GET /favicon.ico HTTP/1.1" 404 2180 "-" "Mozilla/5.0 (Windows NT 6.1; WOW64) AppleWebKit/537.22 (KHTML, like Gecko) Chrome/25.0.1364.172 Safari/537.22"
177.187.129.227 - - [25/Mar/2013:01:17:32 +0000] "GET /blog/wp-content/uploads/LY_Madame_01_03_Blog.jpg HTTP/1.1" 200 308025 "http://madamems.com.br/blog/?cat=3" "Mozilla/5.0 (Windows NT 6.1; WOW64) AppleWebKit/537.22 (KHTML, like Gecko) Chrome/25.0.1364.172 Safari/537.22"
177.187.129.227 - - [25/Mar/2013:01:17:53 +0000] "GET /images/lookbook/thumbs/16.jpg HTTP/1.1" 200 91694 "http://madamems.com.br/blog/?cat=3" "Mozilla/5.0 (Windows NT 6.1; WOW64) AppleWebKit/537.22 (KHTML, like Gecko) Chrome/25.0.1364.172 Safari/537.22"
177.187.129.227 - - [25/Mar/2013:01:18:08 +0000] "GET /blog/wp-content/uploads/madame-blog-02-01.jpg HTTP/1.1" 200 506358 "http://madamems.com.br/blog/?cat=3" "Mozilla/5.0 (Windows NT 6.1; WOW64) AppleWebKit/537.22 (KHTML, like Gecko) Chrome/25.0.1364.172 Safari/537.22"
177.187.129.227 - - [25/Mar/2013:01:18:10 +0000] "GET /favicon.ico HTTP/1.1" 404 2180 "-" "Mozilla/5.0 (Windows NT 6.1; WOW64) AppleWebKit/537.22 (KHTML, like Gecko) Chrome/25.0.1364.172 Safari/537.22"
177.187.129.227 - - [25/Mar/2013:01:18:24 +0000] "GET /images/lookbook/thumbs/20.jpg HTTP/1.1" 200 107163 "http://madamems.com.br/blog/?cat=3" "Mozilla/5.0 (Windows NT 6.1; WOW64) AppleWebKit/537.22 (KHTML, like Gecko) Chrome/25.0.1364.172 Safari/537.22"
201.37.223.20 - - [25/Mar/2013:01:18:25 +0000] "GET /cufon/cufon-replace.js HTTP/1.1" 200 1104 "http://www.madamems.com.br/lojas.htm" "Mozilla/5.0 (Windows NT 6.0) AppleWebKit/537.22 (KHTML, like Gecko) Chrome/25.0.1364.172 Safari/537.22"
201.37.223.20 - - [25/Mar/2013:01:18:25 +0000] "GET /lojas.htm HTTP/1.1" 200 29410 "http://www.google.com.br/search?q=loja+madame+ms&rlz=1C1GPCK_enBR351&aq=1&oq=loja+madame+&sourceid=chrome&ie=UTF-8" "Mozilla/5.0 (Windows NT 6.0) AppleWebKit/537.22 (KHTML, like Gecko) Chrome/25.0.1364.172 Safari/537.22"
201.37.223.20 - - [25/Mar/2013:01:18:25 +0000] "GET /js/login.js HTTP/1.1" 200 2698 "http://www.madamems.com.br/lojas.htm" "Mozilla/5.0 (Windows NT 6.0) AppleWebKit/537.22 (KHTML, like Gecko) Chrome/25.0.1364.172 Safari/537.22"
201.37.223.20 - - [25/Mar/2013:01:18:25 +0000] "GET /css/style.css HTTP/1.1" 200 22013 "http://www.madamems.com.br/lojas.htm" "Mozilla/5.0 (Windows NT 6.0) AppleWebKit/537.22 (KHTML, like Gecko) Chrome/25.0.1364.172 Safari/537.22"
201.37.223.20 - - [25/Mar/2013:01:18:26 +0000] "GET /js/jquery.easing.1.3.js HTTP/1.1" 200 9008 "http://www.madamems.com.br/lojas.htm" "Mozilla/5.0 (Windows NT 6.0) AppleWebKit/537.22 (KHTML, like Gecko) Chrome/25.0.1364.172 Safari/537.22"
201.37.223.20 - - [25/Mar/2013:01:18:26 +0000] "GET /cufon/cufon-yui.js HTTP/1.1" 200 18967 "http://www.madamems.com.br/lojas.htm" "Mozilla/5.0 (Windows NT 6.0) AppleWebKit/537.22 (KHTML, like Gecko) Chrome/25.0.1364.172 Safari/537.22"
201.37.223.20 - - [25/Mar/2013:01:18:28 +0000] "GET /cufon/Sansumi_700-Sansumi-ExtraBold_800.font.js HTTP/1.1" 200 180075 "http://www.madamems.com.br/lojas.htm" "Mozilla/5.0 (Windows NT 6.0) AppleWebKit/537.22 (KHTML, like Gecko) Chrome/25.0.1364.172 Safari/537.22"
201.37.223.20 - - [25/Mar/2013:01:18:28 +0000] "GET /radio-madamems/ HTTP/1.1" 200 3369 "http://www.madamems.com.br/lojas.htm" "Mozilla/5.0 (Windows NT 6.0) AppleWebKit/537.22 (KHTML, like Gecko) Chrome/25.0.1364.172 Safari/537.22"
201.37.223.20 - - [25/Mar/2013:01:18:28 +0000] "GET /images/bg.jpg HTTP/1.1" 200 10729 "http://www.madamems.com.br/lojas.htm" "Mozilla/5.0 (Windows NT 6.0) AppleWebKit/537.22 (KHTML, like Gecko) Chrome/25.0.1364.172 Safari/537.22"
201.37.223.20 - - [25/Mar/2013:01:18:28 +0000] "GET /images/bg-menu.jpg HTTP/1.1" 200 5534 "http://www.madamems.com.br/lojas.htm" "Mozilla/5.0 (Windows NT 6.0) AppleWebKit/537.22 (KHTML, like Gecko) Chrome/25.0.1364.172 Safari/537.22"
201.37.223.20 - - [25/Mar/2013:01:18:28 +0000] "GET /radio-madamems/skin/black/style.css HTTP/1.1" 200 8861 "http://www.madamems.com.br/radio-madamems/" "Mozilla/5.0 (Windows NT 6.0) AppleWebKit/537.22 (KHTML, like Gecko) Chrome/25.0.1364.172 Safari/537.22"
201.37.223.20 - - [25/Mar/2013:01:18:28 +0000] "GET /images/arrow.jpg HTTP/1.1" 200 5466 "http://www.madamems.com.br/lojas.htm" "Mozilla/5.0 (Windows NT 6.0) AppleWebKit/537.22 (KHTML, like Gecko) Chrome/25.0.1364.172 Safari/537.22"
201.37.223.20 - - [25/Mar/2013:01:18:29 +0000] "GET /images/toggle_down_light.png HTTP/1.1" 200 1821 "http://www.madamems.com.br/lojas.htm" "Mozilla/5.0 (Windows NT 6.0) AppleWebKit/537.22 (KHTML, like Gecko) Chrome/25.0.1364.172 Safari/537.22"
177.98.92.32 - - [25/Mar/2013:01:18:29 +0000] "GET /facebook-img/welcome/madame-tab-welcome-direito-06.jpg HTTP/1.1" 200 259532 "http://a.pgtb.me/facebook/app/3221/renderi" "Mozilla/5.0 (Windows NT 6.1; WOW64; rv:19.0) Gecko/20100101 Firefox/19.0"
201.37.223.20 - - [25/Mar/2013:01:18:29 +0000] "GET /images/logo.png HTTP/1.1" 200 18072 "http://www.madamems.com.br/lojas.htm" "Mozilla/5.0 (Windows NT 6.0) AppleWebKit/537.22 (KHTML, like Gecko) Chrome/25.0.1364.172 Safari/537.22"
201.37.223.20 - - [25/Mar/2013:01:18:29 +0000] "GET /images/blog-icon.jpg HTTP/1.1" 200 18276 "http://www.madamems.com.br/lojas.htm" "Mozilla/5.0 (Windows NT 6.0) AppleWebKit/537.22 (KHTML, like Gecko) Chrome/25.0.1364.172 Safari/537.22"
177.98.92.32 - - [25/Mar/2013:01:18:29 +0000] "GET /facebook-img/welcome/madame-tab-welcome-direito-05.jpg HTTP/1.1" 200 309694 "http://a.pgtb.me/facebook/app/3221/renderi" "Mozilla/5.0 (Windows NT 6.1; WOW64; rv:19.0) Gecko/20100101 Firefox/19.0"
201.37.223.20 - - [25/Mar/2013:01:18:29 +0000] "GET /radio-madamems/js/jplayer.playlist.min.js HTTP/1.1" 200 9304 "http://www.madamems.com.br/radio-madamems/" "Mozilla/5.0 (Windows NT 6.0) AppleWebKit/537.22 (KHTML, like Gecko) Chrome/25.0.1364.172 Safari/537.22"
201.37.223.20 - - [25/Mar/2013:01:18:29 +0000] "GET /images/facebook-icon.jpg HTTP/1.1" 200 9798 "http://www.madamems.com.br/lojas.htm" "Mozilla/5.0 (Windows NT 6.0) AppleWebKit/537.22 (KHTML, like Gecko) Chrome/25.0.1364.172 Safari/537.22"
201.37.223.20 - - [25/Mar/2013:01:18:30 +0000] "GET /radio-madamems/js/jquery.jplayer.min.js HTTP/1.1" 200 43582 "http://www.madamems.com.br/radio-madamems/" "Mozilla/5.0 (Windows NT 6.0) AppleWebKit/537.22 (KHTML, like Gecko) Chrome/25.0.1364.172 Safari/537.22"
177.98.92.32 - - [25/Mar/2013:01:18:30 +0000] "GET /facebook-img/welcome/madame-tab-welcome-direito-02.jpg HTTP/1.1" 200 357368 "http://a.pgtb.me/facebook/app/3221/renderi" "Mozilla/5.0 (Windows NT 6.1; WOW64; rv:19.0) Gecko/20100101 Firefox/19.0"
201.37.223.20 - - [25/Mar/2013:01:18:30 +0000] "GET /radio-madamems/skin/black/sprite-black.png HTTP/1.1" 200 5801 "http://www.madamems.com.br/radio-madamems/" "Mozilla/5.0 (Windows NT 6.0) AppleWebKit/537.22 (KHTML, like Gecko) Chrome/25.0.1364.172 Safari/537.22"
201.37.223.20 - - [25/Mar/2013:01:18:30 +0000] "GET /radio-madamems/skin/black/gomust.png HTTP/1.1" 200 2649 "http://www.madamems.com.br/radio-madamems/" "Mozilla/5.0 (Windows NT 6.0) AppleWebKit/537.22 (KHTML, like Gecko) Chrome/25.0.1364.172 Safari/537.22"
177.98.92.32 - - [25/Mar/2013:01:18:30 +0000] "GET /facebook-img/welcome/madame-tab-welcome-direito-01.jpg HTTP/1.1" 200 372685 "http://a.pgtb.me/facebook/app/3221/renderi" "Mozilla/5.0 (Windows NT 6.1; WOW64; rv:19.0) Gecko/20100101 Firefox/19.0"
177.98.92.32 - - [25/Mar/2013:01:18:31 +0000] "GET /facebook-img/welcome/madame-tab-welcome-direito-04.jpg HTTP/1.1" 200 413283 "http://a.pgtb.me/facebook/app/3221/renderi" "Mozilla/5.0 (Windows NT 6.1; WOW64; rv:19.0) Gecko/20100101 Firefox/19.0"
177.98.92.32 - - [25/Mar/2013:01:18:31 +0000] "GET /facebook-img/welcome/madame-tab-welcome-direito-03.jpg HTTP/1.1" 200 318351 "http://a.pgtb.me/facebook/app/3221/renderi" "Mozilla/5.0 (Windows NT 6.1; WOW64; rv:19.0) Gecko/20100101 Firefox/19.0"
177.98.92.32 - - [25/Mar/2013:01:18:33 +0000] "GET /facebook-img/welcome/madame-tab-welcome-direito-09.jpg HTTP/1.1" 200 250526 "http://a.pgtb.me/facebook/app/3221/renderi" "Mozilla/5.0 (Windows NT 6.1; WOW64; rv:19.0) Gecko/20100101 Firefox/19.0"
177.98.92.32 - - [25/Mar/2013:01:18:33 +0000] "GET /facebook-img/welcome/madame-tab-welcome-direito-08.jpg HTTP/1.1" 200 366547 "http://a.pgtb.me/facebook/app/3221/renderi" "Mozilla/5.0 (Windows NT 6.1; WOW64; rv:19.0) Gecko/20100101 Firefox/19.0"
177.98.92.32 - - [25/Mar/2013:01:18:35 +0000] "GET /facebook-img/welcome/madame-tab-welcome-direito-07.jpg HTTP/1.1" 200 321267 "http://a.pgtb.me/facebook/app/3221/renderi" "Mozilla/5.0 (Windows NT 6.1; WOW64; rv:19.0) Gecko/20100101 Firefox/19.0"
201.37.223.20 - - [25/Mar/2013:01:18:36 +0000] "GET /favicon.ico HTTP/1.1" 404 2177 "-" "Mozilla/5.0 (Windows NT 6.0) AppleWebKit/537.22 (KHTML, like Gecko) Chrome/25.0.1364.172 Safari/537.22"
37.228.106.216 - - [25/Mar/2013:01:18:36 +0000] "GET /js/login.js HTTP/1.1" 200 3523 "http://mgstudio.com.br/madamems/inverno13/" "Opera/9.80 (Android; Opera Mini/7.5.32193/29.3054; U; pt) Presto/2.8.119 Version/11.10"
37.228.106.216 - - [25/Mar/2013:01:18:38 +0000] "GET /lojas.htm HTTP/1.1" 200 30131 "http://www.google.com/m?q=madame+ms&client=ms-opera-mini-android&channel=new" "Opera/9.80 (Android; Opera Mini/7.5.32193/29.3054; U; pt) Presto/2.8.119 Version/11.10"
37.228.106.216 - - [25/Mar/2013:01:18:38 +0000] "GET /cufon/cufon-yui.js HTTP/1.1" 200 19786 "http://www.madamems.com.br/lojas.htm" "Opera/9.80 (Android; Opera Mini/7.5.32193/29.3054; U; pt) Presto/2.8.119 Version/11.10"
37.228.106.216 - - [25/Mar/2013:01:18:38 +0000] "GET /css/style.css HTTP/1.1" 200 22817 "http://www.madamems.com.br/lojas.htm" "Opera/9.80 (Android; Opera Mini/7.5.32193/29.3054; U; pt) Presto/2.8.119 Version/11.10"
37.228.106.216 - - [25/Mar/2013:01:18:38 +0000] "GET /cufon/cufon-replace.js HTTP/1.1" 200 1923 "http://www.madamems.com.br/lojas.htm" "Opera/9.80 (Android; Opera Mini/7.5.32193/29.3054; U; pt) Presto/2.8.119 Version/11.10"
37.228.106.216 - - [25/Mar/2013:01:18:38 +0000] "GET /cufon/Sansumi_700-Sansumi-ExtraBold_800.font.js HTTP/1.1" 200 180894 "http://www.madamems.com.br/lojas.htm" "Opera/9.80 (Android; Opera Mini/7.5.32193/29.3054; U; pt) Presto/2.8.119 Version/11.10"
37.228.106.216 - - [25/Mar/2013:01:18:38 +0000] "GET /js/jquery.easing.1.3.js HTTP/1.1" 200 9827 "http://www.madamems.com.br/lojas.htm" "Opera/9.80 (Android; Opera Mini/7.5.32193/29.3054; U; pt) Presto/2.8.119 Version/11.10"
37.228.106.216 - - [25/Mar/2013:01:18:38 +0000] "GET /favicon.ico HTTP/1.1" 404 2729 "http://www.madamems.com.br/lojas.htm" "Opera/9.80 (Android; Opera Mini/7.5.32193/29.3054; U; pt) Presto/2.8.119 Version/11.10"
37.228.106.216 - - [25/Mar/2013:01:18:38 +0000] "GET /radio-madamems/ HTTP/1.1" 200 4206 "http://www.madamems.com.br/lojas.htm" "Opera/9.80 (Android; Opera Mini/7.5.32193/29.3054; U; pt) Presto/2.8.119 Version/11.10"
37.228.106.216 - - [25/Mar/2013:01:18:38 +0000] "GET /images/logo.png HTTP/1.1" 200 18969 "http://www.madamems.com.br/lojas.htm" "Opera/9.80 (Android; Opera Mini/7.5.32193/29.3054; U; pt) Presto/2.8.119 Version/11.10"
37.228.106.216 - - [25/Mar/2013:01:18:38 +0000] "GET /images/bg.jpg HTTP/1.1" 200 11626 "http://www.madamems.com.br/lojas.htm" "Opera/9.80 (Android; Opera Mini/7.5.32193/29.3054; U; pt) Presto/2.8.119 Version/11.10"
37.228.106.216 - - [25/Mar/2013:01:18:38 +0000] "GET /images/toggle_down_light.png HTTP/1.1" 200 2718 "http://www.madamems.com.br/lojas.htm" "Opera/9.80 (Android; Opera Mini/7.5.32193/29.3054; U; pt) Presto/2.8.119 Version/11.10"
37.228.106.216 - - [25/Mar/2013:01:18:38 +0000] "GET /images/arrow.jpg HTTP/1.1" 200 6363 "http://www.madamems.com.br/lojas.htm" "Opera/9.80 (Android; Opera Mini/7.5.32193/29.3054; U; pt) Presto/2.8.119 Version/11.10"
177.98.92.32 - - [25/Mar/2013:01:18:38 +0000] "GET /facebook-img/welcome/madame-tab-welcome-direito-10.jpg HTTP/1.1" 200 439841 "http://a.pgtb.me/facebook/app/3221/renderi" "Mozilla/5.0 (Windows NT 6.1; WOW64; rv:19.0) Gecko/20100101 Firefox/19.0"
37.228.106.216 - - [25/Mar/2013:01:18:38 +0000] "GET /images/facebook-icon.jpg HTTP/1.1" 200 10568 "http://www.madamems.com.br/lojas.htm" "Opera/9.80 (Android; Opera Mini/7.5.32193/29.3054; U; pt) Presto/2.8.119 Version/11.10"
37.228.106.216 - - [25/Mar/2013:01:18:38 +0000] "GET /images/blog-icon.jpg HTTP/1.1" 200 19046 "http://www.madamems.com.br/lojas.htm" "Opera/9.80 (Android; Opera Mini/7.5.32193/29.3054; U; pt) Presto/2.8.119 Version/11.10"
37.228.106.216 - - [25/Mar/2013:01:18:38 +0000] "GET /radio-madamems/skin/black/style.css HTTP/1.1" 200 9734 "http://www.madamems.com.br/radio-madamems/" "Opera/9.80 (Android; Opera Mini/7.5.32193/29.3054; U; pt) Presto/2.8.119 Version/11.10"
37.228.106.216 - - [25/Mar/2013:01:18:38 +0000] "GET /radio-madamems/js/jquery.jplayer.min.js HTTP/1.1" 200 44343 "http://www.madamems.com.br/radio-madamems/" "Opera/9.80 (Android; Opera Mini/7.5.32193/29.3054; U; pt) Presto/2.8.119 Version/11.10"
37.228.106.216 - - [25/Mar/2013:01:18:38 +0000] "GET /radio-madamems/js/jplayer.playlist.min.js HTTP/1.1" 200 10065 "http://www.madamems.com.br/radio-madamems/" "Opera/9.80 (Android; Opera Mini/7.5.32193/29.3054; U; pt) Presto/2.8.119 Version/11.10"
37.228.106.216 - - [25/Mar/2013:01:18:39 +0000] "GET /radio-madamems/skin/black/sprite-black.png HTTP/1.1" 200 6508 "http://www.madamems.com.br/radio-madamems/" "Opera/9.80 (Android; Opera Mini/7.5.32193/29.3054; U; pt) Presto/2.8.119 Version/11.10"
37.228.106.216 - - [25/Mar/2013:01:18:39 +0000] "GET /radio-madamems/skin/black/gomust.png HTTP/1.1" 200 3356 "http://www.madamems.com.br/radio-madamems/" "Opera/9.80 (Android; Opera Mini/7.5.32193/29.3054; U; pt) Presto/2.8.119 Version/11.10"
201.37.223.20 - - [25/Mar/2013:01:18:43 +0000] "GET /css/orbit.css HTTP/1.1" 200 5383 "http://www.madamems.com.br/ver-campanha.htm" "Mozilla/5.0 (Windows NT 6.0) AppleWebKit/537.22 (KHTML, like Gecko) Chrome/25.0.1364.172 Safari/537.22"
201.37.223.20 - - [25/Mar/2013:01:18:43 +0000] "GET /js/jquery.orbit-1.2.3.min.js HTTP/1.1" 200 5699 "http://www.madamems.com.br/ver-campanha.htm" "Mozilla/5.0 (Windows NT 6.0) AppleWebKit/537.22 (KHTML, like Gecko) Chrome/25.0.1364.172 Safari/537.22"
201.37.223.20 - - [25/Mar/2013:01:18:43 +0000] "GET /ver-campanha.htm HTTP/1.1" 200 25031 "http://www.madamems.com.br/lojas.htm" "Mozilla/5.0 (Windows NT 6.0) AppleWebKit/537.22 (KHTML, like Gecko) Chrome/25.0.1364.172 Safari/537.22"
201.37.223.20 - - [25/Mar/2013:01:18:43 +0000] "GET /images/loader.gif HTTP/1.1" 200 4287 "http://www.madamems.com.br/ver-campanha.htm" "Mozilla/5.0 (Windows NT 6.0) AppleWebKit/537.22 (KHTML, like Gecko) Chrome/25.0.1364.172 Safari/537.22"
37.228.106.216 - - [25/Mar/2013:01:18:49 +0000] "GET /images/bg-menu.jpg HTTP/1.1" 200 1324 "http://www.madamems.com.br/lojas.htm" "Opera/9.80 (Android; Opera Mini/7.5.32193/29.3054; U; pt) Presto/2.8.119 Version/11.10"
37.228.106.216 - - [25/Mar/2013:01:18:49 +0000] "GET /lookbook.htm HTTP/1.1" 200 26880 "http://www.madamems.com.br/lojas.htm" "Opera/9.80 (Android; Opera Mini/7.5.32193/29.3054; U; pt) Presto/2.8.119 Version/11.10"
177.98.92.32 - - [25/Mar/2013:01:18:49 +0000] "GET / HTTP/1.1" 200 1295 "http://a.pgtb.me/facebook/app/3221/renderi" "Mozilla/5.0 (Windows NT 6.1; WOW64; rv:19.0) Gecko/20100101 Firefox/19.0"
37.228.106.216 - - [25/Mar/2013:01:18:49 +0000] "GET /images/lookbook/thumbs/30-003.jpg HTTP/1.1" 200 101513 "http://www.madamems.com.br/lookbook.htm" "Opera/9.80 (Android; Opera Mini/7.5.32193/29.3054; U; pt) Presto/2.8.119 Version/11.10"
37.228.106.216 - - [25/Mar/2013:01:18:49 +0000] "GET /images/lookbook/thumbs/25-019.jpg HTTP/1.1" 200 98416 "http://www.madamems.com.br/lookbook.htm" "Opera/9.80 (Android; Opera Mini/7.5.32193/29.3054; U; pt) Presto/2.8.119 Version/11.10"
37.228.106.216 - - [25/Mar/2013:01:18:49 +0000] "GET /images/lookbook/thumbs/16-004.jpg HTTP/1.1" 200 83008 "http://www.madamems.com.br/lookbook.htm" "Opera/9.80 (Android; Opera Mini/7.5.32193/29.3054; U; pt) Presto/2.8.119 Version/11.10"
37.228.106.216 - - [25/Mar/2013:01:18:49 +0000] "GET /images/lookbook/thumbs/13-010.jpg HTTP/1.1" 200 80884 "http://www.madamems.com.br/lookbook.htm" "Opera/9.80 (Android; Opera Mini/7.5.32193/29.3054; U; pt) Presto/2.8.119 Version/11.10"
37.228.106.216 - - [25/Mar/2013:01:18:49 +0000] "GET /images/lookbook/thumbs/24-002.jpg HTTP/1.1" 200 112178 "http://www.madamems.com.br/lookbook.htm" "Opera/9.80 (Android; Opera Mini/7.5.32193/29.3054; U; pt) Presto/2.8.119 Version/11.10"
37.228.106.216 - - [25/Mar/2013:01:18:49 +0000] "GET /images/lookbook/thumbs/09-007.jpg HTTP/1.1" 200 101873 "http://www.madamems.com.br/lookbook.htm" "Opera/9.80 (Android; Opera Mini/7.5.32193/29.3054; U; pt) Presto/2.8.119 Version/11.10"
37.228.106.216 - - [25/Mar/2013:01:18:49 +0000] "GET /images/lookbook/thumbs/10-014.jpg HTTP/1.1" 200 87244 "http://www.madamems.com.br/lookbook.htm" "Opera/9.80 (Android; Opera Mini/7.5.32193/29.3054; U; pt) Presto/2.8.119 Version/11.10"
37.228.106.216 - - [25/Mar/2013:01:18:49 +0000] "GET /images/lookbook/thumbs/29-009.jpg HTTP/1.1" 200 86674 "http://www.madamems.com.br/lookbook.htm" "Opera/9.80 (Android; Opera Mini/7.5.32193/29.3054; U; pt) Presto/2.8.119 Version/11.10"
37.228.106.216 - - [25/Mar/2013:01:18:49 +0000] "GET /images/lookbook/thumbs/28-017.jpg HTTP/1.1" 200 103271 "http://www.madamems.com.br/lookbook.htm" "Opera/9.80 (Android; Opera Mini/7.5.32193/29.3054; U; pt) Presto/2.8.119 Version/11.10"
177.98.92.32 - - [25/Mar/2013:01:18:49 +0000] "GET /js/login.js HTTP/1.1" 200 2622 "http://mgstudio.com.br/madamems/inverno13/" "Mozilla/5.0 (Windows NT 6.1; WOW64; rv:19.0) Gecko/20100101 Firefox/19.0"
177.98.92.32 - - [25/Mar/2013:01:18:52 +0000] "GET /favicon.ico HTTP/1.1" 404 2151 "-" "Mozilla/5.0 (Windows NT 6.1; WOW64; rv:19.0) Gecko/20100101 Firefox/19.0"
201.37.223.20 - - [25/Mar/2013:01:18:55 +0000] "GET /images/campanha/4.jpg HTTP/1.1" 200 460314 "http://www.madamems.com.br/ver-campanha.htm" "Mozilla/5.0 (Windows NT 6.0) AppleWebKit/537.22 (KHTML, like Gecko) Chrome/25.0.1364.172 Safari/537.22"
201.37.223.20 - - [25/Mar/2013:01:18:55 +0000] "GET /images/campanha/2.jpg HTTP/1.1" 200 334610 "http://www.madamems.com.br/ver-campanha.htm" "Mozilla/5.0 (Windows NT 6.0) AppleWebKit/537.22 (KHTML, like Gecko) Chrome/25.0.1364.172 Safari/537.22"
177.187.129.227 - - [25/Mar/2013:01:18:55 +0000] "GET /images/lookbook/thumbs/9.jpg HTTP/1.1" 200 76688 "http://madamems.com.br/blog/?cat=3" "Mozilla/5.0 (Windows NT 6.1; WOW64) AppleWebKit/537.22 (KHTML, like Gecko) Chrome/25.0.1364.172 Safari/537.22"
201.37.223.20 - - [25/Mar/2013:01:19:05 +0000] "GET /images/campanha/1.jpg HTTP/1.1" 200 601793 "http://www.madamems.com.br/ver-campanha.htm" "Mozilla/5.0 (Windows NT 6.0) AppleWebKit/537.22 (KHTML, like Gecko) Chrome/25.0.1364.172 Safari/537.22"
201.37.223.20 - - [25/Mar/2013:01:19:06 +0000] "GET /images/campanha/3.jpg HTTP/1.1" 200 315801 "http://www.madamems.com.br/ver-campanha.htm" "Mozilla/5.0 (Windows NT 6.0) AppleWebKit/537.22 (KHTML, like Gecko) Chrome/25.0.1364.172 Safari/537.22"
201.37.223.20 - - [25/Mar/2013:01:19:10 +0000] "GET /images/campanha/7.jpg HTTP/1.1" 200 494429 "http://www.madamems.com.br/ver-campanha.htm" "Mozilla/5.0 (Windows NT 6.0) AppleWebKit/537.22 (KHTML, like Gecko) Chrome/25.0.1364.172 Safari/537.22"
201.37.223.20 - - [25/Mar/2013:01:19:10 +0000] "GET /images/campanha/6.jpg HTTP/1.1" 200 403665 "http://www.madamems.com.br/ver-campanha.htm" "Mozilla/5.0 (Windows NT 6.0) AppleWebKit/537.22 (KHTML, like Gecko) Chrome/25.0.1364.172 Safari/537.22"
201.37.223.20 - - [25/Mar/2013:01:19:10 +0000] "GET /images/campanha/8.jpg HTTP/1.1" 200 356752 "http://www.madamems.com.br/ver-campanha.htm" "Mozilla/5.0 (Windows NT 6.0) AppleWebKit/537.22 (KHTML, like Gecko) Chrome/25.0.1364.172 Safari/537.22"
201.37.223.20 - - [25/Mar/2013:01:19:12 +0000] "GET /images/campanha/5.jpg HTTP/1.1" 200 352709 "http://www.madamems.com.br/ver-campanha.htm" "Mozilla/5.0 (Windows NT 6.0) AppleWebKit/537.22 (KHTML, like Gecko) Chrome/25.0.1364.172 Safari/537.22"
201.37.223.20 - - [25/Mar/2013:01:19:13 +0000] "GET /images/campanha/9.jpg HTTP/1.1" 200 262941 "http://www.madamems.com.br/ver-campanha.htm" "Mozilla/5.0 (Windows NT 6.0) AppleWebKit/537.22 (KHTML, like Gecko) Chrome/25.0.1364.172 Safari/537.22"
201.37.223.20 - - [25/Mar/2013:01:19:13 +0000] "GET /images/campanha/10.jpg HTTP/1.1" 200 235556 "http://www.madamems.com.br/ver-campanha.htm" "Mozilla/5.0 (Windows NT 6.0) AppleWebKit/537.22 (KHTML, like Gecko) Chrome/25.0.1364.172 Safari/537.22"
201.37.223.20 - - [25/Mar/2013:01:19:18 +0000] "GET /favicon.ico HTTP/1.1" 404 2177 "-" "Mozilla/5.0 (Windows NT 6.0) AppleWebKit/537.22 (KHTML, like Gecko) Chrome/25.0.1364.172 Safari/537.22"
201.37.223.20 - - [25/Mar/2013:01:19:18 +0000] "GET /lookbook.htm HTTP/1.1" 200 26403 "http://www.madamems.com.br/lojas.htm" "Mozilla/5.0 (Windows NT 6.0) AppleWebKit/537.22 (KHTML, like Gecko) Chrome/25.0.1364.172 Safari/537.22"
201.37.223.20 - - [25/Mar/2013:01:19:20 +0000] "GET /images/lookbook/thumbs/16-004.jpg HTTP/1.1" 200 82471 "http://www.madamems.com.br/lookbook.htm" "Mozilla/5.0 (Windows NT 6.0) AppleWebKit/537.22 (KHTML, like Gecko) Chrome/25.0.1364.172 Safari/537.22"
201.37.223.20 - - [25/Mar/2013:01:19:20 +0000] "GET /images/lookbook/thumbs/24-002.jpg HTTP/1.1" 200 111641 "http://www.madamems.com.br/lookbook.htm" "Mozilla/5.0 (Windows NT 6.0) AppleWebKit/537.22 (KHTML, like Gecko) Chrome/25.0.1364.172 Safari/537.22"
201.37.223.20 - - [25/Mar/2013:01:19:23 +0000] "GET /images/lookbook/thumbs/25-019.jpg HTTP/1.1" 200 97879 "http://www.madamems.com.br/lookbook.htm" "Mozilla/5.0 (Windows NT 6.0) AppleWebKit/537.22 (KHTML, like Gecko) Chrome/25.0.1364.172 Safari/537.22"
201.37.223.20 - - [25/Mar/2013:01:19:23 +0000] "GET /images/lookbook/thumbs/09-007.jpg HTTP/1.1" 200 101336 "http://www.madamems.com.br/lookbook.htm" "Mozilla/5.0 (Windows NT 6.0) AppleWebKit/537.22 (KHTML, like Gecko) Chrome/25.0.1364.172 Safari/537.22"
201.37.223.20 - - [25/Mar/2013:01:19:23 +0000] "GET /images/lookbook/thumbs/29-009.jpg HTTP/1.1" 200 86137 "http://www.madamems.com.br/lookbook.htm" "Mozilla/5.0 (Windows NT 6.0) AppleWebKit/537.22 (KHTML, like Gecko) Chrome/25.0.1364.172 Safari/537.22"
201.37.223.20 - - [25/Mar/2013:01:19:23 +0000] "GET /images/close2.png HTTP/1.1" 200 1392 "http://www.madamems.com.br/lookbook.htm" "Mozilla/5.0 (Windows NT 6.0) AppleWebKit/537.22 (KHTML, like Gecko) Chrome/25.0.1364.172 Safari/537.22"
201.37.223.20 - - [25/Mar/2013:01:19:24 +0000] "GET /images/lookbook/thumbs/30-003.jpg HTTP/1.1" 200 100976 "http://www.madamems.com.br/lookbook.htm" "Mozilla/5.0 (Windows NT 6.0) AppleWebKit/537.22 (KHTML, like Gecko) Chrome/25.0.1364.172 Safari/537.22"
201.37.223.20 - - [25/Mar/2013:01:19:24 +0000] "GET /images/lookbook/thumbs/28-017.jpg HTTP/1.1" 200 102734 "http://www.madamems.com.br/lookbook.htm" "Mozilla/5.0 (Windows NT 6.0) AppleWebKit/537.22 (KHTML, like Gecko) Chrome/25.0.1364.172 Safari/537.22"
201.37.223.20 - - [25/Mar/2013:01:19:25 +0000] "GET /images/lookbook/thumbs/13-010.jpg HTTP/1.1" 200 80347 "http://www.madamems.com.br/lookbook.htm" "Mozilla/5.0 (Windows NT 6.0) AppleWebKit/537.22 (KHTML, like Gecko) Chrome/25.0.1364.172 Safari/537.22"
201.37.223.20 - - [25/Mar/2013:01:19:25 +0000] "GET /images/lookbook/thumbs/10-014.jpg HTTP/1.1" 200 86707 "http://www.madamems.com.br/lookbook.htm" "Mozilla/5.0 (Windows NT 6.0) AppleWebKit/537.22 (KHTML, like Gecko) Chrome/25.0.1364.172 Safari/537.22"
201.37.223.20 - - [25/Mar/2013:01:19:26 +0000] "GET /favicon.ico HTTP/1.1" 404 2177 "-" "Mozilla/5.0 (Windows NT 6.0) AppleWebKit/537.22 (KHTML, like Gecko) Chrome/25.0.1364.172 Safari/537.22"
177.187.129.227 - - [25/Mar/2013:01:19:43 +0000] "GET /images/lookbook/thumbs/21.jpg HTTP/1.1" 200 637 "http://madamems.com.br/blog/?cat=3" "Mozilla/5.0 (Windows NT 6.1; WOW64) AppleWebKit/537.22 (KHTML, like Gecko) Chrome/25.0.1364.172 Safari/537.22"
177.187.129.227 - - [25/Mar/2013:01:19:44 +0000] "GET /blog/tag/ver%C3%A3o HTTP/1.1" 200 2517 "http://madamems.com.br/blog/?cat=3" "Mozilla/5.0 (Windows NT 6.1; WOW64) AppleWebKit/537.22 (KHTML, like Gecko) Chrome/25.0.1364.172 Safari/537.22"
177.187.129.227 - - [25/Mar/2013:01:19:45 +0000] "GET /favicon.ico HTTP/1.1" 404 2180 "-" "Mozilla/5.0 (Windows NT 6.1; WOW64) AppleWebKit/537.22 (KHTML, like Gecko) Chrome/25.0.1364.172 Safari/537.22"
177.187.129.227 - - [25/Mar/2013:01:20:11 +0000] "GET /images/lookbook/thumbs/2.jpg HTTP/1.1" 200 636 "http://madamems.com.br/blog/?cat=3" "Mozilla/5.0 (Windows NT 6.1; WOW64) AppleWebKit/537.22 (KHTML, like Gecko) Chrome/25.0.1364.172 Safari/537.22"
177.187.129.227 - - [25/Mar/2013:01:20:11 +0000] "GET /favicon.ico HTTP/1.1" 404 2180 "-" "Mozilla/5.0 (Windows NT 6.1; WOW64) AppleWebKit/537.22 (KHTML, like Gecko) Chrome/25.0.1364.172 Safari/537.22"
177.187.129.227 - - [25/Mar/2013:01:20:12 +0000] "GET /favicon.ico HTTP/1.1" 404 2180 "-" "Mozilla/5.0 (Windows NT 6.1; WOW64) AppleWebKit/537.22 (KHTML, like Gecko) Chrome/25.0.1364.172 Safari/537.22"
201.37.223.20 - - [25/Mar/2013:01:20:22 +0000] "GET /favicon.ico HTTP/1.1" 404 2177 "-" "Mozilla/5.0 (Windows NT 6.0) AppleWebKit/537.22 (KHTML, like Gecko) Chrome/25.0.1364.172 Safari/537.22"
177.187.129.227 - - [25/Mar/2013:01:20:26 +0000] "GET /favicon.ico HTTP/1.1" 404 2180 "-" "Mozilla/5.0 (Windows NT 6.1; WOW64) AppleWebKit/537.22 (KHTML, like Gecko) Chrome/25.0.1364.172 Safari/537.22"
177.187.129.227 - - [25/Mar/2013:01:20:28 +0000] "GET /images/lookbook/thumbs/32.jpg HTTP/1.1" 200 637 "http://madamems.com.br/blog/?cat=3" "Mozilla/5.0 (Windows NT 6.1; WOW64) AppleWebKit/537.22 (KHTML, like Gecko) Chrome/25.0.1364.172 Safari/537.22"
177.187.129.227 - - [25/Mar/2013:01:20:28 +0000] "GET /blog/tag/na%20moda HTTP/1.1" 200 2516 "http://madamems.com.br/blog/?cat=3" "Mozilla/5.0 (Windows NT 6.1; WOW64) AppleWebKit/537.22 (KHTML, like Gecko) Chrome/25.0.1364.172 Safari/537.22"
177.187.129.227 - - [25/Mar/2013:01:20:29 +0000] "GET /favicon.ico HTTP/1.1" 404 2180 "-" "Mozilla/5.0 (Windows NT 6.1; WOW64) AppleWebKit/537.22 (KHTML, like Gecko) Chrome/25.0.1364.172 Safari/537.22"
177.187.129.227 - - [25/Mar/2013:01:21:10 +0000] "GET /images/lookbook/thumbs/29.jpg HTTP/1.1" 200 67578 "http://madamems.com.br/blog/?cat=3" "Mozilla/5.0 (Windows NT 6.1; WOW64) AppleWebKit/537.22 (KHTML, like Gecko) Chrome/25.0.1364.172 Safari/537.22"
177.187.129.227 - - [25/Mar/2013:01:21:21 +0000] "GET /favicon.ico HTTP/1.1" 404 2180 "-" "Mozilla/5.0 (Windows NT 6.1; WOW64) AppleWebKit/537.22 (KHTML, like Gecko) Chrome/25.0.1364.172 Safari/537.22"
177.187.129.227 - - [25/Mar/2013:01:21:30 +0000] "GET /images/lookbook/thumbs/17.jpg HTTP/1.1" 206 1035 "http://madamems.com.br/blog/?cat=3" "Mozilla/5.0 (Windows NT 6.1; WOW64) AppleWebKit/537.22 (KHTML, like Gecko) Chrome/25.0.1364.172 Safari/537.22"
177.187.129.227 - - [25/Mar/2013:01:21:45 +0000] "GET /images/lookbook/thumbs/17.jpg HTTP/1.1" 206 57661 "http://madamems.com.br/blog/?cat=3" "Mozilla/5.0 (Windows NT 6.1; WOW64) AppleWebKit/537.22 (KHTML, like Gecko) Chrome/25.0.1364.172 Safari/537.22"
177.187.129.227 - - [25/Mar/2013:01:22:25 +0000] "GET /images/lookbook/thumbs/4.jpg HTTP/1.1" 200 80491 "http://madamems.com.br/blog/?cat=3" "Mozilla/5.0 (Windows NT 6.1; WOW64) AppleWebKit/537.22 (KHTML, like Gecko) Chrome/25.0.1364.172 Safari/537.22"
189.54.218.55 - - [25/Mar/2013:01:22:35 +0000] "GET / HTTP/1.1" 200 1440 "http://www.scvilaolimpia.com.br/index.php?option=com_loja&view=loja&Itemid=4&atividade=4-69&pag=1" "Mozilla/5.0 (Windows NT 6.1) AppleWebKit/537.22 (KHTML, like Gecko) Chrome/25.0.1364.172 Safari/537.22"
189.54.218.55 - - [25/Mar/2013:01:22:36 +0000] "GET /js/login.js HTTP/1.1" 200 2704 "http://mgstudio.com.br/madamems/inverno13/" "Mozilla/5.0 (Windows NT 6.1) AppleWebKit/537.22 (KHTML, like Gecko) Chrome/25.0.1364.172 Safari/537.22"
189.54.218.55 - - [25/Mar/2013:01:22:44 +0000] "GET /favicon.ico HTTP/1.1" 404 2177 "-" "Mozilla/5.0 (Windows NT 6.1) AppleWebKit/537.22 (KHTML, like Gecko) Chrome/25.0.1364.172 Safari/537.22"
189.54.218.55 - - [25/Mar/2013:01:23:11 +0000] "GET /favicon.ico HTTP/1.1" 404 2177 "-" "Mozilla/5.0 (Windows NT 6.1) AppleWebKit/537.22 (KHTML, like Gecko) Chrome/25.0.1364.172 Safari/537.22"
177.187.129.227 - - [25/Mar/2013:01:24:41 +0000] "GET /images/lookbook/thumbs/5.jpg HTTP/1.1" 200 86116 "http://madamems.com.br/blog/?cat=3" "Mozilla/5.0 (Windows NT 6.1; WOW64) AppleWebKit/537.22 (KHTML, like Gecko) Chrome/25.0.1364.172 Safari/537.22"
177.187.129.227 - - [25/Mar/2013:01:25:03 +0000] "GET /favicon.ico HTTP/1.1" 404 2184 "-" "Mozilla/5.0 (Windows NT 6.1; WOW64) AppleWebKit/537.22 (KHTML, like Gecko) Chrome/25.0.1364.172 Safari/537.22"
189.54.218.55 - - [25/Mar/2013:01:25:24 +0000] "GET /favicon.ico HTTP/1.1" 404 2177 "-" "Mozilla/5.0 (Windows NT 6.1) AppleWebKit/537.22 (KHTML, like Gecko) Chrome/25.0.1364.172 Safari/537.22"
189.54.218.55 - - [25/Mar/2013:01:25:24 +0000] "GET /favicon.ico HTTP/1.1" 404 2177 "-" "Mozilla/5.0 (Windows NT 6.1) AppleWebKit/537.22 (KHTML, like Gecko) Chrome/25.0.1364.172 Safari/537.22"
189.54.218.55 - - [25/Mar/2013:01:25:24 +0000] "GET /favicon.ico HTTP/1.1" 404 2177 "-" "Mozilla/5.0 (Windows NT 6.1) AppleWebKit/537.22 (KHTML, like Gecko) Chrome/25.0.1364.172 Safari/537.22"
189.54.218.55 - - [25/Mar/2013:01:25:25 +0000] "GET /favicon.ico HTTP/1.1" 404 2177 "-" "Mozilla/5.0 (Windows NT 6.1) AppleWebKit/537.22 (KHTML, like Gecko) Chrome/25.0.1364.172 Safari/537.22"
189.54.218.55 - - [25/Mar/2013:01:25:25 +0000] "GET /favicon.ico HTTP/1.1" 404 2177 "-" "Mozilla/5.0 (Windows NT 6.1) AppleWebKit/537.22 (KHTML, like Gecko) Chrome/25.0.1364.172 Safari/537.22"
189.54.218.55 - - [25/Mar/2013:01:25:36 +0000] "GET /favicon.ico HTTP/1.1" 404 2177 "-" "Mozilla/5.0 (Windows NT 6.1) AppleWebKit/537.22 (KHTML, like Gecko) Chrome/25.0.1364.172 Safari/537.22"
177.187.129.227 - - [25/Mar/2013:01:25:36 +0000] "GET /images/lookbook/thumbs/22.jpg HTTP/1.1" 200 82157 "http://madamems.com.br/blog/?cat=3" "Mozilla/5.0 (Windows NT 6.1; WOW64) AppleWebKit/537.22 (KHTML, like Gecko) Chrome/25.0.1364.172 Safari/537.22"
189.54.218.55 - - [25/Mar/2013:01:25:44 +0000] "GET /favicon.ico HTTP/1.1" 404 2177 "-" "Mozilla/5.0 (Windows NT 6.1) AppleWebKit/537.22 (KHTML, like Gecko) Chrome/25.0.1364.172 Safari/537.22"
189.54.218.55 - - [25/Mar/2013:01:25:44 +0000] "GET /favicon.ico HTTP/1.1" 404 2177 "-" "Mozilla/5.0 (Windows NT 6.1) AppleWebKit/537.22 (KHTML, like Gecko) Chrome/25.0.1364.172 Safari/537.22"
189.54.218.55 - - [25/Mar/2013:01:25:45 +0000] "GET /favicon.ico HTTP/1.1" 404 2177 "-" "Mozilla/5.0 (Windows NT 6.1) AppleWebKit/537.22 (KHTML, like Gecko) Chrome/25.0.1364.172 Safari/537.22"
189.54.218.55 - - [25/Mar/2013:01:25:45 +0000] "GET /favicon.ico HTTP/1.1" 404 2177 "-" "Mozilla/5.0 (Windows NT 6.1) AppleWebKit/537.22 (KHTML, like Gecko) Chrome/25.0.1364.172 Safari/537.22"
189.54.218.55 - - [25/Mar/2013:01:25:46 +0000] "GET /favicon.ico HTTP/1.1" 404 2177 "-" "Mozilla/5.0 (Windows NT 6.1) AppleWebKit/537.22 (KHTML, like Gecko) Chrome/25.0.1364.172 Safari/537.22"
189.54.218.55 - - [25/Mar/2013:01:25:49 +0000] "GET /favicon.ico HTTP/1.1" 404 2177 "-" "Mozilla/5.0 (Windows NT 6.1) AppleWebKit/537.22 (KHTML, like Gecko) Chrome/25.0.1364.172 Safari/537.22"
189.54.218.55 - - [25/Mar/2013:01:25:51 +0000] "GET /favicon.ico HTTP/1.1" 404 2177 "-" "Mozilla/5.0 (Windows NT 6.1) AppleWebKit/537.22 (KHTML, like Gecko) Chrome/25.0.1364.172 Safari/537.22"
189.54.218.55 - - [25/Mar/2013:01:25:51 +0000] "GET /favicon.ico HTTP/1.1" 404 2177 "-" "Mozilla/5.0 (Windows NT 6.1) AppleWebKit/537.22 (KHTML, like Gecko) Chrome/25.0.1364.172 Safari/537.22"
189.54.218.55 - - [25/Mar/2013:01:25:51 +0000] "GET /favicon.ico HTTP/1.1" 404 2177 "-" "Mozilla/5.0 (Windows NT 6.1) AppleWebKit/537.22 (KHTML, like Gecko) Chrome/25.0.1364.172 Safari/537.22"
189.54.218.55 - - [25/Mar/2013:01:25:53 +0000] "GET /favicon.ico HTTP/1.1" 404 2177 "-" "Mozilla/5.0 (Windows NT 6.1) AppleWebKit/537.22 (KHTML, like Gecko) Chrome/25.0.1364.172 Safari/537.22"
189.54.218.55 - - [25/Mar/2013:01:25:53 +0000] "GET /favicon.ico HTTP/1.1" 404 2177 "-" "Mozilla/5.0 (Windows NT 6.1) AppleWebKit/537.22 (KHTML, like Gecko) Chrome/25.0.1364.172 Safari/537.22"
189.54.218.55 - - [25/Mar/2013:01:25:58 +0000] "GET /favicon.ico HTTP/1.1" 404 2177 "-" "Mozilla/5.0 (Windows NT 6.1) AppleWebKit/537.22 (KHTML, like Gecko) Chrome/25.0.1364.172 Safari/537.22"
189.54.218.55 - - [25/Mar/2013:01:26:38 +0000] "GET /favicon.ico HTTP/1.1" 404 2177 "-" "Mozilla/5.0 (Windows NT 6.1) AppleWebKit/537.22 (KHTML, like Gecko) Chrome/25.0.1364.172 Safari/537.22"
189.54.218.55 - - [25/Mar/2013:01:26:38 +0000] "GET /favicon.ico HTTP/1.1" 404 2177 "-" "Mozilla/5.0 (Windows NT 6.1) AppleWebKit/537.22 (KHTML, like Gecko) Chrome/25.0.1364.172 Safari/537.22"
189.54.218.55 - - [25/Mar/2013:01:26:38 +0000] "GET /favicon.ico HTTP/1.1" 404 2177 "-" "Mozilla/5.0 (Windows NT 6.1) AppleWebKit/537.22 (KHTML, like Gecko) Chrome/25.0.1364.172 Safari/537.22"
189.54.218.55 - - [25/Mar/2013:01:26:39 +0000] "GET /favicon.ico HTTP/1.1" 404 2177 "-" "Mozilla/5.0 (Windows NT 6.1) AppleWebKit/537.22 (KHTML, like Gecko) Chrome/25.0.1364.172 Safari/537.22"
189.54.218.55 - - [25/Mar/2013:01:26:39 +0000] "GET /favicon.ico HTTP/1.1" 404 2177 "-" "Mozilla/5.0 (Windows NT 6.1) AppleWebKit/537.22 (KHTML, like Gecko) Chrome/25.0.1364.172 Safari/537.22"
177.187.129.227 - - [25/Mar/2013:01:26:39 +0000] "GET /images/lookbook/thumbs/24.jpg HTTP/1.1" 200 103743 "http://madamems.com.br/blog/?cat=3" "Mozilla/5.0 (Windows NT 6.1; WOW64) AppleWebKit/537.22 (KHTML, like Gecko) Chrome/25.0.1364.172 Safari/537.22"
189.54.218.55 - - [25/Mar/2013:01:26:45 +0000] "GET /favicon.ico HTTP/1.1" 404 2177 "-" "Mozilla/5.0 (Windows NT 6.1) AppleWebKit/537.22 (KHTML, like Gecko) Chrome/25.0.1364.172 Safari/537.22"
189.54.218.55 - - [25/Mar/2013:01:26:58 +0000] "GET /favicon.ico HTTP/1.1" 404 2177 "-" "Mozilla/5.0 (Windows NT 6.1) AppleWebKit/537.22 (KHTML, like Gecko) Chrome/25.0.1364.172 Safari/537.22"
189.54.218.55 - - [25/Mar/2013:01:26:58 +0000] "GET /favicon.ico HTTP/1.1" 404 2177 "-" "Mozilla/5.0 (Windows NT 6.1) AppleWebKit/537.22 (KHTML, like Gecko) Chrome/25.0.1364.172 Safari/537.22"
189.54.218.55 - - [25/Mar/2013:01:26:58 +0000] "GET /favicon.ico HTTP/1.1" 404 2177 "-" "Mozilla/5.0 (Windows NT 6.1) AppleWebKit/537.22 (KHTML, like Gecko) Chrome/25.0.1364.172 Safari/537.22"
189.54.218.55 - - [25/Mar/2013:01:26:59 +0000] "GET /favicon.ico HTTP/1.1" 404 2177 "-" "Mozilla/5.0 (Windows NT 6.1) AppleWebKit/537.22 (KHTML, like Gecko) Chrome/25.0.1364.172 Safari/537.22"
177.43.3.94 - - [25/Mar/2013:01:27:18 +0000] "GET / HTTP/1.1" 200 990 "-" "Mozilla/5.0 (compatible; MSIE 10.0; Windows Phone 8.0; Trident/6.0; IEMobile/10.0; ARM; Touch; NOKIA; Lumia 620)"
177.187.129.227 - - [25/Mar/2013:01:28:25 +0000] "GET /images/lookbook/thumbs/21.jpg HTTP/1.1" 206 1033 "http://madamems.com.br/blog/?cat=3" "Mozilla/5.0 (Windows NT 6.1; WOW64) AppleWebKit/537.22 (KHTML, like Gecko) Chrome/25.0.1364.172 Safari/537.22"
177.187.129.227 - - [25/Mar/2013:01:28:25 +0000] "GET /images/lookbook/thumbs/21.jpg HTTP/1.1" 206 1704 "http://madamems.com.br/blog/?cat=3" "Mozilla/5.0 (Windows NT 6.1; WOW64) AppleWebKit/537.22 (KHTML, like Gecko) Chrome/25.0.1364.172 Safari/537.22"
201.37.223.20 - - [25/Mar/2013:01:28:38 +0000] "GET /sobre.htm HTTP/1.1" 200 26672 "http://www.google.com.br/search?q=moda+da+loja+madadme+MS&rlz=1C1GPCK_enBR351&aq=f&oq=moda+da+loja+madadme+MS&sourceid=chrome&ie=UTF-8" "Mozilla/5.0 (Windows NT 6.0) AppleWebKit/537.22 (KHTML, like Gecko) Chrome/25.0.1364.172 Safari/537.22"
201.37.223.20 - - [25/Mar/2013:01:28:38 +0000] "GET /css/scrollbar.css HTTP/1.1" 200 4367 "http://www.madamems.com.br/sobre.htm" "Mozilla/5.0 (Windows NT 6.0) AppleWebKit/537.22 (KHTML, like Gecko) Chrome/25.0.1364.172 Safari/537.22"
201.37.223.20 - - [25/Mar/2013:01:28:38 +0000] "GET /css/bgstretcher.css HTTP/1.1" 200 1599 "http://www.madamems.com.br/sobre.htm" "Mozilla/5.0 (Windows NT 6.0) AppleWebKit/537.22 (KHTML, like Gecko) Chrome/25.0.1364.172 Safari/537.22"
201.37.223.20 - - [25/Mar/2013:01:28:38 +0000] "GET /js/jquery.tinyscrollbar.min.js HTTP/1.1" 200 3822 "http://www.madamems.com.br/sobre.htm" "Mozilla/5.0 (Windows NT 6.0) AppleWebKit/537.22 (KHTML, like Gecko) Chrome/25.0.1364.172 Safari/537.22"
201.37.223.20 - - [25/Mar/2013:01:28:38 +0000] "GET /js/bgstretcher.js HTTP/1.1" 200 4860 "http://www.madamems.com.br/sobre.htm" "Mozilla/5.0 (Windows NT 6.0) AppleWebKit/537.22 (KHTML, like Gecko) Chrome/25.0.1364.172 Safari/537.22"
201.37.223.20 - - [25/Mar/2013:01:28:39 +0000] "GET /js/jquery-1.4.2.min.js HTTP/1.1" 200 73424 "http://www.madamems.com.br/sobre.htm" "Mozilla/5.0 (Windows NT 6.0) AppleWebKit/537.22 (KHTML, like Gecko) Chrome/25.0.1364.172 Safari/537.22"
201.37.223.20 - - [25/Mar/2013:01:28:39 +0000] "GET /images/bg-scrollbar-trackend-y.png HTTP/1.1" 404 2636 "http://www.madamems.com.br/sobre.htm" "Mozilla/5.0 (Windows NT 6.0) AppleWebKit/537.22 (KHTML, like Gecko) Chrome/25.0.1364.172 Safari/537.22"
201.37.223.20 - - [25/Mar/2013:01:28:39 +0000] "GET /images/bg-scrollbar-track-y.png HTTP/1.1" 200 2085 "http://www.madamems.com.br/sobre.htm" "Mozilla/5.0 (Windows NT 6.0) AppleWebKit/537.22 (KHTML, like Gecko) Chrome/25.0.1364.172 Safari/537.22"
201.37.223.20 - - [25/Mar/2013:01:28:39 +0000] "GET /images/bg-scrollbar-thumb-y.png HTTP/1.1" 200 2202 "http://www.madamems.com.br/sobre.htm" "Mozilla/5.0 (Windows NT 6.0) AppleWebKit/537.22 (KHTML, like Gecko) Chrome/25.0.1364.172 Safari/537.22"
201.37.223.20 - - [25/Mar/2013:01:28:40 +0000] "GET /images/loja2.jpg HTTP/1.1" 200 172624 "http://www.madamems.com.br/sobre.htm" "Mozilla/5.0 (Windows NT 6.0) AppleWebKit/537.22 (KHTML, like Gecko) Chrome/25.0.1364.172 Safari/537.22"
201.37.223.20 - - [25/Mar/2013:01:28:43 +0000] "GET /favicon.ico HTTP/1.1" 404 2177 "-" "Mozilla/5.0 (Windows NT 6.0) AppleWebKit/537.22 (KHTML, like Gecko) Chrome/25.0.1364.172 Safari/537.22"
177.187.129.227 - - [25/Mar/2013:01:29:00 +0000] "GET /images/lookbook/thumbs/15.jpg HTTP/1.1" 200 77896 "http://madamems.com.br/blog/?cat=3" "Mozilla/5.0 (Windows NT 6.1; WOW64) AppleWebKit/537.22 (KHTML, like Gecko) Chrome/25.0.1364.172 Safari/537.22"
177.187.129.227 - - [25/Mar/2013:01:29:17 +0000] "GET /lookbook-2013.htm HTTP/1.1" 200 33061 "http://www.madamems.com.br/lookbook.htm" "Mozilla/5.0 (Windows NT 6.1; WOW64) AppleWebKit/537.22 (KHTML, like Gecko) Chrome/25.0.1364.172 Safari/537.22"
177.187.129.227 - - [25/Mar/2013:01:29:21 +0000] "GET /favicon.ico HTTP/1.1" 404 2184 "-" "Mozilla/5.0 (Windows NT 6.1; WOW64) AppleWebKit/537.22 (KHTML, like Gecko) Chrome/25.0.1364.172 Safari/537.22"
177.187.129.227 - - [25/Mar/2013:01:29:23 +0000] "GET /favicon.ico HTTP/1.1" 404 2180 "-" "Mozilla/5.0 (Windows NT 6.1; WOW64) AppleWebKit/537.22 (KHTML, like Gecko) Chrome/25.0.1364.172 Safari/537.22"
177.187.129.227 - - [25/Mar/2013:01:29:28 +0000] "GET /images/lookbook/thumbs/10.jpg HTTP/1.1" 200 97912 "http://madamems.com.br/blog/?cat=3" "Mozilla/5.0 (Windows NT 6.1; WOW64) AppleWebKit/537.22 (KHTML, like Gecko) Chrome/25.0.1364.172 Safari/537.22"
177.187.129.227 - - [25/Mar/2013:01:29:55 +0000] "GET /images/lookbook/thumbs/27.jpg HTTP/1.1" 200 65726 "http://madamems.com.br/blog/?cat=3" "Mozilla/5.0 (Windows NT 6.1; WOW64) AppleWebKit/537.22 (KHTML, like Gecko) Chrome/25.0.1364.172 Safari/537.22"
201.37.223.20 - - [25/Mar/2013:01:30:14 +0000] "GET /images/bg-scrollbar-trackend-y.png HTTP/1.1" 404 2636 "http://www.madamems.com.br/sobre.htm" "Mozilla/5.0 (Windows NT 6.0) AppleWebKit/537.22 (KHTML, like Gecko) Chrome/25.0.1364.172 Safari/537.22"
201.37.223.20 - - [25/Mar/2013:01:30:16 +0000] "GET /favicon.ico HTTP/1.1" 404 2177 "-" "Mozilla/5.0 (Windows NT 6.0) AppleWebKit/537.22 (KHTML, like Gecko) Chrome/25.0.1364.172 Safari/537.22"
177.187.129.227 - - [25/Mar/2013:01:30:18 +0000] "GET /index.htm HTTP/1.1" 404 2508 "http://madamems.com.br/lookbook.htm" "Mozilla/5.0 (Windows NT 6.1; WOW64) AppleWebKit/537.22 (KHTML, like Gecko) Chrome/25.0.1364.172 Safari/537.22"
177.187.129.227 - - [25/Mar/2013:01:30:19 +0000] "GET /favicon.ico HTTP/1.1" 404 2180 "-" "Mozilla/5.0 (Windows NT 6.1; WOW64) AppleWebKit/537.22 (KHTML, like Gecko) Chrome/25.0.1364.172 Safari/537.22"
177.187.129.227 - - [25/Mar/2013:01:30:23 +0000] "GET /images/lookbook/thumbs/26.jpg HTTP/1.1" 200 87029 "http://madamems.com.br/blog/?cat=3" "Mozilla/5.0 (Windows NT 6.1; WOW64) AppleWebKit/537.22 (KHTML, like Gecko) Chrome/25.0.1364.172 Safari/537.22"
201.37.223.20 - - [25/Mar/2013:01:30:30 +0000] "GET /favicon.ico HTTP/1.1" 404 2177 "-" "Mozilla/5.0 (Windows NT 6.0) AppleWebKit/537.22 (KHTML, like Gecko) Chrome/25.0.1364.172 Safari/537.22"
201.37.223.20 - - [25/Mar/2013:01:30:50 +0000] "GET /lookbook-2013.htm HTTP/1.1" 200 33054 "http://www.madamems.com.br/lookbook.htm" "Mozilla/5.0 (Windows NT 6.0) AppleWebKit/537.22 (KHTML, like Gecko) Chrome/25.0.1364.172 Safari/537.22"
201.37.223.20 - - [25/Mar/2013:01:30:50 +0000] "GET /favicon.ico HTTP/1.1" 404 2177 "-" "Mozilla/5.0 (Windows NT 6.0) AppleWebKit/537.22 (KHTML, like Gecko) Chrome/25.0.1364.172 Safari/537.22"
201.37.223.20 - - [25/Mar/2013:01:30:50 +0000] "GET /images/lookbook/thumbs/14-003.jpg HTTP/1.1" 200 86298 "http://www.madamems.com.br/lookbook-2013.htm" "Mozilla/5.0 (Windows NT 6.0) AppleWebKit/537.22 (KHTML, like Gecko) Chrome/25.0.1364.172 Safari/537.22"
201.37.223.20 - - [25/Mar/2013:01:30:52 +0000] "GET /images/lookbook/thumbs/36-017.jpg HTTP/1.1" 200 81839 "http://www.madamems.com.br/lookbook-2013.htm" "Mozilla/5.0 (Windows NT 6.0) AppleWebKit/537.22 (KHTML, like Gecko) Chrome/25.0.1364.172 Safari/537.22"
201.37.223.20 - - [25/Mar/2013:01:30:55 +0000] "GET /images/lookbook/thumbs/04-006.jpg HTTP/1.1" 200 87403 "http://www.madamems.com.br/lookbook-2013.htm" "Mozilla/5.0 (Windows NT 6.0) AppleWebKit/537.22 (KHTML, like Gecko) Chrome/25.0.1364.172 Safari/537.22"
201.37.223.20 - - [25/Mar/2013:01:30:56 +0000] "GET /images/lookbook/thumbs/33-002.jpg HTTP/1.1" 200 98089 "http://www.madamems.com.br/lookbook-2013.htm" "Mozilla/5.0 (Windows NT 6.0) AppleWebKit/537.22 (KHTML, like Gecko) Chrome/25.0.1364.172 Safari/537.22"
201.37.223.20 - - [25/Mar/2013:01:30:56 +0000] "GET /images/lookbook/thumbs/37-004.jpg HTTP/1.1" 200 91117 "http://www.madamems.com.br/lookbook-2013.htm" "Mozilla/5.0 (Windows NT 6.0) AppleWebKit/537.22 (KHTML, like Gecko) Chrome/25.0.1364.172 Safari/537.22"
201.37.223.20 - - [25/Mar/2013:01:30:56 +0000] "GET /images/lookbook/thumbs/19-011.jpg HTTP/1.1" 200 81758 "http://www.madamems.com.br/lookbook-2013.htm" "Mozilla/5.0 (Windows NT 6.0) AppleWebKit/537.22 (KHTML, like Gecko) Chrome/25.0.1364.172 Safari/537.22"
201.37.223.20 - - [25/Mar/2013:01:30:56 +0000] "GET /images/lookbook/thumbs/12-011.jpg HTTP/1.1" 200 72648 "http://www.madamems.com.br/lookbook-2013.htm" "Mozilla/5.0 (Windows NT 6.0) AppleWebKit/537.22 (KHTML, like Gecko) Chrome/25.0.1364.172 Safari/537.22"
201.37.223.20 - - [25/Mar/2013:01:30:57 +0000] "GET /images/lookbook/thumbs/05-001.jpg HTTP/1.1" 200 92440 "http://www.madamems.com.br/lookbook-2013.htm" "Mozilla/5.0 (Windows NT 6.0) AppleWebKit/537.22 (KHTML, like Gecko) Chrome/25.0.1364.172 Safari/537.22"
201.37.223.20 - - [25/Mar/2013:01:30:57 +0000] "GET /images/lookbook/thumbs/35-011.jpg HTTP/1.1" 200 80013 "http://www.madamems.com.br/lookbook-2013.htm" "Mozilla/5.0 (Windows NT 6.0) AppleWebKit/537.22 (KHTML, like Gecko) Chrome/25.0.1364.172 Safari/537.22"
201.37.223.20 - - [25/Mar/2013:01:30:58 +0000] "GET /images/lookbook/thumbs/21-001.jpg HTTP/1.1" 200 89091 "http://www.madamems.com.br/lookbook-2013.htm" "Mozilla/5.0 (Windows NT 6.0) AppleWebKit/537.22 (KHTML, like Gecko) Chrome/25.0.1364.172 Safari/537.22"
201.37.223.20 - - [25/Mar/2013:01:30:58 +0000] "GET /images/lookbook/thumbs/22-023.jpg HTTP/1.1" 200 84711 "http://www.madamems.com.br/lookbook-2013.htm" "Mozilla/5.0 (Windows NT 6.0) AppleWebKit/537.22 (KHTML, like Gecko) Chrome/25.0.1364.172 Safari/537.22"
201.37.223.20 - - [25/Mar/2013:01:30:59 +0000] "GET /images/lookbook/thumbs/20-021.jpg HTTP/1.1" 200 814 "http://www.madamems.com.br/lookbook-2013.htm" "Mozilla/5.0 (Windows NT 6.0) AppleWebKit/537.22 (KHTML, like Gecko) Chrome/25.0.1364.172 Safari/537.22"
201.37.223.20 - - [25/Mar/2013:01:30:59 +0000] "GET /images/lookbook/thumbs/31-003.jpg HTTP/1.1" 200 814 "http://www.madamems.com.br/lookbook-2013.htm" "Mozilla/5.0 (Windows NT 6.0) AppleWebKit/537.22 (KHTML, like Gecko) Chrome/25.0.1364.172 Safari/537.22"
201.37.223.20 - - [25/Mar/2013:01:30:59 +0000] "GET /images/lookbook/thumbs/38-006.jpg HTTP/1.1" 200 85548 "http://www.madamems.com.br/lookbook-2013.htm" "Mozilla/5.0 (Windows NT 6.0) AppleWebKit/537.22 (KHTML, like Gecko) Chrome/25.0.1364.172 Safari/537.22"
201.37.223.20 - - [25/Mar/2013:01:30:59 +0000] "GET /images/lookbook/thumbs/17-023.jpg HTTP/1.1" 200 814 "http://www.madamems.com.br/lookbook-2013.htm" "Mozilla/5.0 (Windows NT 6.0) AppleWebKit/537.22 (KHTML, like Gecko) Chrome/25.0.1364.172 Safari/537.22"
201.37.223.20 - - [25/Mar/2013:01:30:59 +0000] "GET /images/lookbook/thumbs/18-002.jpg HTTP/1.1" 200 814 "http://www.madamems.com.br/lookbook-2013.htm" "Mozilla/5.0 (Windows NT 6.0) AppleWebKit/537.22 (KHTML, like Gecko) Chrome/25.0.1364.172 Safari/537.22"
201.37.223.20 - - [25/Mar/2013:01:30:59 +0000] "GET /favicon.ico HTTP/1.1" 404 2177 "-" "Mozilla/5.0 (Windows NT 6.0) AppleWebKit/537.22 (KHTML, like Gecko) Chrome/25.0.1364.172 Safari/537.22"
201.37.223.20 - - [25/Mar/2013:01:30:59 +0000] "GET /images/campanha/9.jpg HTTP/1.1" 206 1200 "http://www.madamems.com.br/ver-campanha.htm" "Mozilla/5.0 (Windows NT 6.0) AppleWebKit/537.22 (KHTML, like Gecko) Chrome/25.0.1364.172 Safari/537.22"
201.37.223.20 - - [25/Mar/2013:01:30:59 +0000] "GET /images/lookbook/thumbs/11-018.jpg HTTP/1.1" 200 814 "http://www.madamems.com.br/lookbook-2013.htm" "Mozilla/5.0 (Windows NT 6.0) AppleWebKit/537.22 (KHTML, like Gecko) Chrome/25.0.1364.172 Safari/537.22"
201.37.223.20 - - [25/Mar/2013:01:30:59 +0000] "GET /images/campanha/10.jpg HTTP/1.1" 206 1203 "http://www.madamems.com.br/ver-campanha.htm" "Mozilla/5.0 (Windows NT 6.0) AppleWebKit/537.22 (KHTML, like Gecko) Chrome/25.0.1364.172 Safari/537.22"
201.37.223.20 - - [25/Mar/2013:01:31:00 +0000] "GET /favicon.ico HTTP/1.1" 404 2177 "-" "Mozilla/5.0 (Windows NT 6.0) AppleWebKit/537.22 (KHTML, like Gecko) Chrome/25.0.1364.172 Safari/537.22"
201.37.223.20 - - [25/Mar/2013:01:31:00 +0000] "GET /images/campanha/9.jpg HTTP/1.1" 206 861 "http://www.madamems.com.br/ver-campanha.htm" "Mozilla/5.0 (Windows NT 6.0) AppleWebKit/537.22 (KHTML, like Gecko) Chrome/25.0.1364.172 Safari/537.22"
201.37.223.20 - - [25/Mar/2013:01:31:00 +0000] "GET /images/campanha/10.jpg HTTP/1.1" 206 863 "http://www.madamems.com.br/ver-campanha.htm" "Mozilla/5.0 (Windows NT 6.0) AppleWebKit/537.22 (KHTML, like Gecko) Chrome/25.0.1364.172 Safari/537.22"
201.37.223.20 - - [25/Mar/2013:01:31:00 +0000] "GET /campanha.htm HTTP/1.1" 200 27703 "http://www.madamems.com.br/ver-campanha.htm" "Mozilla/5.0 (Windows NT 6.0) AppleWebKit/537.22 (KHTML, like Gecko) Chrome/25.0.1364.172 Safari/537.22"
201.37.223.20 - - [25/Mar/2013:01:31:00 +0000] "GET /images/bg-scrollbar-trackend-y.png HTTP/1.1" 404 2640 "http://www.madamems.com.br/campanha.htm" "Mozilla/5.0 (Windows NT 6.0) AppleWebKit/537.22 (KHTML, like Gecko) Chrome/25.0.1364.172 Safari/537.22"
198.105.219.54 - - [25/Mar/2013:01:31:05 +0000] "HEAD / HTTP/1.1" 200 439 "-" "checks.panopta.com"
201.37.223.20 - - [25/Mar/2013:01:31:10 +0000] "GET /images/campanha.jpg HTTP/1.1" 200 974196 "http://www.madamems.com.br/campanha.htm" "Mozilla/5.0 (Windows NT 6.0) AppleWebKit/537.22 (KHTML, like Gecko) Chrome/25.0.1364.172 Safari/537.22"
201.37.223.20 - - [25/Mar/2013:01:31:10 +0000] "GET /favicon.ico HTTP/1.1" 404 2177 "-" "Mozilla/5.0 (Windows NT 6.0) AppleWebKit/537.22 (KHTML, like Gecko) Chrome/25.0.1364.172 Safari/537.22"
201.37.223.20 - - [25/Mar/2013:01:31:18 +0000] "GET /blog HTTP/1.1" 200 1064 "http://www.madamems.com.br/campanha.htm" "Mozilla/5.0 (Windows NT 6.0) AppleWebKit/537.22 (KHTML, like Gecko) Chrome/25.0.1364.172 Safari/537.22"
